Archive member included to satisfy reference by file (symbol)

/home/jason/libreboot-repo/libreboot_x200/coreboot-4.13/util/crossgcc/xgcc/lib/gcc/i386-elf/8.3.0/libgcc.a(_divdi3.o)
                              build/postcar/lib/gcc.o (__divdi3)
/home/jason/libreboot-repo/libreboot_x200/coreboot-4.13/util/crossgcc/xgcc/lib/gcc/i386-elf/8.3.0/libgcc.a(_moddi3.o)
                              build/postcar/lib/gcc.o (__moddi3)
/home/jason/libreboot-repo/libreboot_x200/coreboot-4.13/util/crossgcc/xgcc/lib/gcc/i386-elf/8.3.0/libgcc.a(_udivdi3.o)
                              build/postcar/lib/gcc.o (__udivdi3)
/home/jason/libreboot-repo/libreboot_x200/coreboot-4.13/util/crossgcc/xgcc/lib/gcc/i386-elf/8.3.0/libgcc.a(_umoddi3.o)
                              build/postcar/lib/gcc.o (__umoddi3)
/home/jason/libreboot-repo/libreboot_x200/coreboot-4.13/util/crossgcc/xgcc/lib/gcc/i386-elf/8.3.0/libgcc.a(_udivmoddi4.o)
                              build/postcar/console/vtxprintf.o (__udivmoddi4)

Discarded input sections

 .text          0x0000000000000000        0x0 build/postcar/mainboard/lenovo/x200/static.o
 .data          0x0000000000000000        0x0 build/postcar/mainboard/lenovo/x200/static.o
 .bss           0x0000000000000000        0x0 build/postcar/mainboard/lenovo/x200/static.o
 .rodata.__pnp_164e_19
                0x0000000000000000        0x4 build/postcar/mainboard/lenovo/x200/static.o
 .rodata.__pnp_164e_07
                0x0000000000000000        0x4 build/postcar/mainboard/lenovo/x200/static.o
 .rodata.__pnp_164e_02
                0x0000000000000000        0x4 build/postcar/mainboard/lenovo/x200/static.o
 .rodata.__pnp_164e_03
                0x0000000000000000        0x4 build/postcar/mainboard/lenovo/x200/static.o
 .rodata.__pnp_00ff_02
                0x0000000000000000        0x4 build/postcar/mainboard/lenovo/x200/static.o
 .rodata.__pnp_00ff_01
                0x0000000000000000        0x4 build/postcar/mainboard/lenovo/x200/static.o
 .rodata.__pci_0_1f_6
                0x0000000000000000        0x4 build/postcar/mainboard/lenovo/x200/static.o
 .rodata.__pci_0_1f_5
                0x0000000000000000        0x4 build/postcar/mainboard/lenovo/x200/static.o
 .rodata.__pci_0_1f_3
                0x0000000000000000        0x4 build/postcar/mainboard/lenovo/x200/static.o
 .rodata.__pci_0_1f_2
                0x0000000000000000        0x4 build/postcar/mainboard/lenovo/x200/static.o
 .rodata.__pci_0_1f_0
                0x0000000000000000        0x4 build/postcar/mainboard/lenovo/x200/static.o
 .rodata.__pci_0_1e_0
                0x0000000000000000        0x4 build/postcar/mainboard/lenovo/x200/static.o
 .rodata.__pci_0_1d_7
                0x0000000000000000        0x4 build/postcar/mainboard/lenovo/x200/static.o
 .rodata.__pci_0_1d_2
                0x0000000000000000        0x4 build/postcar/mainboard/lenovo/x200/static.o
 .rodata.__pci_0_1d_1
                0x0000000000000000        0x4 build/postcar/mainboard/lenovo/x200/static.o
 .rodata.__pci_0_1d_0
                0x0000000000000000        0x4 build/postcar/mainboard/lenovo/x200/static.o
 .rodata.__pci_0_1c_5
                0x0000000000000000        0x4 build/postcar/mainboard/lenovo/x200/static.o
 .rodata.__pci_0_1c_4
                0x0000000000000000        0x4 build/postcar/mainboard/lenovo/x200/static.o
 .rodata.__pci_0_1c_3
                0x0000000000000000        0x4 build/postcar/mainboard/lenovo/x200/static.o
 .rodata.__pci_0_1c_2
                0x0000000000000000        0x4 build/postcar/mainboard/lenovo/x200/static.o
 .rodata.__pci_0_1c_1
                0x0000000000000000        0x4 build/postcar/mainboard/lenovo/x200/static.o
 .rodata.__pci_0_1c_0
                0x0000000000000000        0x4 build/postcar/mainboard/lenovo/x200/static.o
 .rodata.__pci_0_1b_0
                0x0000000000000000        0x4 build/postcar/mainboard/lenovo/x200/static.o
 .rodata.__pci_0_1a_7
                0x0000000000000000        0x4 build/postcar/mainboard/lenovo/x200/static.o
 .rodata.__pci_0_1a_2
                0x0000000000000000        0x4 build/postcar/mainboard/lenovo/x200/static.o
 .rodata.__pci_0_1a_1
                0x0000000000000000        0x4 build/postcar/mainboard/lenovo/x200/static.o
 .rodata.__pci_0_1a_0
                0x0000000000000000        0x4 build/postcar/mainboard/lenovo/x200/static.o
 .rodata.__pci_0_19_0
                0x0000000000000000        0x4 build/postcar/mainboard/lenovo/x200/static.o
 .rodata.__pci_0_03_3
                0x0000000000000000        0x4 build/postcar/mainboard/lenovo/x200/static.o
 .rodata.__pci_0_03_2
                0x0000000000000000        0x4 build/postcar/mainboard/lenovo/x200/static.o
 .rodata.__pci_0_03_1
                0x0000000000000000        0x4 build/postcar/mainboard/lenovo/x200/static.o
 .rodata.__pci_0_03_0
                0x0000000000000000        0x4 build/postcar/mainboard/lenovo/x200/static.o
 .rodata.__pci_0_02_1
[...]
Memory Configuration

Name             Origin             Length             Attributes
*default*        0x0000000000000000 0xffffffffffffffff

Linker script and memory map

START GROUP
LOAD build/postcar/mainboard/lenovo/x200/static.o
LOAD build/postcar/acpi/acpi_pm.o
LOAD build/postcar/arch/x86/boot.o
LOAD build/postcar/arch/x86/cf9_reset.o
LOAD build/postcar/arch/x86/cpu_common.o
LOAD build/postcar/arch/x86/exit_car.o
LOAD build/postcar/arch/x86/gdt_init.o
LOAD build/postcar/arch/x86/memcpy.o
LOAD build/postcar/arch/x86/memmove.o
LOAD build/postcar/arch/x86/memset.o
LOAD build/postcar/arch/x86/mmap_boot.o
LOAD build/postcar/arch/x86/post.o
LOAD build/postcar/arch/x86/postcar.o
LOAD build/postcar/arch/x86/timestamp.o
LOAD build/postcar/commonlib/bsd/cbfs_private.o
LOAD build/postcar/commonlib/bsd/lz4_wrapper.o
LOAD build/postcar/commonlib/cbfs.o
LOAD build/postcar/commonlib/iobuf.o
LOAD build/postcar/commonlib/mem_pool.o
LOAD build/postcar/commonlib/region.o
LOAD build/postcar/console/console.o
LOAD build/postcar/console/die.o
LOAD build/postcar/console/init.o
LOAD build/postcar/console/post.o
LOAD build/postcar/console/printk.o
LOAD build/postcar/console/vsprintf.o
LOAD build/postcar/console/vtxprintf.o
LOAD build/postcar/cpu/intel/car/p4-netburst/exit_car.o
LOAD build/postcar/cpu/intel/common/fsb.o
LOAD build/postcar/cpu/x86/lapic/boot_cpu.o
LOAD build/postcar/cpu/x86/mtrr/debug.o
LOAD build/postcar/cpu/x86/pae/pgtbl.o
LOAD build/postcar/cpu/x86/smm/tseg_region.o
LOAD build/postcar/cpu/x86/tsc/delay_tsc.o
LOAD build/postcar/device/device_const.o
LOAD build/postcar/device/pci_early.o
LOAD build/postcar/device/pci_ops.o
LOAD build/postcar/drivers/pc80/pc/i8254.o
LOAD build/postcar/drivers/pc80/rtc/mc146818rtc.o
LOAD build/postcar/drivers/pc80/rtc/mc146818rtc_boot.o
LOAD build/postcar/drivers/pc80/rtc/option.o
LOAD build/postcar/drivers/spi/adesto.o
LOAD build/postcar/drivers/spi/amic.o
LOAD build/postcar/drivers/spi/atmel.o
LOAD build/postcar/drivers/spi/bitbang.o
LOAD build/postcar/drivers/spi/boot_device_rw_nommap.o
LOAD build/postcar/drivers/spi/eon.o
LOAD build/postcar/drivers/spi/gigadevice.o
LOAD build/postcar/drivers/spi/macronix.o
LOAD build/postcar/drivers/spi/spansion.o
LOAD build/postcar/drivers/spi/spi-generic.o
LOAD build/postcar/drivers/spi/spi_flash.o
LOAD build/postcar/drivers/spi/sst.o
LOAD build/postcar/drivers/spi/stmicro.o
LOAD build/postcar/drivers/spi/winbond.o
LOAD build/postcar/ec/lenovo/h8/sense.o
LOAD build/postcar/lib/boot_device.o
LOAD build/postcar/lib/bootmode.o
LOAD build/postcar/lib/cbfs.o
LOAD build/postcar/lib/cbmem_common.o
LOAD build/postcar/lib/cbmem_console.o
LOAD build/postcar/lib/crc_byte.o
LOAD build/postcar/lib/delay.o
LOAD build/postcar/lib/ext_stage_cache.o
LOAD build/postcar/lib/fmap.o
LOAD build/postcar/lib/gcc.o
LOAD build/postcar/lib/halt.o
LOAD build/postcar/lib/hexdump.o
LOAD build/postcar/lib/imd.o
LOAD build/postcar/lib/imd_cbmem.o
LOAD build/postcar/lib/libgcc.o
LOAD build/postcar/lib/lzma.o
LOAD build/postcar/lib/lzmadecode.o
LOAD build/postcar/lib/memchr.o
LOAD build/postcar/lib/memcmp.o
LOAD build/postcar/lib/prog_loaders.o
LOAD build/postcar/lib/prog_ops.o
LOAD build/postcar/lib/reset.o
LOAD build/postcar/lib/rmodule.o
LOAD build/postcar/lib/romstage_handoff.o
LOAD build/postcar/lib/string.o
LOAD build/postcar/lib/timestamp.o
LOAD build/postcar/lib/version.o
LOAD build/postcar/northbridge/intel/gm45/memmap.o
LOAD build/postcar/security/memory/memory.o
LOAD build/postcar/southbridge/intel/common/pmbase.o
LOAD build/postcar/southbridge/intel/common/reset.o
LOAD build/postcar/southbridge/intel/common/rtc.o
LOAD build/postcar/southbridge/intel/common/spi.o
LOAD /home/jason/libreboot-repo/libreboot_x200/coreboot-4.13/util/crossgcc/xgcc/lib/gcc/i386-elf/8.3.0/libgcc.a
END GROUP
                0x0000000000000001                _ = ASSERT ((. <= 0x2000000), postcar overlaps the previous region!)
                0x0000000002000000                . = 0x2000000
                0x0000000002000000                _postcar = .
                0x0000000002100000                _epostcar = (_postcar + 0x100000)
                0x0000000000000001                _ = ASSERT (((_eprogram - _program) <= 0x100000), Aftercar exceeded its allotted size! (1M))

.text           0x0000000002000000     0x4c88
                0x0000000002000000                _program = .
                0x0000000002000000                _text = .
 *(.text._start)
 *(.text.stage_entry)
 *(.text)
 .text          0x0000000002000000       0x85 build/postcar/arch/x86/exit_car.o
                0x0000000002000000                _start
 *fill*         0x0000000002000085        0x3 
 .text          0x0000000002000088       0x28 build/postcar/arch/x86/gdt_init.o
                0x0000000002000088                gdtptr
 .text          0x00000000020000b0       0x28 build/postcar/cpu/intel/car/p4-netburst/exit_car.o
                0x00000000020000b0                chipset_teardown_car
 .text          0x00000000020000d8       0xff /home/jason/libreboot-repo/libreboot_x200/coreboot-4.13/util/crossgcc/xgcc/lib/gcc/i386-elf/8.3.0/libgcc.a(_udivdi3.o)
                0x00000000020000d8                __udivdi3
 *fill*         0x00000000020001d7        0x1 
 .text          0x00000000020001d8      0x1d9 /home/jason/libreboot-repo/libreboot_x200/coreboot-4.13/util/crossgcc/xgcc/lib/gcc/i386-elf/8.3.0/libgcc.a(_udivmoddi4.o)
                0x00000000020001d8                __udivmoddi4
 *(.text.*)
 .text.arch_prog_run
                0x00000000020003b1        0xe build/postcar/arch/x86/boot.o
                0x00000000020003b1                arch_prog_run
 .text.do_system_reset
                0x00000000020003bf        0xe build/postcar/arch/x86/cf9_reset.o
                0x00000000020003bf                do_system_reset
 .text.system_reset
                0x00000000020003cd       0x1e build/postcar/arch/x86/cf9_reset.o
                0x00000000020003cd                system_reset
 .text._gdt_    0x00000000020003eb        0x9 build/postcar/arch/x86/gdt_init.o
                0x00000000020003eb                gdt_init
 .text.memcpy   0x00000000020003f4       0x21 build/postcar/arch/x86/memcpy.o
                0x00000000020003f4                memcpy
 *fill*         0x0000000002000415        0xb 
 .text.memmove  0x0000000002000420      0x185 build/postcar/arch/x86/memmove.o
                0x0000000002000420                memmove
 .text.memset   0x00000000020005a5       0x43 build/postcar/arch/x86/memset.o
                0x00000000020005a5                memset
 .text.boot_device_ro
                0x00000000020005e8        0x6 build/postcar/arch/x86/mmap_boot.o
                0x00000000020005e8                boot_device_ro
 .text.arch_post_code
                0x00000000020005ee        0x7 build/postcar/arch/x86/post.o
                0x00000000020005ee                arch_post_code
 .text.late_car_teardown
                0x00000000020005f5        0x1 build/postcar/arch/x86/postcar.o
                0x00000000020005f5                late_car_teardown
 .text.startup.main
                0x00000000020005f6       0x3d build/postcar/arch/x86/postcar.o
                0x00000000020005f6                main
 .text.timestamp_get
                0x0000000002000633       0x18 build/postcar/arch/x86/timestamp.o
                0x0000000002000633                timestamp_get
 .text.cbfs_walk
                0x000000000200064b      0x19e build/postcar/commonlib/bsd/cbfs_private.o
                0x000000000200064b                cbfs_walk
 .text.cbfs_copy_fill_metadata
                0x00000000020007e9       0x71 build/postcar/commonlib/bsd/cbfs_private.o
                0x00000000020007e9                cbfs_copy_fill_metadata
 .text.lookup_walker
                0x000000000200085a       0x89 build/postcar/commonlib/bsd/cbfs_private.o
 .text.cbfs_lookup
                0x00000000020008e3       0x48 build/postcar/commonlib/bsd/cbfs_private.o
                0x00000000020008e3                cbfs_lookup
 .text.LZ4_wildCopy
                0x000000000200092b       0x1a build/postcar/commonlib/bsd/lz4_wrapper.o
 .text.ulz4fn.part.0
                0x0000000002000945      0x374 build/postcar/commonlib/bsd/lz4_wrapper.o
 .text.ulz4fn   0x0000000002000cb9       0x24 build/postcar/commonlib/bsd/lz4_wrapper.o
                0x0000000002000cb9                ulz4fn
 .text.read_be32
                0x0000000002000cdd        0x5 build/postcar/commonlib/cbfs.o
 .text.cbfs_for_each_file
                0x0000000002000ce2       0xbf build/postcar/commonlib/cbfs.o
                0x0000000002000ce2                cbfs_for_each_file
 .text.cbfsf_file_type
                0x0000000002000da1       0x33 build/postcar/commonlib/cbfs.o
                0x0000000002000da1                cbfsf_file_type
 .text.cbfs_locate
                0x0000000002000dd4       0xe4 build/postcar/commonlib/cbfs.o
                0x0000000002000dd4                cbfs_locate
 .text.mdev_mmap
                0x0000000002000eb8        0xc build/postcar/commonlib/region.o
 .text.mdev_munmap
                0x0000000002000ec4        0x3 build/postcar/commonlib/region.o
 .text.mdev_readat
                0x0000000002000ec7       0x25 build/postcar/commonlib/region.o
 .text.region_is_subregion
                0x0000000002000eec       0x39 build/postcar/commonlib/region.o
                0x0000000002000eec                region_is_subregion
 .text.normalize_and_ok
                0x0000000002000f25        0xe build/postcar/commonlib/region.o
 .text.rdev_relative_offset
                0x0000000002000f33       0x40 build/postcar/commonlib/region.o
                0x0000000002000f33                rdev_relative_offset
 .text.rdev_mmap
                0x0000000002000f73       0x52 build/postcar/commonlib/region.o
                0x0000000002000f73                rdev_mmap
 .text.rdev_munmap
                0x0000000002000fc5       0x1f build/postcar/commonlib/region.o
                0x0000000002000fc5                rdev_munmap
 .text.rdev_readat
                0x0000000002000fe4       0x4f build/postcar/commonlib/region.o
                0x0000000002000fe4                rdev_readat
 .text.rdev_chain
                0x0000000002001033       0x58 build/postcar/commonlib/region.o
                0x0000000002001033                rdev_chain
 .text.mem_region_device_ro_init
                0x000000000200108b       0x2b build/postcar/commonlib/region.o
                0x000000000200108b                mem_region_device_ro_init
 .text.console_hw_init
                0x00000000020010b6        0x5 build/postcar/console/console.o
                0x00000000020010b6                console_hw_init
 .text.console_tx_byte
                0x00000000020010bb        0xe build/postcar/console/console.o
                0x00000000020010bb                console_tx_byte
 .text.console_tx_flush
                0x00000000020010c9        0x1 build/postcar/console/console.o
                0x00000000020010c9                console_tx_flush
 .text.die_notify
                0x00000000020010ca        0x1 build/postcar/console/die.o
                0x00000000020010ca                die_notify
 .text.die      0x00000000020010cb       0x1e build/postcar/console/die.o
                0x00000000020010cb                die
 .text.console_log_level
                0x00000000020010e9       0x2b build/postcar/console/init.o
                0x00000000020010e9                console_log_level
 .text.console_init
                0x0000000002001114       0x52 build/postcar/console/init.o
                0x0000000002001114                console_init
 .text.mainboard_post
                0x0000000002001166        0x1 build/postcar/console/post.o
                0x0000000002001166                mainboard_post
 .text.post_code
                0x0000000002001167       0x1c build/postcar/console/post.o
                0x0000000002001167                post_code
 .text.wrap_putchar
                0x0000000002001183        0xe build/postcar/console/printk.o
 .text.console_time_run
                0x0000000002001191       0x20 build/postcar/console/printk.o
 .text.wrap_putchar_cbmemc
                0x00000000020011b1        0xe build/postcar/console/printk.o
 .text.console_time_stop.part.1
                0x00000000020011bf       0x22 build/postcar/console/printk.o
 .text.do_vprintk
                0x00000000020011e1       0x81 build/postcar/console/printk.o
                0x00000000020011e1                do_vprintk
 .text.lock     0x0000000002001262       0x10 build/postcar/console/printk.o
 .text.do_printk
                0x0000000002001272       0x1a build/postcar/console/printk.o
                0x0000000002001272                do_printk
 .text.console_time_report
                0x000000000200128c       0x32 build/postcar/console/printk.o
                0x000000000200128c                console_time_report
 .text.number   0x00000000020012be      0x2e8 build/postcar/console/vtxprintf.o
 .text.vtxprintf
                0x00000000020015a6      0x46d build/postcar/console/vtxprintf.o
                0x00000000020015a6                vtxprintf
 .text.resolve_timebase
                0x0000000002001a13      0x1c3 build/postcar/cpu/intel/common/fsb.o
 .text.tsc_freq_mhz
                0x0000000002001bd6       0x1b build/postcar/cpu/intel/common/fsb.o
                0x0000000002001bd6                tsc_freq_mhz
 .text.boot_cpu
                0x0000000002001bf1        0xe build/postcar/cpu/x86/lapic/boot_cpu.o
                0x0000000002001bf1                boot_cpu
 .text.display_mtrrs
                0x0000000002001bff        0x1 build/postcar/cpu/x86/mtrr/debug.o
                0x0000000002001bff                display_mtrrs
 .text.smm_subregion
                0x0000000002001c00       0xd0 build/postcar/cpu/x86/smm/tseg_region.o
                0x0000000002001c00                smm_subregion
 .text.stage_cache_external_region
                0x0000000002001cd0       0x3e build/postcar/cpu/x86/smm/tseg_region.o
                0x0000000002001cd0                stage_cache_external_region
 .text.timer_monotonic_get
                0x0000000002001d0e       0xab build/postcar/cpu/x86/tsc/delay_tsc.o
                0x0000000002001d0e                timer_monotonic_get
 .text.cmos_checksum_valid
                0x0000000002001db9        0x6 build/postcar/drivers/pc80/rtc/mc146818rtc.o
                0x0000000002001db9                cmos_checksum_valid
 .text.cmos_read
                0x0000000002001dbf       0x19 build/postcar/drivers/pc80/rtc/option.o
 .text.locate_cmos_layout
                0x0000000002001dd8       0x6c build/postcar/drivers/pc80/rtc/option.o
 .text.cmos_get_option
                0x0000000002001e44      0x15e build/postcar/drivers/pc80/rtc/option.o
                0x0000000002001e44                cmos_get_option
 .text.boot_device_init
                0x0000000002001fa2        0x1 build/postcar/lib/boot_device.o
                0x0000000002001fa2                boot_device_init
 .text.boot_device_ro_subregion
                0x0000000002001fa3       0x32 build/postcar/lib/boot_device.o
                0x0000000002001fa3                boot_device_ro_subregion
 .text.cbfs_locate_file_in_region
                0x0000000002001fd5       0x4f build/postcar/lib/cbfs.o
                0x0000000002001fd5                cbfs_locate_file_in_region
 .text.cbfs_load_and_decompress
                0x0000000002002024       0xc0 build/postcar/lib/cbfs.o
                0x0000000002002024                cbfs_load_and_decompress
 .text.cbfs_boot_region_device
                0x00000000020020e4       0x24 build/postcar/lib/cbfs.o
                0x00000000020020e4                cbfs_boot_region_device
 .text.cbfs_boot_locate
                0x0000000002002108       0x9c build/postcar/lib/cbfs.o
                0x0000000002002108                cbfs_boot_locate
 .text.cbmem_run_init_hooks
                0x00000000020021a4       0x30 build/postcar/lib/cbmem_common.o
                0x00000000020021a4                cbmem_run_init_hooks
 .text.cbmemc_init
                0x00000000020021d4       0x3b build/postcar/lib/cbmem_console.o
                0x00000000020021d4                cbmemc_init
 .text.cbmemc_tx_byte
                0x000000000200220f       0x43 build/postcar/lib/cbmem_console.o
                0x000000000200220f                cbmemc_tx_byte
 .text.cbmemc_reinit
                0x0000000002002252       0xdc build/postcar/lib/cbmem_console.o
 .text.stage_cache_setup
                0x000000000200232e       0xc5 build/postcar/lib/ext_stage_cache.o
 .text.stage_cache_add
                0x00000000020023f3       0xd8 build/postcar/lib/ext_stage_cache.o
                0x00000000020023f3                stage_cache_add
 .text.stage_cache_load_stage
                0x00000000020024cb       0xc1 build/postcar/lib/ext_stage_cache.o
                0x00000000020024cb                stage_cache_load_stage
 .text.fmap_register_cbmem_cache
                0x000000000200258c       0x41 build/postcar/lib/fmap.o
 .text.find_fmap_directory
                0x00000000020025cd      0x121 build/postcar/lib/fmap.o
 .text.fmap_locate_area
                0x00000000020026ee       0x99 build/postcar/lib/fmap.o
                0x00000000020026ee                fmap_locate_area
 .text.fmap_locate_area_as_rdev
                0x0000000002002787       0x32 build/postcar/lib/fmap.o
                0x0000000002002787                fmap_locate_area_as_rdev
 .text.__wrap___udivdi3
                0x00000000020027b9        0x5 build/postcar/lib/gcc.o
                0x00000000020027b9                __wrap___udivdi3
 .text.halt     0x00000000020027be        0x3 build/postcar/lib/halt.o
                0x00000000020027be                halt
 .text.imdr_recover
                0x00000000020027c1       0xb0 build/postcar/lib/imd.o
 .text.imdr_entry_find
                0x0000000002002871       0x30 build/postcar/lib/imd.o
 .text.imdr_create_empty
                0x00000000020028a1       0xda build/postcar/lib/imd.o
 .text.imd_entry_to_imdr
                0x000000000200297b       0x3e build/postcar/lib/imd.o
 .text.imdr_entry_add
                0x00000000020029b9       0x74 build/postcar/lib/imd.o
 .text.imd_handle_init
                0x0000000002002a2d       0x26 build/postcar/lib/imd.o
                0x0000000002002a2d                imd_handle_init
 .text.imd_create_tiered_empty
                0x0000000002002a53       0xb0 build/postcar/lib/imd.o
                0x0000000002002a53                imd_create_tiered_empty
 .text.imd_recover
                0x0000000002002b03       0x5e build/postcar/lib/imd.o
                0x0000000002002b03                imd_recover
 .text.imd_limit_size
                0x0000000002002b61       0x28 build/postcar/lib/imd.o
                0x0000000002002b61                imd_limit_size
 .text.imd_entry_add
                0x0000000002002b89       0x5a build/postcar/lib/imd.o
                0x0000000002002b89                imd_entry_add
 .text.imd_entry_find
                0x0000000002002be3       0x24 build/postcar/lib/imd.o
                0x0000000002002be3                imd_entry_find
 .text.imd_entry_find_or_add
                0x0000000002002c07       0x19 build/postcar/lib/imd.o
                0x0000000002002c07                imd_entry_find_or_add
 .text.imd_entry_size
                0x0000000002002c20        0x8 build/postcar/lib/imd.o
                0x0000000002002c20                imd_entry_size
 .text.imd_entry_at
                0x0000000002002c28       0x1e build/postcar/lib/imd.o
                0x0000000002002c28                imd_entry_at
 .text.cbmem_top
                0x0000000002002c46        0x6 build/postcar/lib/imd_cbmem.o
                0x0000000002002c46                cbmem_top
 .text.cbmem_add
                0x0000000002002c4c       0x36 build/postcar/lib/imd_cbmem.o
                0x0000000002002c4c                cbmem_add
 .text.cbmem_initialize_id_size
                0x0000000002002c82       0x69 build/postcar/lib/imd_cbmem.o
                0x0000000002002c82                cbmem_initialize_id_size
 .text.cbmem_initialize
                0x0000000002002ceb       0x12 build/postcar/lib/imd_cbmem.o
                0x0000000002002ceb                cbmem_initialize
 .text.cbmem_entry_find
                0x0000000002002cfd       0x15 build/postcar/lib/imd_cbmem.o
                0x0000000002002cfd                cbmem_entry_find
 .text.cbmem_find
                0x0000000002002d12       0x2c build/postcar/lib/imd_cbmem.o
                0x0000000002002d12                cbmem_find
 .text.cbmem_entry_size
                0x0000000002002d3e       0x12 build/postcar/lib/imd_cbmem.o
                0x0000000002002d3e                cbmem_entry_size
 .text.cbmem_entry_start
                0x0000000002002d50       0x15 build/postcar/lib/imd_cbmem.o
                0x0000000002002d50                cbmem_entry_start
 .text.ulzman   0x0000000002002d65       0xce build/postcar/lib/lzma.o
                0x0000000002002d65                ulzman
 .text.LzmaDecodeProperties
                0x0000000002002e33       0x50 build/postcar/lib/lzmadecode.o
                0x0000000002002e33                LzmaDecodeProperties
 .text.LzmaDecode
                0x0000000002002e83      0xcf2 build/postcar/lib/lzmadecode.o
                0x0000000002002e83                LzmaDecode
 .text.memcmp   0x0000000002003b75       0x26 build/postcar/lib/memcmp.o
                0x0000000002003b75                memcmp
 .text.prog_locate_hook
                0x0000000002003b9b        0x3 build/postcar/lib/prog_loaders.o
                0x0000000002003b9b                prog_locate_hook
 .text.prog_locate
                0x0000000002003b9e       0x6a build/postcar/lib/prog_loaders.o
                0x0000000002003b9e                prog_locate
 .text.run_ramstage
                0x0000000002003c08      0x10d build/postcar/lib/prog_loaders.o
                0x0000000002003c08                run_ramstage
 .text.platform_segment_loaded
                0x0000000002003d15        0x1 build/postcar/lib/prog_ops.o
                0x0000000002003d15                platform_segment_loaded
 .text.arch_segment_loaded
                0x0000000002003d16        0x1 build/postcar/lib/prog_ops.o
                0x0000000002003d16                arch_segment_loaded
 .text.prog_segment_loaded
                0x0000000002003d17       0x2f build/postcar/lib/prog_ops.o
                0x0000000002003d17                prog_segment_loaded
 .text.platform_prog_run
                0x0000000002003d46        0x1 build/postcar/lib/prog_ops.o
                0x0000000002003d46                platform_prog_run
 .text.prog_run
                0x0000000002003d47       0x1b build/postcar/lib/prog_ops.o
                0x0000000002003d47                prog_run
 .text.board_reset
                0x0000000002003d62       0x20 build/postcar/lib/reset.o
                0x0000000002003d62                board_reset
 .text.rmodule_parse
                0x0000000002003d82       0x41 build/postcar/lib/rmodule.o
                0x0000000002003d82                rmodule_parse
 .text.rmodule_parameters
                0x0000000002003dc3       0x1e build/postcar/lib/rmodule.o
                0x0000000002003dc3                rmodule_parameters
 .text.rmodule_entry
                0x0000000002003de1       0x14 build/postcar/lib/rmodule.o
                0x0000000002003de1                rmodule_entry
 .text.rmodule_load
                0x0000000002003df5       0xde build/postcar/lib/rmodule.o
                0x0000000002003df5                rmodule_load
 .text.rmodule_calc_region
                0x0000000002003ed3       0x5a build/postcar/lib/rmodule.o
                0x0000000002003ed3                rmodule_calc_region
 .text.rmodule_stage_load
                0x0000000002003f2d      0x129 build/postcar/lib/rmodule.o
                0x0000000002003f2d                rmodule_stage_load
 .text.romstage_handoff_is_resume
                0x0000000002004056       0x1f build/postcar/lib/romstage_handoff.o
                0x0000000002004056                romstage_handoff_is_resume
 .text.strnlen  0x0000000002004075       0x16 build/postcar/lib/string.o
                0x0000000002004075                strnlen
 .text.strlen   0x000000000200408b       0x10 build/postcar/lib/string.o
                0x000000000200408b                strlen
 .text.strcmp   0x000000000200409b       0x20 build/postcar/lib/string.o
                0x000000000200409b                strcmp
 .text.skip_atoi
                0x00000000020040bb       0x27 build/postcar/lib/string.o
                0x00000000020040bb                skip_atoi
 .text.timestamp_reinit
                0x00000000020040e2       0x46 build/postcar/lib/timestamp.o
 .text.timestamp_add
                0x0000000002004128       0x95 build/postcar/lib/timestamp.o
                0x0000000002004128                timestamp_add
 .text.timestamp_add_now
                0x00000000020041bd       0x18 build/postcar/lib/timestamp.o
                0x00000000020041bd                timestamp_add_now
 .text.decode_igd_memory_size
                0x00000000020041d5       0x28 build/postcar/northbridge/intel/gm45/memmap.o
                0x00000000020041d5                decode_igd_memory_size
 .text.decode_igd_gtt_size
                0x00000000020041fd       0x3e build/postcar/northbridge/intel/gm45/memmap.o
                0x00000000020041fd                decode_igd_gtt_size
 .text.decode_tseg_size
                0x000000000200423b       0x33 build/postcar/northbridge/intel/gm45/memmap.o
                0x000000000200423b                decode_tseg_size
 .text.northbridge_get_tseg_base
                0x000000000200426e       0x73 build/postcar/northbridge/intel/gm45/memmap.o
 .text.smm_region
                0x00000000020042e1       0x30 build/postcar/northbridge/intel/gm45/memmap.o
                0x00000000020042e1                smm_region
 .text.do_board_reset
                0x0000000002004311        0x8 build/postcar/southbridge/intel/common/reset.o
                0x0000000002004311                do_board_reset
                0x0000000002004320                . = ALIGN (0x8)
 *fill*         0x0000000002004319        0x7 
                0x0000000002004320                _cbmem_init_hooks = .
 *(.rodata.cbmem_init_hooks)
 .rodata.cbmem_init_hooks
                0x0000000002004320        0x4 build/postcar/lib/cbmem_console.o
 .rodata.cbmem_init_hooks
                0x0000000002004324        0x4 build/postcar/lib/ext_stage_cache.o
 .rodata.cbmem_init_hooks
                0x0000000002004328        0x4 build/postcar/lib/fmap.o
 .rodata.cbmem_init_hooks
                0x000000000200432c        0x4 build/postcar/lib/timestamp.o
                0x0000000002004330                _ecbmem_init_hooks = .
                0x0000000002004330                . = ALIGN (0x8)
                0x0000000002004330                _rsbe_init_begin = .
 *(.rsbe_init)
                0x0000000002004330                _ersbe_init_begin = .
                0x0000000002004330                . = ALIGN (0x8)
 *(.rodata)
 *fill*         0x0000000002004330       0x10 
 .rodata        0x0000000002004340       0x40 build/postcar/commonlib/bsd/lz4_wrapper.o
 *(.rodata.*)
 .rodata.system_reset.str1.1
                0x0000000002004380        0xe build/postcar/arch/x86/cf9_reset.o
 *fill*         0x000000000200438e        0x2 
 .rodata.__func__.1303
                0x0000000002004390        0xd build/postcar/arch/x86/cf9_reset.o
 *fill*         0x000000000200439d        0x3 
 .rodata.boot_dev
                0x00000000020043a0       0x14 build/postcar/arch/x86/mmap_boot.o
 .rodata.cbfs_walk.str1.1
                0x00000000020043b4       0xa1 build/postcar/commonlib/bsd/cbfs_private.o
 .rodata.lookup_walker.str1.1
                0x0000000002004455       0x21 build/postcar/commonlib/bsd/cbfs_private.o
 .rodata.cbfs_for_each_file.str1.1
                0x0000000002004476        0x9 build/postcar/commonlib/cbfs.o
 .rodata.cbfs_locate.str1.1
                0x0000000002004476       0x4f build/postcar/commonlib/cbfs.o
 *fill*         0x00000000020044c5        0x3 
 .rodata.mem_rdev_ro_ops
                0x00000000020044c8       0x14 build/postcar/commonlib/region.o
                0x00000000020044c8                mem_rdev_ro_ops
 .rodata.console_init.str1.1
                0x00000000020044dc       0x44 build/postcar/console/init.o
 .rodata.console_time_report.str1.1
                0x0000000002004520       0x3e build/postcar/console/printk.o
 .rodata.number.str1.1
                0x000000000200455e       0x22 build/postcar/console/vtxprintf.o
 .rodata.vtxprintf.str1.1
                0x0000000002004580        0x7 build/postcar/console/vtxprintf.o
 .rodata.resolve_timebase.str1.1
                0x0000000002004587       0x22 build/postcar/cpu/intel/common/fsb.o
 *fill*         0x00000000020045a9        0x3 
 .rodata.f2x_fsb.1324
                0x00000000020045ac       0x10 build/postcar/cpu/intel/common/fsb.o
 .rodata.rangeley_fsb.1325
                0x00000000020045bc        0x8 build/postcar/cpu/intel/common/fsb.o
 .rodata.core2_fsb.1323
                0x00000000020045c4       0x10 build/postcar/cpu/intel/common/fsb.o
 .rodata.core_fsb.1322
                0x00000000020045d4       0x10 build/postcar/cpu/intel/common/fsb.o
 .rodata.smm_subregion.str1.1
                0x00000000020045e4       0x1e build/postcar/cpu/x86/smm/tseg_region.o
                                         0x43 (size before relaxing)
 .rodata.stage_cache_external_region.str1.1
                0x0000000002004602       0x20 build/postcar/cpu/x86/smm/tseg_region.o
 *fill*         0x0000000002004622        0x2 
 .rodata.pci_mmconf
                0x0000000002004624        0x4 build/postcar/device/pci_ops.o
                0x0000000002004624                pci_mmconf
 .rodata.locate_cmos_layout.str1.1
                0x0000000002004628       0x58 build/postcar/drivers/pc80/rtc/option.o
 .rodata.cmos_get_option.str1.1
                0x0000000002004680       0x56 build/postcar/drivers/pc80/rtc/option.o
 .rodata.cbfs_locate_file_in_region.str1.1
                0x00000000020046d6       0x30 build/postcar/lib/cbfs.o
 .rodata.cbfs_boot_region_device.str1.1
                0x0000000002004706        0x9 build/postcar/lib/cbfs.o
 .rodata.cbmemc_reinit.str1.1
                0x0000000002004706       0x3f build/postcar/lib/cbmem_console.o
 .rodata.stage_cache_setup.str1.1
                0x0000000002004745       0x63 build/postcar/lib/ext_stage_cache.o
 .rodata.stage_cache_add.str1.1
                0x00000000020047a8       0x4d build/postcar/lib/ext_stage_cache.o
 .rodata.stage_cache_load_stage.str1.1
                0x00000000020047f5       0x4f build/postcar/lib/ext_stage_cache.o
 .rodata.find_fmap_directory.str1.1
                0x0000000002004844       0xae build/postcar/lib/fmap.o
 .rodata.fmap_locate_area.str1.1
                0x00000000020048f2       0x25 build/postcar/lib/fmap.o
 .rodata.imdr_create_empty.str1.1
                0x0000000002004917       0x2a build/postcar/lib/imd.o
                                         0x4f (size before relaxing)
 .rodata.ulzman.str1.1
                0x0000000002004941       0x7c build/postcar/lib/lzma.o
 .rodata.run_ramstage.str1.1
                0x00000000020049bd       0x58 build/postcar/lib/prog_loaders.o
 *fill*         0x0000000002004a15        0x3 
 .rodata.addrspace_32bit
                0x0000000002004a18       0x14 build/postcar/lib/prog_loaders.o
                0x0000000002004a18                addrspace_32bit
 .rodata.board_reset.str1.1
                0x0000000002004a2c        0xe build/postcar/lib/reset.o
 .rodata.__func__.1236
                0x0000000002004a2c        0xc build/postcar/lib/reset.o
 .rodata.rmodule_load.str1.1
                0x0000000002004a38       0x94 build/postcar/lib/rmodule.o
 .rodata.rmodule_calc_region.str1.1
                0x0000000002004acc       0x40 build/postcar/lib/rmodule.o
 .rodata.rmodule_stage_load.str1.1
                0x0000000002004b0c       0x28 build/postcar/lib/rmodule.o
 .rodata.timestamp_reinit.str1.1
                0x0000000002004b34       0x25 build/postcar/lib/timestamp.o
 .rodata.timestamp_add.str1.1
                0x0000000002004b59       0x3e build/postcar/lib/timestamp.o
 *fill*         0x0000000002004b97        0x1 
 .rodata.coreboot_build
                0x0000000002004b98       0x1d build/postcar/lib/version.o
                0x0000000002004b98                coreboot_build
 .rodata.coreboot_extra_version
                0x0000000002004bb5        0x1 build/postcar/lib/version.o
                0x0000000002004bb5                coreboot_extra_version
 *fill*         0x0000000002004bb6        0x2 
 .rodata.coreboot_version
                0x0000000002004bb8        0xf build/postcar/lib/version.o
                0x0000000002004bb8                coreboot_version
 .rodata.decode_igd_memory_size.str1.1
                0x0000000002004bc7       0x29 build/postcar/northbridge/intel/gm45/memmap.o
 .rodata.decode_igd_gtt_size.str1.1
                0x0000000002004bf0       0x2b build/postcar/northbridge/intel/gm45/memmap.o
 *fill*         0x0000000002004c1b        0x1 
 .rodata.decode_igd_gtt_size
                0x0000000002004c1c       0x30 build/postcar/northbridge/intel/gm45/memmap.o
 .rodata.decode_tseg_size.str1.1
                0x0000000002004c4c       0x13 build/postcar/northbridge/intel/gm45/memmap.o
 *fill*         0x0000000002004c5f        0x1 
 .rodata.CSWTCH.1
                0x0000000002004c60        0x6 build/postcar/northbridge/intel/gm45/memmap.o
 *fill*         0x0000000002004c66        0x2 
 .rodata.ggc2uma.4074
                0x0000000002004c68       0x1c build/postcar/northbridge/intel/gm45/memmap.o
                0x0000000002004c88                . = ALIGN (0x8)
 *fill*         0x0000000002004c84        0x4 
                0x0000000002004c88                _etext = .

.iplt           0x0000000002004c88        0x0
 .iplt          0x0000000002004c88        0x0 build/postcar/mainboard/lenovo/x200/static.o

.rel.dyn        0x0000000002004c88        0x0
 .rel.got       0x0000000002004c88        0x0 build/postcar/mainboard/lenovo/x200/static.o
 .rel.iplt      0x0000000002004c88        0x0 build/postcar/mainboard/lenovo/x200/static.o
 .rel.text.startup.main
                0x0000000002004c88        0x0 build/postcar/mainboard/lenovo/x200/static.o
 .rel.text.die  0x0000000002004c88        0x0 build/postcar/mainboard/lenovo/x200/static.o
 .rel.text.post_code
                0x0000000002004c88        0x0 build/postcar/mainboard/lenovo/x200/static.o
 .rel.text.boot_device_ro_subregion
                0x0000000002004c88        0x0 build/postcar/mainboard/lenovo/x200/static.o
 .rel.text.cbfs_boot_region_device
                0x0000000002004c88        0x0 build/postcar/mainboard/lenovo/x200/static.o
 .rel.text.cbmem_run_init_hooks
                0x0000000002004c88        0x0 build/postcar/mainboard/lenovo/x200/static.o
 .rel.text.find_fmap_directory
                0x0000000002004c88        0x0 build/postcar/mainboard/lenovo/x200/static.o
 .rel.text.prog_locate
                0x0000000002004c88        0x0 build/postcar/mainboard/lenovo/x200/static.o
 .rel.text.prog_segment_loaded
                0x0000000002004c88        0x0 build/postcar/mainboard/lenovo/x200/static.o
 .rel.text.prog_run
                0x0000000002004c88        0x0 build/postcar/mainboard/lenovo/x200/static.o

.data           0x0000000002004c88       0x48
                0x0000000002004cc0                . = ALIGN (0x40)
 *fill*         0x0000000002004c88       0x38 
                0x0000000002004cc0                _data = .
                0x0000000002004cc0                _rmodule_params = .
 *(.module_parameters)
 .module_parameters
                0x0000000002004cc0        0x8 build/postcar/arch/x86/exit_car.o
                0x0000000002004cc0                post_car_stack_top
                0x0000000002004cc8                _ermodule_params = .
 *(.data)
 *(.data.*)
 .data.console_lock
                0x0000000002004cc8        0x4 build/postcar/console/printk.o
 *(.sdata)
 *(.sdata.*)
                0x0000000002004cd0                . = ALIGN (0x8)
 *fill*         0x0000000002004ccc        0x4 
                0x0000000002004cd0                _edata = .

.got            0x0000000002004cd0        0x0
 .got           0x0000000002004cd0        0x0 build/postcar/mainboard/lenovo/x200/static.o

.got.plt        0x0000000002004cd0        0x0
 .got.plt       0x0000000002004cd0        0x0 build/postcar/mainboard/lenovo/x200/static.o

.igot.plt       0x0000000002004cd0        0x0
 .igot.plt      0x0000000002004cd0        0x0 build/postcar/mainboard/lenovo/x200/static.o

.bss            0x0000000002004cd0     0x4420
                0x0000000002004cd0                . = ALIGN (0x8)
                0x0000000002004cd0                _bss = .
 *(.bss)
 *(.bss.*)
 .bss.console_loglevel
                0x0000000002004cd0        0x4 build/postcar/console/init.o
 .bss.console_inited
                0x0000000002004cd4        0x4 build/postcar/console/init.o
 .bss.console_usecs
                0x0000000002004cd8        0x4 build/postcar/console/printk.o
 .bss.mt_stop   0x0000000002004cdc        0x4 build/postcar/console/printk.o
 .bss.mt_start  0x0000000002004ce0        0x4 build/postcar/console/printk.o
 .bss.timer_tsc
                0x0000000002004ce4        0x4 build/postcar/cpu/intel/common/fsb.o
 .bss.timer_fsb
                0x0000000002004ce8        0x4 build/postcar/cpu/intel/common/fsb.o
 .bss.mono_counter
                0x0000000002004cec       0x10 build/postcar/cpu/x86/tsc/delay_tsc.o
 *fill*         0x0000000002004cfc        0x4 
 .bss.fh.3357   0x0000000002004d00      0x120 build/postcar/drivers/pc80/rtc/option.o
 .bss.static_console
                0x0000000002004e20      0x400 build/postcar/lib/cbmem_console.o
 .bss.current_console
                0x0000000002005220        0x4 build/postcar/lib/cbmem_console.o
 .bss.imd_stage_cache
                0x0000000002005224       0x10 build/postcar/lib/ext_stage_cache.o
 .bss.fmap_cache
                0x0000000002005234       0x14 build/postcar/lib/fmap.o
 .bss.fmap_print_once
                0x0000000002005248        0x4 build/postcar/lib/fmap.o
 .bss.cbmem_initialized
                0x000000000200524c        0x4 build/postcar/lib/imd_cbmem.o
                0x000000000200524c                cbmem_initialized
 .bss.imd       0x0000000002005250       0x10 build/postcar/lib/imd_cbmem.o
 .bss._cbmem_top_ptr
                0x0000000002005260        0x4 build/postcar/lib/imd_cbmem.o
                0x0000000002005260                _cbmem_top_ptr
 *fill*         0x0000000002005264       0x1c 
 .bss.scratchpad.1345
                0x0000000002005280     0x3e6c build/postcar/lib/lzma.o
 .bss.glob_ts_table
                0x00000000020090ec        0x4 build/postcar/lib/timestamp.o
 *(.sbss)
 *(.sbss.*)
                0x00000000020090f0                . = ALIGN (0x8)
                0x00000000020090f0                _ebss = .
                0x00000000020090f0                _eprogram = .
                0x0000000000000000                zeroptr = 0x0

/DISCARD/
 *(.comment)
 *(.comment.*)
 *(.note)
 *(.note.*)
 *(.eh_frame)
OUTPUT(build/cbfs/fallback/postcar.debug elf32-i386)

.debug_info     0x0000000000000000    0x1d009
 .debug_info    0x0000000000000000      0x721 build/postcar/arch/x86/boot.o
 .debug_info    0x0000000000000721      0x32c build/postcar/arch/x86/cf9_reset.o
 .debug_info    0x0000000000000a4d       0x26 build/postcar/arch/x86/exit_car.o
 .debug_info    0x0000000000000a73       0x26 build/postcar/arch/x86/gdt_init.o
 .debug_info    0x0000000000000a99      0x10d build/postcar/arch/x86/memcpy.o
 .debug_info    0x0000000000000ba6      0x148 build/postcar/arch/x86/memmove.o
 .debug_info    0x0000000000000cee      0x12d build/postcar/arch/x86/memset.o
 .debug_info    0x0000000000000e1b      0x2ab build/postcar/arch/x86/mmap_boot.o
 .debug_info    0x00000000000010c6      0xa89 build/postcar/arch/x86/post.o
 .debug_info    0x0000000000001b4f      0x669 build/postcar/arch/x86/postcar.o
 .debug_info    0x00000000000021b8      0x20c build/postcar/arch/x86/timestamp.o
 .debug_info    0x00000000000023c4      0xe82 build/postcar/commonlib/bsd/cbfs_private.o
 .debug_info    0x0000000000003246      0xc32 build/postcar/commonlib/bsd/lz4_wrapper.o
 .debug_info    0x0000000000003e78     0x1f66 build/postcar/commonlib/cbfs.o
 .debug_info    0x0000000000005dde     0x1946 build/postcar/commonlib/region.o
 .debug_info    0x0000000000007724      0x371 build/postcar/console/console.o
 .debug_info    0x0000000000007a95      0x132 build/postcar/console/die.o
 .debug_info    0x0000000000007bc7      0xed5 build/postcar/console/init.o
 .debug_info    0x0000000000008a9c      0x115 build/postcar/console/post.o
 .debug_info    0x0000000000008bb1      0x5d1 build/postcar/console/printk.o
 .debug_info    0x0000000000009182      0x459 build/postcar/console/vtxprintf.o
 .debug_info    0x00000000000095db       0x26 build/postcar/cpu/intel/car/p4-netburst/exit_car.o
 .debug_info    0x0000000000009601      0x6d8 build/postcar/cpu/intel/common/fsb.o
 .debug_info    0x0000000000009cd9      0x166 build/postcar/cpu/x86/lapic/boot_cpu.o
 .debug_info    0x0000000000009e3f      0x144 build/postcar/cpu/x86/mtrr/debug.o
 .debug_info    0x0000000000009f83      0x461 build/postcar/cpu/x86/smm/tseg_region.o
 .debug_info    0x000000000000a3e4      0x50f build/postcar/cpu/x86/tsc/delay_tsc.o
 .debug_info    0x000000000000a8f3     0x1217 build/postcar/device/pci_ops.o
 .debug_info    0x000000000000bb0a     0x17cf build/postcar/drivers/pc80/rtc/mc146818rtc.o
 .debug_info    0x000000000000d2d9     0x14ef build/postcar/drivers/pc80/rtc/option.o
 .debug_info    0x000000000000e7c8      0x483 build/postcar/lib/boot_device.o
 .debug_info    0x000000000000ec4b     0x1a6d build/postcar/lib/cbfs.o
 .debug_info    0x00000000000106b8      0x3e5 build/postcar/lib/cbmem_common.o
 .debug_info    0x0000000000010a9d      0x7c1 build/postcar/lib/cbmem_console.o
 .debug_info    0x000000000001125e      0xd0f build/postcar/lib/ext_stage_cache.o
 .debug_info    0x0000000000011f6d      0xf02 build/postcar/lib/fmap.o
 .debug_info    0x0000000000012e6f      0x20d build/postcar/lib/gcc.o
 .debug_info    0x000000000001307c       0x5b build/postcar/lib/halt.o
 .debug_info    0x00000000000130d7     0x2096 build/postcar/lib/imd.o
 .debug_info    0x000000000001516d      0xb70 build/postcar/lib/imd_cbmem.o
 .debug_info    0x0000000000015cdd      0x2c8 build/postcar/lib/lzma.o
 .debug_info    0x0000000000015fa5      0x662 build/postcar/lib/lzmadecode.o
 .debug_info    0x0000000000016607      0x10c build/postcar/lib/memcmp.o
 .debug_info    0x0000000000016713     0x1076 build/postcar/lib/prog_loaders.o
 .debug_info    0x0000000000017789      0x4d1 build/postcar/lib/prog_ops.o
 .debug_info    0x0000000000017c5a      0x168 build/postcar/lib/reset.o
 .debug_info    0x0000000000017dc2      0xf1b build/postcar/lib/rmodule.o
 .debug_info    0x0000000000018cdd      0x20d build/postcar/lib/romstage_handoff.o
 .debug_info    0x0000000000018eea      0x71a build/postcar/lib/string.o
 .debug_info    0x0000000000019604      0xcf4 build/postcar/lib/timestamp.o
 .debug_info    0x000000000001a2f8      0x1e0 build/postcar/lib/version.o
 .debug_info    0x000000000001a4d8     0x1414 build/postcar/northbridge/intel/gm45/memmap.o
 .debug_info    0x000000000001b8ec       0x52 build/postcar/southbridge/intel/common/reset.o
 .debug_info    0x000000000001b93e      0xbc3 /home/jason/libreboot-repo/libreboot_x200/coreboot-4.13/util/crossgcc/xgcc/lib/gcc/i386-elf/8.3.0/libgcc.a(_udivdi3.o)
 .debug_info    0x000000000001c501      0xb08 /home/jason/libreboot-repo/libreboot_x200/coreboot-4.13/util/crossgcc/xgcc/lib/gcc/i386-elf/8.3.0/libgcc.a(_udivmoddi4.o)

.debug_abbrev   0x0000000000000000     0x6d18
 .debug_abbrev  0x0000000000000000      0x1a3 build/postcar/arch/x86/boot.o
 .debug_abbrev  0x00000000000001a3      0x17d build/postcar/arch/x86/cf9_reset.o
 .debug_abbrev  0x0000000000000320       0x14 build/postcar/arch/x86/exit_car.o
 .debug_abbrev  0x0000000000000334       0x14 build/postcar/arch/x86/gdt_init.o
 .debug_abbrev  0x0000000000000348       0xbe build/postcar/arch/x86/memcpy.o
 .debug_abbrev  0x0000000000000406       0xd2 build/postcar/arch/x86/memmove.o
 .debug_abbrev  0x00000000000004d8       0xe9 build/postcar/arch/x86/memset.o
 .debug_abbrev  0x00000000000005c1       0xe8 build/postcar/arch/x86/mmap_boot.o
 .debug_abbrev  0x00000000000006a9      0x20f build/postcar/arch/x86/post.o
 .debug_abbrev  0x00000000000008b8      0x14e build/postcar/arch/x86/postcar.o
 .debug_abbrev  0x0000000000000a06      0x17c build/postcar/arch/x86/timestamp.o
 .debug_abbrev  0x0000000000000b82      0x30d build/postcar/commonlib/bsd/cbfs_private.o
 .debug_abbrev  0x0000000000000e8f      0x381 build/postcar/commonlib/bsd/lz4_wrapper.o
 .debug_abbrev  0x0000000000001210      0x4cc build/postcar/commonlib/cbfs.o
 .debug_abbrev  0x00000000000016dc      0x42b build/postcar/commonlib/region.o
 .debug_abbrev  0x0000000000001b07      0x181 build/postcar/console/console.o
 .debug_abbrev  0x0000000000001c88       0xf6 build/postcar/console/die.o
 .debug_abbrev  0x0000000000001d7e      0x2f9 build/postcar/console/init.o
 .debug_abbrev  0x0000000000002077       0xd4 build/postcar/console/post.o
 .debug_abbrev  0x000000000000214b      0x2ad build/postcar/console/printk.o
 .debug_abbrev  0x00000000000023f8      0x1f7 build/postcar/console/vtxprintf.o
 .debug_abbrev  0x00000000000025ef       0x14 build/postcar/cpu/intel/car/p4-netburst/exit_car.o
 .debug_abbrev  0x0000000000002603      0x25e build/postcar/cpu/intel/common/fsb.o
 .debug_abbrev  0x0000000000002861      0x116 build/postcar/cpu/x86/lapic/boot_cpu.o
 .debug_abbrev  0x0000000000002977       0xb1 build/postcar/cpu/x86/mtrr/debug.o
 .debug_abbrev  0x0000000000002a28      0x198 build/postcar/cpu/x86/smm/tseg_region.o
 .debug_abbrev  0x0000000000002bc0      0x27d build/postcar/cpu/x86/tsc/delay_tsc.o
 .debug_abbrev  0x0000000000002e3d      0x2e2 build/postcar/device/pci_ops.o
 .debug_abbrev  0x000000000000311f      0x455 build/postcar/drivers/pc80/rtc/mc146818rtc.o
 .debug_abbrev  0x0000000000003574      0x3f8 build/postcar/drivers/pc80/rtc/option.o
 .debug_abbrev  0x000000000000396c      0x1a6 build/postcar/lib/boot_device.o
 .debug_abbrev  0x0000000000003b12      0x484 build/postcar/lib/cbfs.o
 .debug_abbrev  0x0000000000003f96       0xd9 build/postcar/lib/cbmem_common.o
 .debug_abbrev  0x000000000000406f      0x25b build/postcar/lib/cbmem_console.o
 .debug_abbrev  0x00000000000042ca      0x2e0 build/postcar/lib/ext_stage_cache.o
 .debug_abbrev  0x00000000000045aa      0x30a build/postcar/lib/fmap.o
 .debug_abbrev  0x00000000000048b4       0xa7 build/postcar/lib/gcc.o
 .debug_abbrev  0x000000000000495b       0x5a build/postcar/lib/halt.o
 .debug_abbrev  0x00000000000049b5      0x46f build/postcar/lib/imd.o
 .debug_abbrev  0x0000000000004e24      0x3af build/postcar/lib/imd_cbmem.o
 .debug_abbrev  0x00000000000051d3      0x163 build/postcar/lib/lzma.o
 .debug_abbrev  0x0000000000005336      0x19d build/postcar/lib/lzmadecode.o
 .debug_abbrev  0x00000000000054d3       0xda build/postcar/lib/memcmp.o
 .debug_abbrev  0x00000000000055ad      0x2dc build/postcar/lib/prog_loaders.o
 .debug_abbrev  0x0000000000005889      0x1a1 build/postcar/lib/prog_ops.o
 .debug_abbrev  0x0000000000005a2a       0xf6 build/postcar/lib/reset.o
 .debug_abbrev  0x0000000000005b20      0x2d3 build/postcar/lib/rmodule.o
 .debug_abbrev  0x0000000000005df3      0x13a build/postcar/lib/romstage_handoff.o
 .debug_abbrev  0x0000000000005f2d      0x1ae build/postcar/lib/string.o
 .debug_abbrev  0x00000000000060db      0x3bb build/postcar/lib/timestamp.o
 .debug_abbrev  0x0000000000006496       0x85 build/postcar/lib/version.o
 .debug_abbrev  0x000000000000651b      0x38e build/postcar/northbridge/intel/gm45/memmap.o
 .debug_abbrev  0x00000000000068a9       0x4e build/postcar/southbridge/intel/common/reset.o
 .debug_abbrev  0x00000000000068f7      0x23a /home/jason/libreboot-repo/libreboot_x200/coreboot-4.13/util/crossgcc/xgcc/lib/gcc/i386-elf/8.3.0/libgcc.a(_udivdi3.o)
 .debug_abbrev  0x0000000000006b31      0x1e7 /home/jason/libreboot-repo/libreboot_x200/coreboot-4.13/util/crossgcc/xgcc/lib/gcc/i386-elf/8.3.0/libgcc.a(_udivmoddi4.o)

.debug_loc      0x0000000000000000     0xbe33
 .debug_loc     0x0000000000000000       0x3c build/postcar/arch/x86/boot.o
 .debug_loc     0x000000000000003c       0xb8 build/postcar/arch/x86/cf9_reset.o
 .debug_loc     0x00000000000000f4       0x16 build/postcar/arch/x86/memmove.o
 .debug_loc     0x000000000000010a       0x46 build/postcar/arch/x86/memset.o
 .debug_loc     0x0000000000000150       0x2d build/postcar/arch/x86/post.o
 .debug_loc     0x000000000000017d       0x1a build/postcar/arch/x86/timestamp.o
 .debug_loc     0x0000000000000197      0x59e build/postcar/commonlib/bsd/cbfs_private.o
 .debug_loc     0x0000000000000735      0xb38 build/postcar/commonlib/bsd/lz4_wrapper.o
 .debug_loc     0x000000000000126d      0x8af build/postcar/commonlib/cbfs.o
 .debug_loc     0x0000000000001b1c      0xaaf build/postcar/commonlib/region.o
 .debug_loc     0x00000000000025cb       0xca build/postcar/console/console.o
 .debug_loc     0x0000000000002695       0x24 build/postcar/console/die.o
 .debug_loc     0x00000000000026b9       0x49 build/postcar/console/init.o
 .debug_loc     0x0000000000002702       0x16 build/postcar/console/post.o
 .debug_loc     0x0000000000002718      0x173 build/postcar/console/printk.o
 .debug_loc     0x000000000000288b      0xbb7 build/postcar/console/vtxprintf.o
 .debug_loc     0x0000000000003442      0x57f build/postcar/cpu/intel/common/fsb.o
 .debug_loc     0x00000000000039c1       0x68 build/postcar/cpu/x86/lapic/boot_cpu.o
 .debug_loc     0x0000000000003a29       0x23 build/postcar/cpu/x86/smm/tseg_region.o
 .debug_loc     0x0000000000003a4c      0x19f build/postcar/cpu/x86/tsc/delay_tsc.o
 .debug_loc     0x0000000000003beb      0x402 build/postcar/device/pci_ops.o
 .debug_loc     0x0000000000003fed      0x630 build/postcar/drivers/pc80/rtc/mc146818rtc.o
 .debug_loc     0x000000000000461d      0xd9a build/postcar/drivers/pc80/rtc/option.o
 .debug_loc     0x00000000000053b7       0xb6 build/postcar/lib/boot_device.o
 .debug_loc     0x000000000000546d      0x77d build/postcar/lib/cbfs.o
 .debug_loc     0x0000000000005bea       0x15 build/postcar/lib/cbmem_common.o
 .debug_loc     0x0000000000005bff      0x222 build/postcar/lib/cbmem_console.o
 .debug_loc     0x0000000000005e21      0x45f build/postcar/lib/ext_stage_cache.o
 .debug_loc     0x0000000000006280      0x2df build/postcar/lib/fmap.o
 .debug_loc     0x000000000000655f     0x1b27 build/postcar/lib/imd.o
 .debug_loc     0x0000000000008086      0x1fa build/postcar/lib/imd_cbmem.o
 .debug_loc     0x0000000000008280       0xb8 build/postcar/lib/lzma.o
 .debug_loc     0x0000000000008338     0x1923 build/postcar/lib/lzmadecode.o
 .debug_loc     0x0000000000009c5b      0x123 build/postcar/lib/memcmp.o
 .debug_loc     0x0000000000009d7e       0xef build/postcar/lib/prog_loaders.o
 .debug_loc     0x0000000000009e6d       0x58 build/postcar/lib/prog_ops.o
 .debug_loc     0x0000000000009ec5      0x47f build/postcar/lib/rmodule.o
 .debug_loc     0x000000000000a344       0x81 build/postcar/lib/romstage_handoff.o
 .debug_loc     0x000000000000a3c5      0x6ee build/postcar/lib/string.o
 .debug_loc     0x000000000000aab3      0x291 build/postcar/lib/timestamp.o
 .debug_loc     0x000000000000ad44      0x34a build/postcar/northbridge/intel/gm45/memmap.o
 .debug_loc     0x000000000000b08e      0x79c /home/jason/libreboot-repo/libreboot_x200/coreboot-4.13/util/crossgcc/xgcc/lib/gcc/i386-elf/8.3.0/libgcc.a(_udivdi3.o)
 .debug_loc     0x000000000000b82a      0x609 /home/jason/libreboot-repo/libreboot_x200/coreboot-4.13/util/crossgcc/xgcc/lib/gcc/i386-elf/8.3.0/libgcc.a(_udivmoddi4.o)

.debug_aranges  0x0000000000000000      0xd70
 .debug_aranges
                0x0000000000000000       0x28 build/postcar/arch/x86/boot.o
 .debug_aranges
                0x0000000000000028       0x38 build/postcar/arch/x86/cf9_reset.o
 .debug_aranges
                0x0000000000000060       0x20 build/postcar/arch/x86/exit_car.o
 .debug_aranges
                0x0000000000000080       0x20 build/postcar/arch/x86/gdt_init.o
 .debug_aranges
                0x00000000000000a0       0x20 build/postcar/arch/x86/memcpy.o
 .debug_aranges
                0x00000000000000c0       0x20 build/postcar/arch/x86/memmove.o
 .debug_aranges
                0x00000000000000e0       0x20 build/postcar/arch/x86/memset.o
 .debug_aranges
                0x0000000000000100       0x20 build/postcar/arch/x86/mmap_boot.o
 .debug_aranges
                0x0000000000000120       0x20 build/postcar/arch/x86/post.o
 .debug_aranges
                0x0000000000000140       0x28 build/postcar/arch/x86/postcar.o
 .debug_aranges
                0x0000000000000168       0x28 build/postcar/arch/x86/timestamp.o
 .debug_aranges
                0x0000000000000190       0x38 build/postcar/commonlib/bsd/cbfs_private.o
 .debug_aranges
                0x00000000000001c8       0x38 build/postcar/commonlib/bsd/lz4_wrapper.o
 .debug_aranges
                0x0000000000000200       0x60 build/postcar/commonlib/cbfs.o
 .debug_aranges
                0x0000000000000260      0x120 build/postcar/commonlib/region.o
 .debug_aranges
                0x0000000000000380       0x38 build/postcar/console/console.o
 .debug_aranges
                0x00000000000003b8       0x28 build/postcar/console/die.o
 .debug_aranges
                0x00000000000003e0       0x28 build/postcar/console/init.o
 .debug_aranges
                0x0000000000000408       0x28 build/postcar/console/post.o
 .debug_aranges
                0x0000000000000430       0x60 build/postcar/console/printk.o
 .debug_aranges
                0x0000000000000490       0x28 build/postcar/console/vtxprintf.o
 .debug_aranges
                0x00000000000004b8       0x20 build/postcar/cpu/intel/car/p4-netburst/exit_car.o
 .debug_aranges
                0x00000000000004d8       0x38 build/postcar/cpu/intel/common/fsb.o
 .debug_aranges
                0x0000000000000510       0x20 build/postcar/cpu/x86/lapic/boot_cpu.o
 .debug_aranges
                0x0000000000000530       0x20 build/postcar/cpu/x86/mtrr/debug.o
 .debug_aranges
                0x0000000000000550       0x30 build/postcar/cpu/x86/smm/tseg_region.o
 .debug_aranges
                0x0000000000000580       0x30 build/postcar/cpu/x86/tsc/delay_tsc.o
 .debug_aranges
                0x00000000000005b0       0x38 build/postcar/device/pci_ops.o
 .debug_aranges
                0x00000000000005e8       0x88 build/postcar/drivers/pc80/rtc/mc146818rtc.o
 .debug_aranges
                0x0000000000000670       0x60 build/postcar/drivers/pc80/rtc/option.o
 .debug_aranges
                0x00000000000006d0       0x38 build/postcar/lib/boot_device.o
 .debug_aranges
                0x0000000000000708       0x70 build/postcar/lib/cbfs.o
 .debug_aranges
                0x0000000000000778       0x20 build/postcar/lib/cbmem_common.o
 .debug_aranges
                0x0000000000000798       0x30 build/postcar/lib/cbmem_console.o
 .debug_aranges
                0x00000000000007c8       0x40 build/postcar/lib/ext_stage_cache.o
 .debug_aranges
                0x0000000000000808       0x60 build/postcar/lib/fmap.o
 .debug_aranges
                0x0000000000000868       0x38 build/postcar/lib/gcc.o
 .debug_aranges
                0x00000000000008a0       0x20 build/postcar/lib/halt.o
 .debug_aranges
                0x00000000000008c0       0xd8 build/postcar/lib/imd.o
 .debug_aranges
                0x0000000000000998       0x98 build/postcar/lib/imd_cbmem.o
 .debug_aranges
                0x0000000000000a30       0x20 build/postcar/lib/lzma.o
 .debug_aranges
                0x0000000000000a50       0x28 build/postcar/lib/lzmadecode.o
 .debug_aranges
                0x0000000000000a78       0x20 build/postcar/lib/memcmp.o
 .debug_aranges
                0x0000000000000a98       0x38 build/postcar/lib/prog_loaders.o
 .debug_aranges
                0x0000000000000ad0       0x38 build/postcar/lib/prog_ops.o
 .debug_aranges
                0x0000000000000b08       0x20 build/postcar/lib/reset.o
 .debug_aranges
                0x0000000000000b28       0x60 build/postcar/lib/rmodule.o
 .debug_aranges
                0x0000000000000b88       0x28 build/postcar/lib/romstage_handoff.o
 .debug_aranges
                0x0000000000000bb0       0xa0 build/postcar/lib/string.o
 .debug_aranges
                0x0000000000000c50       0x58 build/postcar/lib/timestamp.o
 .debug_aranges
                0x0000000000000ca8       0x18 build/postcar/lib/version.o
 .debug_aranges
                0x0000000000000cc0       0x50 build/postcar/northbridge/intel/gm45/memmap.o
 .debug_aranges
                0x0000000000000d10       0x20 build/postcar/southbridge/intel/common/reset.o
 .debug_aranges
                0x0000000000000d30       0x20 /home/jason/libreboot-repo/libreboot_x200/coreboot-4.13/util/crossgcc/xgcc/lib/gcc/i386-elf/8.3.0/libgcc.a(_udivdi3.o)
 .debug_aranges
                0x0000000000000d50       0x20 /home/jason/libreboot-repo/libreboot_x200/coreboot-4.13/util/crossgcc/xgcc/lib/gcc/i386-elf/8.3.0/libgcc.a(_udivmoddi4.o)

.debug_ranges   0x0000000000000000     0x20f8
 .debug_ranges  0x0000000000000000       0x18 build/postcar/arch/x86/boot.o
 .debug_ranges  0x0000000000000018       0x68 build/postcar/arch/x86/cf9_reset.o
 .debug_ranges  0x0000000000000080       0x10 build/postcar/arch/x86/memcpy.o
 .debug_ranges  0x0000000000000090       0x10 build/postcar/arch/x86/memmove.o
 .debug_ranges  0x00000000000000a0       0x10 build/postcar/arch/x86/memset.o
 .debug_ranges  0x00000000000000b0       0x10 build/postcar/arch/x86/mmap_boot.o
 .debug_ranges  0x00000000000000c0       0x10 build/postcar/arch/x86/post.o
 .debug_ranges  0x00000000000000d0       0x18 build/postcar/arch/x86/postcar.o
 .debug_ranges  0x00000000000000e8       0x50 build/postcar/arch/x86/timestamp.o
 .debug_ranges  0x0000000000000138      0x168 build/postcar/commonlib/bsd/cbfs_private.o
 .debug_ranges  0x00000000000002a0      0x180 build/postcar/commonlib/bsd/lz4_wrapper.o
 .debug_ranges  0x0000000000000420      0x1b0 build/postcar/commonlib/cbfs.o
 .debug_ranges  0x00000000000005d0      0x1c8 build/postcar/commonlib/region.o
 .debug_ranges  0x0000000000000798       0x68 build/postcar/console/console.o
 .debug_ranges  0x0000000000000800       0x18 build/postcar/console/die.o
 .debug_ranges  0x0000000000000818       0x60 build/postcar/console/init.o
 .debug_ranges  0x0000000000000878       0x18 build/postcar/console/post.o
 .debug_ranges  0x0000000000000890       0x98 build/postcar/console/printk.o
 .debug_ranges  0x0000000000000928       0x30 build/postcar/console/vtxprintf.o
 .debug_ranges  0x0000000000000958       0xa0 build/postcar/cpu/intel/common/fsb.o
 .debug_ranges  0x00000000000009f8       0x10 build/postcar/cpu/x86/lapic/boot_cpu.o
 .debug_ranges  0x0000000000000a08       0x10 build/postcar/cpu/x86/mtrr/debug.o
 .debug_ranges  0x0000000000000a18       0x20 build/postcar/cpu/x86/smm/tseg_region.o
 .debug_ranges  0x0000000000000a38       0xf0 build/postcar/cpu/x86/tsc/delay_tsc.o
 .debug_ranges  0x0000000000000b28      0x1d0 build/postcar/device/pci_ops.o
 .debug_ranges  0x0000000000000cf8      0x168 build/postcar/drivers/pc80/rtc/mc146818rtc.o
 .debug_ranges  0x0000000000000e60      0x1b8 build/postcar/drivers/pc80/rtc/option.o
 .debug_ranges  0x0000000000001018       0x58 build/postcar/lib/boot_device.o
 .debug_ranges  0x0000000000001070      0x168 build/postcar/lib/cbfs.o
 .debug_ranges  0x00000000000011d8       0x10 build/postcar/lib/cbmem_common.o
 .debug_ranges  0x00000000000011e8       0x38 build/postcar/lib/cbmem_console.o
 .debug_ranges  0x0000000000001220      0x140 build/postcar/lib/ext_stage_cache.o
 .debug_ranges  0x0000000000001360      0x118 build/postcar/lib/fmap.o
 .debug_ranges  0x0000000000001478       0x28 build/postcar/lib/gcc.o
 .debug_ranges  0x00000000000014a0       0x10 build/postcar/lib/halt.o
 .debug_ranges  0x00000000000014b0      0x488 build/postcar/lib/imd.o
 .debug_ranges  0x0000000000001938       0xa0 build/postcar/lib/imd_cbmem.o
 .debug_ranges  0x00000000000019d8       0x10 build/postcar/lib/lzma.o
 .debug_ranges  0x00000000000019e8      0x128 build/postcar/lib/lzmadecode.o
 .debug_ranges  0x0000000000001b10       0x10 build/postcar/lib/memcmp.o
 .debug_ranges  0x0000000000001b20       0x90 build/postcar/lib/prog_loaders.o
 .debug_ranges  0x0000000000001bb0       0x28 build/postcar/lib/prog_ops.o
 .debug_ranges  0x0000000000001bd8       0x30 build/postcar/lib/reset.o
 .debug_ranges  0x0000000000001c08      0x148 build/postcar/lib/rmodule.o
 .debug_ranges  0x0000000000001d50       0x38 build/postcar/lib/romstage_handoff.o
 .debug_ranges  0x0000000000001d88       0x90 build/postcar/lib/string.o
 .debug_ranges  0x0000000000001e18      0x130 build/postcar/lib/timestamp.o
 .debug_ranges  0x0000000000001f48      0x158 build/postcar/northbridge/intel/gm45/memmap.o
 .debug_ranges  0x00000000000020a0       0x10 build/postcar/southbridge/intel/common/reset.o
 .debug_ranges  0x00000000000020b0       0x28 /home/jason/libreboot-repo/libreboot_x200/coreboot-4.13/util/crossgcc/xgcc/lib/gcc/i386-elf/8.3.0/libgcc.a(_udivdi3.o)
 .debug_ranges  0x00000000000020d8       0x20 /home/jason/libreboot-repo/libreboot_x200/coreboot-4.13/util/crossgcc/xgcc/lib/gcc/i386-elf/8.3.0/libgcc.a(_udivmoddi4.o)

.debug_line     0x0000000000000000     0xaf18
 .debug_line    0x0000000000000000      0x150 build/postcar/arch/x86/boot.o
 .debug_line    0x0000000000000150      0x200 build/postcar/arch/x86/cf9_reset.o
 .debug_line    0x0000000000000350       0x75 build/postcar/arch/x86/exit_car.o
 .debug_line    0x00000000000003c5       0x46 build/postcar/arch/x86/gdt_init.o
 .debug_line    0x000000000000040b       0x85 build/postcar/arch/x86/memcpy.o
 .debug_line    0x0000000000000490       0x7a build/postcar/arch/x86/memmove.o
 .debug_line    0x000000000000050a       0xc9 build/postcar/arch/x86/memset.o
 .debug_line    0x00000000000005d3       0xa1 build/postcar/arch/x86/mmap_boot.o
 .debug_line    0x0000000000000674       0xe4 build/postcar/arch/x86/post.o
 .debug_line    0x0000000000000758      0x14c build/postcar/arch/x86/postcar.o
 .debug_line    0x00000000000008a4      0x11e build/postcar/arch/x86/timestamp.o
 .debug_line    0x00000000000009c2      0x553 build/postcar/commonlib/bsd/cbfs_private.o
 .debug_line    0x0000000000000f15      0x558 build/postcar/commonlib/bsd/lz4_wrapper.o
 .debug_line    0x000000000000146d      0x772 build/postcar/commonlib/cbfs.o
 .debug_line    0x0000000000001bdf      0xa02 build/postcar/commonlib/region.o
 .debug_line    0x00000000000025e1      0x254 build/postcar/console/console.o
 .debug_line    0x0000000000002835       0xb4 build/postcar/console/die.o
 .debug_line    0x00000000000028e9      0x218 build/postcar/console/init.o
 .debug_line    0x0000000000002b01       0x97 build/postcar/console/post.o
 .debug_line    0x0000000000002b98      0x301 build/postcar/console/printk.o
 .debug_line    0x0000000000002e99      0x655 build/postcar/console/vtxprintf.o
 .debug_line    0x00000000000034ee       0x63 build/postcar/cpu/intel/car/p4-netburst/exit_car.o
 .debug_line    0x0000000000003551      0x3ff build/postcar/cpu/intel/common/fsb.o
 .debug_line    0x0000000000003950       0xa5 build/postcar/cpu/x86/lapic/boot_cpu.o
 .debug_line    0x00000000000039f5       0xa6 build/postcar/cpu/x86/mtrr/debug.o
 .debug_line    0x0000000000003a9b      0x229 build/postcar/cpu/x86/smm/tseg_region.o
 .debug_line    0x0000000000003cc4      0x296 build/postcar/cpu/x86/tsc/delay_tsc.o
 .debug_line    0x0000000000003f5a      0x3c1 build/postcar/device/pci_ops.o
 .debug_line    0x000000000000431b      0x737 build/postcar/drivers/pc80/rtc/mc146818rtc.o
 .debug_line    0x0000000000004a52      0x934 build/postcar/drivers/pc80/rtc/option.o
 .debug_line    0x0000000000005386      0x14f build/postcar/lib/boot_device.o
 .debug_line    0x00000000000054d5      0x907 build/postcar/lib/cbfs.o
 .debug_line    0x0000000000005ddc       0xb0 build/postcar/lib/cbmem_common.o
 .debug_line    0x0000000000005e8c      0x23c build/postcar/lib/cbmem_console.o
 .debug_line    0x00000000000060c8      0x465 build/postcar/lib/ext_stage_cache.o
 .debug_line    0x000000000000652d      0x4e1 build/postcar/lib/fmap.o
 .debug_line    0x0000000000006a0e       0x8e build/postcar/lib/gcc.o
 .debug_line    0x0000000000006a9c       0x7f build/postcar/lib/halt.o
 .debug_line    0x0000000000006b1b      0xf55 build/postcar/lib/imd.o
 .debug_line    0x0000000000007a70      0x47a build/postcar/lib/imd_cbmem.o
 .debug_line    0x0000000000007eea      0x124 build/postcar/lib/lzma.o
 .debug_line    0x000000000000800e      0xe54 build/postcar/lib/lzmadecode.o
 .debug_line    0x0000000000008e62       0x92 build/postcar/lib/memcmp.o
 .debug_line    0x0000000000008ef4      0x407 build/postcar/lib/prog_loaders.o
 .debug_line    0x00000000000092fb      0x106 build/postcar/lib/prog_ops.o
 .debug_line    0x0000000000009401       0xfd build/postcar/lib/reset.o
 .debug_line    0x00000000000094fe      0x62b build/postcar/lib/rmodule.o
 .debug_line    0x0000000000009b29      0x13d build/postcar/lib/romstage_handoff.o
 .debug_line    0x0000000000009c66      0x4e1 build/postcar/lib/string.o
 .debug_line    0x000000000000a147      0x42e build/postcar/lib/timestamp.o
 .debug_line    0x000000000000a575       0x4b build/postcar/lib/version.o
 .debug_line    0x000000000000a5c0      0x43e build/postcar/northbridge/intel/gm45/memmap.o
 .debug_line    0x000000000000a9fe       0x82 build/postcar/southbridge/intel/common/reset.o
 .debug_line    0x000000000000aa80      0x214 /home/jason/libreboot-repo/libreboot_x200/coreboot-4.13/util/crossgcc/xgcc/lib/gcc/i386-elf/8.3.0/libgcc.a(_udivdi3.o)
 .debug_line    0x000000000000ac94      0x284 /home/jason/libreboot-repo/libreboot_x200/coreboot-4.13/util/crossgcc/xgcc/lib/gcc/i386-elf/8.3.0/libgcc.a(_udivmoddi4.o)

.debug_str      0x0000000000000000     0x7da1
 .debug_str     0x0000000000000000      0x5cc build/postcar/arch/x86/boot.o
                                        0x6a9 (size before relaxing)
 .debug_str     0x00000000000005cc       0x99 build/postcar/arch/x86/cf9_reset.o
                                        0x29d (size before relaxing)
 .debug_str     0x0000000000000665       0x24 build/postcar/arch/x86/exit_car.o
                                         0x5c (size before relaxing)
 .debug_str     0x0000000000000689       0x18 build/postcar/arch/x86/gdt_init.o
                                         0x5c (size before relaxing)
 .debug_str     0x00000000000006a1       0x22 build/postcar/arch/x86/memcpy.o
                                        0x1f8 (size before relaxing)
 .debug_str     0x00000000000006c3       0x1f build/postcar/arch/x86/memmove.o
                                        0x1fa (size before relaxing)
 .debug_str     0x00000000000006e2       0x2d build/postcar/arch/x86/memset.o
                                        0x20c (size before relaxing)
 .debug_str     0x000000000000070f       0x3b build/postcar/arch/x86/mmap_boot.o
                                        0x2d4 (size before relaxing)
 .debug_str     0x000000000000074a      0x58f build/postcar/arch/x86/post.o
                                        0x847 (size before relaxing)
 .debug_str     0x0000000000000cd9      0x8ea build/postcar/arch/x86/postcar.o
                                        0xbbd (size before relaxing)
 .debug_str     0x00000000000015c3       0x92 build/postcar/arch/x86/timestamp.o
                                        0x28d (size before relaxing)
 .debug_str     0x0000000000001655      0x4d1 build/postcar/commonlib/bsd/cbfs_private.o
                                        0x7d6 (size before relaxing)
 .debug_str     0x0000000000001b26      0x2fa build/postcar/commonlib/bsd/lz4_wrapper.o
                                        0x544 (size before relaxing)
 .debug_str     0x0000000000001e20     0x2649 build/postcar/commonlib/cbfs.o
                                       0x2b27 (size before relaxing)
 .debug_str     0x0000000000004469      0x376 build/postcar/commonlib/region.o
                                        0x6d1 (size before relaxing)
 .debug_str     0x00000000000047df      0x1e5 build/postcar/console/console.o
                                        0x410 (size before relaxing)
 .debug_str     0x00000000000049c4       0x3a build/postcar/console/die.o
                                        0x21b (size before relaxing)
 .debug_str     0x00000000000049fe      0x27f build/postcar/console/init.o
                                        0xc60 (size before relaxing)
 .debug_str     0x0000000000004c7d       0x22 build/postcar/console/post.o
                                        0x218 (size before relaxing)
 .debug_str     0x0000000000004c9f      0x150 build/postcar/console/printk.o
                                        0x40e (size before relaxing)
 .debug_str     0x0000000000004def       0x6a build/postcar/console/vtxprintf.o
                                        0x297 (size before relaxing)
 .debug_str     0x0000000000004e59       0x29 build/postcar/cpu/intel/car/p4-netburst/exit_car.o
                                         0x6d (size before relaxing)
 .debug_str     0x0000000000004e82       0xe7 build/postcar/cpu/intel/common/fsb.o
                                        0x30e (size before relaxing)
 .debug_str     0x0000000000004f69       0x1d build/postcar/cpu/x86/lapic/boot_cpu.o
                                        0x219 (size before relaxing)
 .debug_str     0x0000000000004f86       0x6a build/postcar/cpu/x86/mtrr/debug.o
                                        0x267 (size before relaxing)
 .debug_str     0x0000000000004ff0       0xea build/postcar/cpu/x86/smm/tseg_region.o
                                        0x3c1 (size before relaxing)
 .debug_str     0x00000000000050da       0xe1 build/postcar/cpu/x86/tsc/delay_tsc.o
                                        0x33c (size before relaxing)
 .debug_str     0x00000000000051bb      0x13c build/postcar/device/pci_ops.o
                                        0xa3e (size before relaxing)
 .debug_str     0x00000000000052f7      0x195 build/postcar/drivers/pc80/rtc/mc146818rtc.o
                                        0xb59 (size before relaxing)
 .debug_str     0x000000000000548c      0x4ff build/postcar/drivers/pc80/rtc/option.o
                                        0xb0b (size before relaxing)
 .debug_str     0x000000000000598b       0xd1 build/postcar/lib/boot_device.o
                                        0x38c (size before relaxing)
 .debug_str     0x0000000000005a5c      0x236 build/postcar/lib/cbfs.o
                                       0x1446 (size before relaxing)
 .debug_str     0x0000000000005c92       0x59 build/postcar/lib/cbmem_common.o
                                        0x517 (size before relaxing)
 .debug_str     0x0000000000005ceb      0x11e build/postcar/lib/cbmem_console.o
                                        0x63c (size before relaxing)
 .debug_str     0x0000000000005e09      0x1c4 build/postcar/lib/ext_stage_cache.o
                                        0x663 (size before relaxing)
 .debug_str     0x0000000000005fcd      0x1dc build/postcar/lib/fmap.o
                                        0x91d (size before relaxing)
 .debug_str     0x00000000000061a9       0x92 build/postcar/lib/gcc.o
                                        0x261 (size before relaxing)
 .debug_str     0x000000000000623b        0xf build/postcar/lib/halt.o
                                        0x14c (size before relaxing)
 .debug_str     0x000000000000624a      0x356 build/postcar/lib/imd.o
                                        0x6b0 (size before relaxing)
 .debug_str     0x00000000000065a0      0x2a1 build/postcar/lib/imd_cbmem.o
                                        0xa0a (size before relaxing)
 .debug_str     0x0000000000006841       0xaa build/postcar/lib/lzma.o
                                        0x2e7 (size before relaxing)
 .debug_str     0x00000000000068eb      0x14e build/postcar/lib/lzmadecode.o
                                        0x3d1 (size before relaxing)
 .debug_str     0x0000000000006a39       0x1b build/postcar/lib/memcmp.o
                                        0x1b1 (size before relaxing)
 .debug_str     0x0000000000006a54      0x116 build/postcar/lib/prog_loaders.o
                                       0x11a3 (size before relaxing)
 .debug_str     0x0000000000006b6a       0x51 build/postcar/lib/prog_ops.o
                                        0x3fb (size before relaxing)
 .debug_str     0x0000000000006bbb       0x1f build/postcar/lib/reset.o
                                        0x246 (size before relaxing)
 .debug_str     0x0000000000006bda      0x2ae build/postcar/lib/rmodule.o
                                        0x7bd (size before relaxing)
 .debug_str     0x0000000000006e88       0x7c build/postcar/lib/romstage_handoff.o
                                        0x2c8 (size before relaxing)
 .debug_str     0x0000000000006f04       0xd1 build/postcar/lib/string.o
                                        0x2e5 (size before relaxing)
 .debug_str     0x0000000000006fd5      0x198 build/postcar/lib/timestamp.o
                                        0xff8 (size before relaxing)
 .debug_str     0x000000000000716d       0x12 build/postcar/lib/version.o
                                        0x292 (size before relaxing)
 .debug_str     0x000000000000717f      0x1b4 build/postcar/northbridge/intel/gm45/memmap.o
                                        0xbb9 (size before relaxing)
 .debug_str     0x0000000000007333       0x25 build/postcar/southbridge/intel/common/reset.o
                                        0x179 (size before relaxing)
 .debug_str     0x0000000000007358      0xa49 /home/jason/libreboot-repo/libreboot_x200/coreboot-4.13/util/crossgcc/xgcc/lib/gcc/i386-elf/8.3.0/libgcc.a(_udivdi3.o)
                                        0xb5f (size before relaxing)
 .debug_str     0x0000000000007da1      0xb55 /home/jason/libreboot-repo/libreboot_x200/coreboot-4.13/util/crossgcc/xgcc/lib/gcc/i386-elf/8.3.0/libgcc.a(_udivmoddi4.o)
