Archive member included to satisfy reference by file (symbol)

/home/jason/x200_stable/coreboot-4.12/util/crossgcc/xgcc/bin/../lib/gcc/i386-elf/8.3.0/libgcc.a(_divdi3.o)
                              build/postcar/lib/gcc.o (__divdi3)
/home/jason/x200_stable/coreboot-4.12/util/crossgcc/xgcc/bin/../lib/gcc/i386-elf/8.3.0/libgcc.a(_moddi3.o)
                              build/postcar/lib/gcc.o (__moddi3)
/home/jason/x200_stable/coreboot-4.12/util/crossgcc/xgcc/bin/../lib/gcc/i386-elf/8.3.0/libgcc.a(_udivdi3.o)
                              build/postcar/lib/gcc.o (__udivdi3)
/home/jason/x200_stable/coreboot-4.12/util/crossgcc/xgcc/bin/../lib/gcc/i386-elf/8.3.0/libgcc.a(_umoddi3.o)
                              build/postcar/lib/gcc.o (__umoddi3)
/home/jason/x200_stable/coreboot-4.12/util/crossgcc/xgcc/bin/../lib/gcc/i386-elf/8.3.0/libgcc.a(_udivmoddi4.o)
                              build/postcar/console/vtxprintf.o (__udivmoddi4)

Discarded input sections

 .text          0x0000000000000000        0x0 build/postcar/mainboard/lenovo/x200/static.o
 .data          0x0000000000000000        0x0 build/postcar/mainboard/lenovo/x200/static.o
 .bss           0x0000000000000000        0x0 build/postcar/mainboard/lenovo/x200/static.o
 .rodata.__pnp_164e_19
                0x0000000000000000        0x4 build/postcar/mainboard/lenovo/x200/static.o
 .rodata.__pnp_164e_07
                0x0000000000000000        0x4 build/postcar/mainboard/lenovo/x200/static.o
 .rodata.__pnp_164e_02
                0x0000000000000000        0x4 build/postcar/mainboard/lenovo/x200/static.o
 .rodata.__pnp_164e_03
                0x0000000000000000        0x4 build/postcar/mainboard/lenovo/x200/static.o
 .rodata.__pnp_00ff_02
                0x0000000000000000        0x4 build/postcar/mainboard/lenovo/x200/static.o
 .rodata.__pnp_00ff_01
                0x0000000000000000        0x4 build/postcar/mainboard/lenovo/x200/static.o
 .rodata.__pci_0_1f_6
                0x0000000000000000        0x4 build/postcar/mainboard/lenovo/x200/static.o
 .rodata.__pci_0_1f_5
                0x0000000000000000        0x4 build/postcar/mainboard/lenovo/x200/static.o
 .rodata.__pci_0_1f_3
                0x0000000000000000        0x4 build/postcar/mainboard/lenovo/x200/static.o
 .rodata.__pci_0_1f_2
                0x0000000000000000        0x4 build/postcar/mainboard/lenovo/x200/static.o
 .rodata.__pci_0_1f_0
                0x0000000000000000        0x4 build/postcar/mainboard/lenovo/x200/static.o
 .rodata.__pci_0_1e_0
                0x0000000000000000        0x4 build/postcar/mainboard/lenovo/x200/static.o
 .rodata.__pci_0_1d_7
                0x0000000000000000        0x4 build/postcar/mainboard/lenovo/x200/static.o
 .rodata.__pci_0_1d_2
                0x0000000000000000        0x4 build/postcar/mainboard/lenovo/x200/static.o
 .rodata.__pci_0_1d_1
                0x0000000000000000        0x4 build/postcar/mainboard/lenovo/x200/static.o
 .rodata.__pci_0_1d_0
                0x0000000000000000        0x4 build/postcar/mainboard/lenovo/x200/static.o
 .rodata.__pci_0_1c_5
                0x0000000000000000        0x4 build/postcar/mainboard/lenovo/x200/static.o
 .rodata.__pci_0_1c_4
                0x0000000000000000        0x4 build/postcar/mainboard/lenovo/x200/static.o
 .rodata.__pci_0_1c_3
                0x0000000000000000        0x4 build/postcar/mainboard/lenovo/x200/static.o
 .rodata.__pci_0_1c_2
                0x0000000000000000        0x4 build/postcar/mainboard/lenovo/x200/static.o
 .rodata.__pci_0_1c_1
                0x0000000000000000        0x4 build/postcar/mainboard/lenovo/x200/static.o
 .rodata.__pci_0_1c_0
                0x0000000000000000        0x4 build/postcar/mainboard/lenovo/x200/static.o
 .rodata.__pci_0_1b_0
                0x0000000000000000        0x4 build/postcar/mainboard/lenovo/x200/static.o
 .rodata.__pci_0_1a_7
                0x0000000000000000        0x4 build/postcar/mainboard/lenovo/x200/static.o
 .rodata.__pci_0_1a_2
                0x0000000000000000        0x4 build/postcar/mainboard/lenovo/x200/static.o
 .rodata.__pci_0_1a_1
                0x0000000000000000        0x4 build/postcar/mainboard/lenovo/x200/static.o
 .rodata.__pci_0_1a_0
                0x0000000000000000        0x4 build/postcar/mainboard/lenovo/x200/static.o
 .rodata.__pci_0_19_0
                0x0000000000000000        0x4 build/postcar/mainboard/lenovo/x200/static.o
 .rodata.__pci_0_03_3
                0x0000000000000000        0x4 build/postcar/mainboard/lenovo/x200/static.o
 .rodata.__pci_0_03_2
                0x0000000000000000        0x4 build/postcar/mainboard/lenovo/x200/static.o
 .rodata.__pci_0_03_1
                0x0000000000000000        0x4 build/postcar/mainboard/lenovo/x200/static.o
 .rodata.__pci_0_03_0
                0x0000000000000000        0x4 build/postcar/mainboard/lenovo/x200/static.o
 .rodata.__pci_0_02_1
                0x0000000000000000        0x4 build/postcar/mainboard/lenovo/x200/static.o
[...]
Memory Configuration

Name             Origin             Length             Attributes
*default*        0x0000000000000000 0xffffffffffffffff

Linker script and memory map

START GROUP
LOAD build/postcar/mainboard/lenovo/x200/static.o
LOAD build/postcar/arch/x86/acpi_s3.o
LOAD build/postcar/arch/x86/boot.o
LOAD build/postcar/arch/x86/cf9_reset.o
LOAD build/postcar/arch/x86/cpu_common.o
LOAD build/postcar/arch/x86/exit_car.o
LOAD build/postcar/arch/x86/gdt_init.o
LOAD build/postcar/arch/x86/memcpy.o
LOAD build/postcar/arch/x86/memmove.o
LOAD build/postcar/arch/x86/memset.o
LOAD build/postcar/arch/x86/mmap_boot.o
LOAD build/postcar/arch/x86/post.o
LOAD build/postcar/arch/x86/postcar.o
LOAD build/postcar/arch/x86/timestamp.o
LOAD build/postcar/commonlib/bsd/lz4_wrapper.o
LOAD build/postcar/commonlib/cbfs.o
LOAD build/postcar/commonlib/iobuf.o
LOAD build/postcar/commonlib/mem_pool.o
LOAD build/postcar/commonlib/region.o
LOAD build/postcar/console/console.o
LOAD build/postcar/console/die.o
LOAD build/postcar/console/init.o
LOAD build/postcar/console/post.o
LOAD build/postcar/console/printk.o
LOAD build/postcar/console/vsprintf.o
LOAD build/postcar/console/vtxprintf.o
LOAD build/postcar/cpu/intel/car/p4-netburst/exit_car.o
LOAD build/postcar/cpu/intel/common/fsb.o
LOAD build/postcar/cpu/x86/lapic/boot_cpu.o
LOAD build/postcar/cpu/x86/mtrr/debug.o
LOAD build/postcar/cpu/x86/pae/pgtbl.o
LOAD build/postcar/cpu/x86/smm/tseg_region.o
LOAD build/postcar/cpu/x86/tsc/delay_tsc.o
LOAD build/postcar/device/device_const.o
LOAD build/postcar/device/pci_early.o
LOAD build/postcar/device/pci_ops.o
LOAD build/postcar/drivers/pc80/pc/i8254.o
LOAD build/postcar/drivers/pc80/rtc/mc146818rtc.o
LOAD build/postcar/drivers/pc80/rtc/mc146818rtc_boot.o
LOAD build/postcar/drivers/pc80/rtc/option.o
LOAD build/postcar/drivers/spi/adesto.o
LOAD build/postcar/drivers/spi/amic.o
LOAD build/postcar/drivers/spi/atmel.o
LOAD build/postcar/drivers/spi/bitbang.o
LOAD build/postcar/drivers/spi/eon.o
LOAD build/postcar/drivers/spi/gigadevice.o
LOAD build/postcar/drivers/spi/macronix.o
LOAD build/postcar/drivers/spi/spansion.o
LOAD build/postcar/drivers/spi/spi-generic.o
LOAD build/postcar/drivers/spi/spi_flash.o
LOAD build/postcar/drivers/spi/sst.o
LOAD build/postcar/drivers/spi/stmicro.o
LOAD build/postcar/drivers/spi/winbond.o
LOAD build/postcar/ec/lenovo/h8/sense.o
LOAD build/postcar/lib/boot_device.o
LOAD build/postcar/lib/bootmode.o
LOAD build/postcar/lib/cbfs.o
LOAD build/postcar/lib/cbmem_common.o
LOAD build/postcar/lib/cbmem_console.o
LOAD build/postcar/lib/crc_byte.o
LOAD build/postcar/lib/delay.o
LOAD build/postcar/lib/ext_stage_cache.o
LOAD build/postcar/lib/fmap.o
LOAD build/postcar/lib/gcc.o
LOAD build/postcar/lib/halt.o
LOAD build/postcar/lib/hexdump.o
LOAD build/postcar/lib/imd.o
LOAD build/postcar/lib/imd_cbmem.o
LOAD build/postcar/lib/libgcc.o
LOAD build/postcar/lib/lzma.o
LOAD build/postcar/lib/lzmadecode.o
LOAD build/postcar/lib/memchr.o
LOAD build/postcar/lib/memcmp.o
LOAD build/postcar/lib/prog_loaders.o
LOAD build/postcar/lib/prog_ops.o
LOAD build/postcar/lib/reset.o
LOAD build/postcar/lib/rmodule.o
LOAD build/postcar/lib/romstage_handoff.o
LOAD build/postcar/lib/string.o
LOAD build/postcar/lib/timestamp.o
LOAD build/postcar/lib/version.o
LOAD build/postcar/northbridge/intel/gm45/memmap.o
LOAD build/postcar/security/memory/memory.o
LOAD build/postcar/southbridge/intel/common/pmbase.o
LOAD build/postcar/southbridge/intel/common/reset.o
LOAD build/postcar/southbridge/intel/common/rtc.o
LOAD build/postcar/southbridge/intel/common/spi.o
LOAD /home/jason/x200_stable/coreboot-4.12/util/crossgcc/xgcc/bin/../lib/gcc/i386-elf/8.3.0/libgcc.a
END GROUP
                0x0000000000000001                _ = ASSERT ((. <= 0x2000000), postcar overlaps the previous region!)
                0x0000000002000000                . = 0x2000000
                0x0000000002000000                _postcar = .
                0x0000000002100000                _epostcar = (_postcar + 0x100000)
                0x0000000000000001                _ = ASSERT (((_eprogram - _program) <= 0x100000), Aftercar exceeded its allotted size! (1M))

.text           0x0000000002000000     0x4890
                0x0000000002000000                _program = .
                0x0000000002000000                _text = .
 *(.rom.text)
 *(.rom.data)
 *(.text._start)
 *(.text.stage_entry)
 *(.text)
 .text          0x0000000002000000       0x71 build/postcar/arch/x86/exit_car.o
                0x0000000002000000                _start
 *fill*         0x0000000002000071        0x3 
 .text          0x0000000002000074       0x28 build/postcar/arch/x86/gdt_init.o
                0x0000000002000074                gdtptr
 .text          0x000000000200009c       0x28 build/postcar/cpu/intel/car/p4-netburst/exit_car.o
                0x000000000200009c                chipset_teardown_car
 .text          0x00000000020000c4       0xff /home/jason/x200_stable/coreboot-4.12/util/crossgcc/xgcc/bin/../lib/gcc/i386-elf/8.3.0/libgcc.a(_udivdi3.o)
                0x00000000020000c4                __udivdi3
 *fill*         0x00000000020001c3        0x1 
 .text          0x00000000020001c4      0x1d9 /home/jason/x200_stable/coreboot-4.12/util/crossgcc/xgcc/bin/../lib/gcc/i386-elf/8.3.0/libgcc.a(_udivmoddi4.o)
                0x00000000020001c4                __udivmoddi4
 *(.text.*)
 .text.arch_prog_run
                0x000000000200039d        0xe build/postcar/arch/x86/boot.o
                0x000000000200039d                arch_prog_run
 .text.do_system_reset
                0x00000000020003ab        0xe build/postcar/arch/x86/cf9_reset.o
                0x00000000020003ab                do_system_reset
 .text.system_reset
                0x00000000020003b9       0x1e build/postcar/arch/x86/cf9_reset.o
                0x00000000020003b9                system_reset
 .text._gdt_    0x00000000020003d7        0x9 build/postcar/arch/x86/gdt_init.o
                0x00000000020003d7                gdt_init
 .text.memcpy   0x00000000020003e0       0x21 build/postcar/arch/x86/memcpy.o
                0x00000000020003e0                memcpy
 *fill*         0x0000000002000401        0xf 
 .text.memmove  0x0000000002000410      0x185 build/postcar/arch/x86/memmove.o
                0x0000000002000410                memmove
 .text.memset   0x0000000002000595       0x43 build/postcar/arch/x86/memset.o
                0x0000000002000595                memset
 .text.boot_device_ro
                0x00000000020005d8        0x6 build/postcar/arch/x86/mmap_boot.o
                0x00000000020005d8                boot_device_ro
 .text.arch_post_code
                0x00000000020005de        0x7 build/postcar/arch/x86/post.o
                0x00000000020005de                arch_post_code
 .text.late_car_teardown
                0x00000000020005e5        0x1 build/postcar/arch/x86/postcar.o
                0x00000000020005e5                late_car_teardown
 .text.startup.main
                0x00000000020005e6       0x3d build/postcar/arch/x86/postcar.o
                0x00000000020005e6                main
 .text.timestamp_get
                0x0000000002000623        0x6 build/postcar/arch/x86/timestamp.o
                0x0000000002000623                timestamp_get
 .text.LZ4_wildCopy
                0x0000000002000629       0x1a build/postcar/commonlib/bsd/lz4_wrapper.o
 .text.ulz4fn.part.0
                0x0000000002000643      0x374 build/postcar/commonlib/bsd/lz4_wrapper.o
 .text.ulz4fn   0x00000000020009b7       0x24 build/postcar/commonlib/bsd/lz4_wrapper.o
                0x00000000020009b7                ulz4fn
 .text.read_be32
                0x00000000020009db        0x5 build/postcar/commonlib/cbfs.o
 .text.cbfs_for_each_file
                0x00000000020009e0       0xbf build/postcar/commonlib/cbfs.o
                0x00000000020009e0                cbfs_for_each_file
 .text.cbfsf_file_type
                0x0000000002000a9f       0x33 build/postcar/commonlib/cbfs.o
                0x0000000002000a9f                cbfsf_file_type
 .text.cbfs_locate
                0x0000000002000ad2       0xe4 build/postcar/commonlib/cbfs.o
                0x0000000002000ad2                cbfs_locate
 .text.mdev_mmap
                0x0000000002000bb6        0xc build/postcar/commonlib/region.o
 .text.mdev_munmap
                0x0000000002000bc2        0x3 build/postcar/commonlib/region.o
 .text.mdev_readat
                0x0000000002000bc5       0x25 build/postcar/commonlib/region.o
 .text.region_is_subregion
                0x0000000002000bea       0x39 build/postcar/commonlib/region.o
                0x0000000002000bea                region_is_subregion
 .text.normalize_and_ok
                0x0000000002000c23        0xe build/postcar/commonlib/region.o
 .text.rdev_relative_offset
                0x0000000002000c31       0x40 build/postcar/commonlib/region.o
                0x0000000002000c31                rdev_relative_offset
 .text.rdev_mmap
                0x0000000002000c71       0x52 build/postcar/commonlib/region.o
                0x0000000002000c71                rdev_mmap
 .text.rdev_munmap
                0x0000000002000cc3       0x1f build/postcar/commonlib/region.o
                0x0000000002000cc3                rdev_munmap
 .text.rdev_readat
                0x0000000002000ce2       0x4f build/postcar/commonlib/region.o
                0x0000000002000ce2                rdev_readat
 .text.rdev_chain
                0x0000000002000d31       0x58 build/postcar/commonlib/region.o
                0x0000000002000d31                rdev_chain
 .text.mem_region_device_ro_init
                0x0000000002000d89       0x2b build/postcar/commonlib/region.o
                0x0000000002000d89                mem_region_device_ro_init
 .text.console_hw_init
                0x0000000002000db4        0x5 build/postcar/console/console.o
                0x0000000002000db4                console_hw_init
 .text.console_tx_byte
                0x0000000002000db9        0xe build/postcar/console/console.o
                0x0000000002000db9                console_tx_byte
 .text.console_tx_flush
                0x0000000002000dc7        0x1 build/postcar/console/console.o
                0x0000000002000dc7                console_tx_flush
 .text.die_notify
                0x0000000002000dc8        0x1 build/postcar/console/die.o
                0x0000000002000dc8                die_notify
 .text.die      0x0000000002000dc9       0x1e build/postcar/console/die.o
                0x0000000002000dc9                die
 .text.console_log_level
                0x0000000002000de7       0x2b build/postcar/console/init.o
                0x0000000002000de7                console_log_level
 .text.console_init
                0x0000000002000e12       0x59 build/postcar/console/init.o
                0x0000000002000e12                console_init
 .text.mainboard_post
                0x0000000002000e6b        0x1 build/postcar/console/post.o
                0x0000000002000e6b                mainboard_post
 .text.post_code
                0x0000000002000e6c       0x1c build/postcar/console/post.o
                0x0000000002000e6c                post_code
 .text.wrap_putchar
                0x0000000002000e88        0xe build/postcar/console/printk.o
 .text.console_time_run
                0x0000000002000e96       0x20 build/postcar/console/printk.o
 .text.wrap_putchar_cbmemc
                0x0000000002000eb6        0xe build/postcar/console/printk.o
 .text.console_time_stop.part.1
                0x0000000002000ec4       0x22 build/postcar/console/printk.o
 .text.do_vprintk
                0x0000000002000ee6       0x81 build/postcar/console/printk.o
                0x0000000002000ee6                do_vprintk
 .text.lock     0x0000000002000f67       0x10 build/postcar/console/printk.o
 .text.do_printk
                0x0000000002000f77       0x1a build/postcar/console/printk.o
                0x0000000002000f77                do_printk
 .text.console_time_report
                0x0000000002000f91       0x32 build/postcar/console/printk.o
                0x0000000002000f91                console_time_report
 .text.number   0x0000000002000fc3      0x2e8 build/postcar/console/vtxprintf.o
 .text.vtxprintf
                0x00000000020012ab      0x46d build/postcar/console/vtxprintf.o
                0x00000000020012ab                vtxprintf
 .text.resolve_timebase
                0x0000000002001718      0x1b0 build/postcar/cpu/intel/common/fsb.o
 .text.tsc_freq_mhz
                0x00000000020018c8       0x1b build/postcar/cpu/intel/common/fsb.o
                0x00000000020018c8                tsc_freq_mhz
 .text.boot_cpu
                0x00000000020018e3        0xe build/postcar/cpu/x86/lapic/boot_cpu.o
                0x00000000020018e3                boot_cpu
 .text.display_mtrrs
                0x00000000020018f1        0x1 build/postcar/cpu/x86/mtrr/debug.o
                0x00000000020018f1                display_mtrrs
 .text.smm_subregion
                0x00000000020018f2       0xd0 build/postcar/cpu/x86/smm/tseg_region.o
                0x00000000020018f2                smm_subregion
 .text.stage_cache_external_region
                0x00000000020019c2       0x3e build/postcar/cpu/x86/smm/tseg_region.o
                0x00000000020019c2                stage_cache_external_region
 .text.timer_monotonic_get
                0x0000000002001a00       0x99 build/postcar/cpu/x86/tsc/delay_tsc.o
                0x0000000002001a00                timer_monotonic_get
 .text.cmos_checksum_valid
                0x0000000002001a99        0x6 build/postcar/drivers/pc80/rtc/mc146818rtc.o
                0x0000000002001a99                cmos_checksum_valid
 .text.cmos_read
                0x0000000002001a9f       0x19 build/postcar/drivers/pc80/rtc/option.o
 .text.locate_cmos_layout
                0x0000000002001ab8       0x6c build/postcar/drivers/pc80/rtc/option.o
 .text.cmos_get_option
                0x0000000002001b24      0x15e build/postcar/drivers/pc80/rtc/option.o
                0x0000000002001b24                cmos_get_option
 .text.boot_device_init
                0x0000000002001c82        0x1 build/postcar/lib/boot_device.o
                0x0000000002001c82                boot_device_init
 .text.boot_device_ro_subregion
                0x0000000002001c83       0x32 build/postcar/lib/boot_device.o
                0x0000000002001c83                boot_device_ro_subregion
 .text.cbfs_locate_file_in_region
                0x0000000002001cb5       0x4f build/postcar/lib/cbfs.o
                0x0000000002001cb5                cbfs_locate_file_in_region
 .text.cbfs_load_and_decompress
                0x0000000002001d04       0xcf build/postcar/lib/cbfs.o
                0x0000000002001d04                cbfs_load_and_decompress
 .text.cbfs_boot_region_device
                0x0000000002001dd3       0x24 build/postcar/lib/cbfs.o
                0x0000000002001dd3                cbfs_boot_region_device
 .text.cbfs_boot_locate
                0x0000000002001df7       0x34 build/postcar/lib/cbfs.o
                0x0000000002001df7                cbfs_boot_locate
 .text.cbmem_run_init_hooks
                0x0000000002001e2b       0x30 build/postcar/lib/cbmem_common.o
                0x0000000002001e2b                cbmem_run_init_hooks
 .text.cbmemc_init
                0x0000000002001e5b       0x3b build/postcar/lib/cbmem_console.o
                0x0000000002001e5b                cbmemc_init
 .text.cbmemc_tx_byte
                0x0000000002001e96       0x43 build/postcar/lib/cbmem_console.o
                0x0000000002001e96                cbmemc_tx_byte
 .text.cbmemc_reinit
                0x0000000002001ed9       0xdc build/postcar/lib/cbmem_console.o
 .text.stage_cache_setup
                0x0000000002001fb5       0xc5 build/postcar/lib/ext_stage_cache.o
 .text.stage_cache_add
                0x000000000200207a       0xd8 build/postcar/lib/ext_stage_cache.o
                0x000000000200207a                stage_cache_add
 .text.stage_cache_load_stage
                0x0000000002002152       0xc6 build/postcar/lib/ext_stage_cache.o
                0x0000000002002152                stage_cache_load_stage
 .text.fmap_register_cbmem_cache
                0x0000000002002218       0x41 build/postcar/lib/fmap.o
 .text.find_fmap_directory
                0x0000000002002259      0x121 build/postcar/lib/fmap.o
 .text.fmap_locate_area
                0x000000000200237a       0x99 build/postcar/lib/fmap.o
                0x000000000200237a                fmap_locate_area
 .text.fmap_locate_area_as_rdev
                0x0000000002002413       0x32 build/postcar/lib/fmap.o
                0x0000000002002413                fmap_locate_area_as_rdev
 .text.__wrap___udivdi3
                0x0000000002002445        0x5 build/postcar/lib/gcc.o
                0x0000000002002445                __wrap___udivdi3
 .text.halt     0x000000000200244a        0x3 build/postcar/lib/halt.o
                0x000000000200244a                halt
 .text.imdr_recover
                0x000000000200244d       0xb4 build/postcar/lib/imd.o
 .text.imdr_entry_find
                0x0000000002002501       0x30 build/postcar/lib/imd.o
 .text.imdr_create_empty
                0x0000000002002531       0xea build/postcar/lib/imd.o
 .text.imd_entry_to_imdr
                0x000000000200261b       0x3e build/postcar/lib/imd.o
 .text.imdr_entry_add
                0x0000000002002659       0x74 build/postcar/lib/imd.o
 .text.imd_handle_init
                0x00000000020026cd       0x26 build/postcar/lib/imd.o
                0x00000000020026cd                imd_handle_init
 .text.imd_create_tiered_empty
                0x00000000020026f3       0xb0 build/postcar/lib/imd.o
                0x00000000020026f3                imd_create_tiered_empty
 .text.imd_recover
                0x00000000020027a3       0x5e build/postcar/lib/imd.o
                0x00000000020027a3                imd_recover
 .text.imd_limit_size
                0x0000000002002801       0x28 build/postcar/lib/imd.o
                0x0000000002002801                imd_limit_size
 .text.imd_entry_add
                0x0000000002002829       0x5a build/postcar/lib/imd.o
                0x0000000002002829                imd_entry_add
 .text.imd_entry_find
                0x0000000002002883       0x24 build/postcar/lib/imd.o
                0x0000000002002883                imd_entry_find
 .text.imd_entry_find_or_add
                0x00000000020028a7       0x19 build/postcar/lib/imd.o
                0x00000000020028a7                imd_entry_find_or_add
 .text.imd_entry_size
                0x00000000020028c0        0x8 build/postcar/lib/imd.o
                0x00000000020028c0                imd_entry_size
 .text.imd_entry_at
                0x00000000020028c8       0x1e build/postcar/lib/imd.o
                0x00000000020028c8                imd_entry_at
 .text.cbmem_top
                0x00000000020028e6        0x6 build/postcar/lib/imd_cbmem.o
                0x00000000020028e6                cbmem_top
 .text.cbmem_add
                0x00000000020028ec       0x36 build/postcar/lib/imd_cbmem.o
                0x00000000020028ec                cbmem_add
 .text.cbmem_initialize_id_size
                0x0000000002002922       0x5f build/postcar/lib/imd_cbmem.o
                0x0000000002002922                cbmem_initialize_id_size
 .text.cbmem_initialize
                0x0000000002002981       0x12 build/postcar/lib/imd_cbmem.o
                0x0000000002002981                cbmem_initialize
 .text.cbmem_entry_find
                0x0000000002002993       0x15 build/postcar/lib/imd_cbmem.o
                0x0000000002002993                cbmem_entry_find
 .text.cbmem_find
                0x00000000020029a8       0x2c build/postcar/lib/imd_cbmem.o
                0x00000000020029a8                cbmem_find
 .text.cbmem_entry_size
                0x00000000020029d4       0x17 build/postcar/lib/imd_cbmem.o
                0x00000000020029d4                cbmem_entry_size
 .text.cbmem_entry_start
                0x00000000020029eb       0x15 build/postcar/lib/imd_cbmem.o
                0x00000000020029eb                cbmem_entry_start
 .text.ulzman   0x0000000002002a00       0xce build/postcar/lib/lzma.o
                0x0000000002002a00                ulzman
 .text.LzmaDecodeProperties
                0x0000000002002ace       0x50 build/postcar/lib/lzmadecode.o
                0x0000000002002ace                LzmaDecodeProperties
 .text.LzmaDecode
                0x0000000002002b1e      0xcf2 build/postcar/lib/lzmadecode.o
                0x0000000002002b1e                LzmaDecode
 .text.memcmp   0x0000000002003810       0x26 build/postcar/lib/memcmp.o
                0x0000000002003810                memcmp
 .text.prog_locate_hook
                0x0000000002003836        0x3 build/postcar/lib/prog_loaders.o
                0x0000000002003836                prog_locate_hook
 .text.prog_locate
                0x0000000002003839       0x61 build/postcar/lib/prog_loaders.o
                0x0000000002003839                prog_locate
 .text.run_ramstage
                0x000000000200389a      0x10d build/postcar/lib/prog_loaders.o
                0x000000000200389a                run_ramstage
 .text.platform_segment_loaded
                0x00000000020039a7        0x1 build/postcar/lib/prog_ops.o
                0x00000000020039a7                platform_segment_loaded
 .text.arch_segment_loaded
                0x00000000020039a8        0x1 build/postcar/lib/prog_ops.o
                0x00000000020039a8                arch_segment_loaded
 .text.prog_segment_loaded
                0x00000000020039a9       0x2f build/postcar/lib/prog_ops.o
                0x00000000020039a9                prog_segment_loaded
 .text.platform_prog_run
                0x00000000020039d8        0x1 build/postcar/lib/prog_ops.o
                0x00000000020039d8                platform_prog_run
 .text.prog_run
                0x00000000020039d9       0x1b build/postcar/lib/prog_ops.o
                0x00000000020039d9                prog_run
 .text.board_reset
                0x00000000020039f4       0x20 build/postcar/lib/reset.o
                0x00000000020039f4                board_reset
 .text.rmodule_parse
                0x0000000002003a14       0x41 build/postcar/lib/rmodule.o
                0x0000000002003a14                rmodule_parse
 .text.rmodule_parameters
                0x0000000002003a55       0x1e build/postcar/lib/rmodule.o
                0x0000000002003a55                rmodule_parameters
 .text.rmodule_entry
                0x0000000002003a73       0x14 build/postcar/lib/rmodule.o
                0x0000000002003a73                rmodule_entry
 .text.rmodule_load
                0x0000000002003a87       0xde build/postcar/lib/rmodule.o
                0x0000000002003a87                rmodule_load
 .text.rmodule_calc_region
                0x0000000002003b65       0x5a build/postcar/lib/rmodule.o
                0x0000000002003b65                rmodule_calc_region
 .text.rmodule_stage_load
                0x0000000002003bbf      0x129 build/postcar/lib/rmodule.o
                0x0000000002003bbf                rmodule_stage_load
 .text.romstage_handoff_is_resume
                0x0000000002003ce8       0x1f build/postcar/lib/romstage_handoff.o
                0x0000000002003ce8                romstage_handoff_is_resume
 .text.strnlen  0x0000000002003d07       0x16 build/postcar/lib/string.o
                0x0000000002003d07                strnlen
 .text.strcmp   0x0000000002003d1d       0x20 build/postcar/lib/string.o
                0x0000000002003d1d                strcmp
 .text.skip_atoi
                0x0000000002003d3d       0x27 build/postcar/lib/string.o
                0x0000000002003d3d                skip_atoi
 .text.timestamp_should_run
                0x0000000002003d64       0x14 build/postcar/lib/timestamp.o
 .text.timestamp_reinit
                0x0000000002003d78       0x46 build/postcar/lib/timestamp.o
 .text.timestamp_add
                0x0000000002003dbe       0x95 build/postcar/lib/timestamp.o
                0x0000000002003dbe                timestamp_add
 .text.timestamp_add_now
                0x0000000002003e53       0x18 build/postcar/lib/timestamp.o
                0x0000000002003e53                timestamp_add_now
 .text.decode_igd_memory_size
                0x0000000002003e6b       0x28 build/postcar/northbridge/intel/gm45/memmap.o
                0x0000000002003e6b                decode_igd_memory_size
 .text.decode_igd_gtt_size
                0x0000000002003e93       0x3e build/postcar/northbridge/intel/gm45/memmap.o
                0x0000000002003e93                decode_igd_gtt_size
 .text.decode_tseg_size
                0x0000000002003ed1       0x33 build/postcar/northbridge/intel/gm45/memmap.o
                0x0000000002003ed1                decode_tseg_size
 .text.northbridge_get_tseg_base
                0x0000000002003f04       0x73 build/postcar/northbridge/intel/gm45/memmap.o
 .text.smm_region
                0x0000000002003f77       0x30 build/postcar/northbridge/intel/gm45/memmap.o
                0x0000000002003f77                smm_region
 .text.do_board_reset
                0x0000000002003fa7        0x8 build/postcar/southbridge/intel/common/reset.o
                0x0000000002003fa7                do_board_reset
                0x0000000002003fb0                . = ALIGN (0x8)
 *fill*         0x0000000002003faf        0x1 
                0x0000000002003fb0                _cbmem_init_hooks = .
 *(.rodata.cbmem_init_hooks)
 .rodata.cbmem_init_hooks
                0x0000000002003fb0        0x4 build/postcar/lib/cbmem_console.o
 .rodata.cbmem_init_hooks
                0x0000000002003fb4        0x4 build/postcar/lib/ext_stage_cache.o
 .rodata.cbmem_init_hooks
                0x0000000002003fb8        0x4 build/postcar/lib/fmap.o
 .rodata.cbmem_init_hooks
                0x0000000002003fbc        0x4 build/postcar/lib/timestamp.o
                0x0000000002003fc0                _ecbmem_init_hooks = .
                0x0000000002003fc0                . = ALIGN (0x8)
                0x0000000002003fc0                _rsbe_init_begin = .
 *(.rsbe_init)
                0x0000000002003fc0                _ersbe_init_begin = .
                0x0000000002003fc0                . = ALIGN (0x8)
 *(.rodata)
 .rodata        0x0000000002003fc0       0x40 build/postcar/commonlib/bsd/lz4_wrapper.o
 *(.rodata.*)
 .rodata.system_reset.str1.1
                0x0000000002004000        0xe build/postcar/arch/x86/cf9_reset.o
 *fill*         0x000000000200400e        0x2 
 .rodata.__func__.1297
                0x0000000002004010        0xd build/postcar/arch/x86/cf9_reset.o
 *fill*         0x000000000200401d        0x3 
 .rodata.boot_dev
                0x0000000002004020       0x14 build/postcar/arch/x86/mmap_boot.o
 .rodata.cbfs_for_each_file.str1.1
                0x0000000002004034        0x9 build/postcar/commonlib/cbfs.o
 .rodata.cbfs_locate.str1.1
                0x000000000200403d       0x4f build/postcar/commonlib/cbfs.o
 .rodata.mem_rdev_ro_ops
                0x000000000200408c       0x14 build/postcar/commonlib/region.o
                0x000000000200408c                mem_rdev_ro_ops
 .rodata.console_init.str1.1
                0x00000000020040a0       0x44 build/postcar/console/init.o
 .rodata.console_time_report.str1.1
                0x00000000020040e4       0x3e build/postcar/console/printk.o
 .rodata.number.str1.1
                0x0000000002004122       0x22 build/postcar/console/vtxprintf.o
 .rodata.vtxprintf.str1.1
                0x0000000002004144        0x7 build/postcar/console/vtxprintf.o
 .rodata.resolve_timebase.str1.1
                0x000000000200414b       0x22 build/postcar/cpu/intel/common/fsb.o
 *fill*         0x000000000200416d        0x3 
 .rodata.f2x_fsb.1310
                0x0000000002004170       0x10 build/postcar/cpu/intel/common/fsb.o
 .rodata.rangeley_fsb.1311
                0x0000000002004180        0x8 build/postcar/cpu/intel/common/fsb.o
 .rodata.core2_fsb.1309
                0x0000000002004188       0x10 build/postcar/cpu/intel/common/fsb.o
 .rodata.core_fsb.1308
                0x0000000002004198       0x10 build/postcar/cpu/intel/common/fsb.o
 .rodata.smm_subregion.str1.1
                0x00000000020041a8       0x43 build/postcar/cpu/x86/smm/tseg_region.o
 .rodata.stage_cache_external_region.str1.1
                0x00000000020041eb       0x20 build/postcar/cpu/x86/smm/tseg_region.o
 *fill*         0x000000000200420b        0x1 
 .rodata.pci_mmconf
                0x000000000200420c        0x4 build/postcar/device/pci_ops.o
                0x000000000200420c                pci_mmconf
 .rodata.locate_cmos_layout.str1.1
                0x0000000002004210       0x58 build/postcar/drivers/pc80/rtc/option.o
 .rodata.cmos_get_option.str1.1
                0x0000000002004268       0x56 build/postcar/drivers/pc80/rtc/option.o
 .rodata.cbfs_locate_file_in_region.str1.1
                0x00000000020042be       0x30 build/postcar/lib/cbfs.o
 .rodata.cbfs_boot_region_device.str1.1
                0x00000000020042ee        0x9 build/postcar/lib/cbfs.o
 .rodata.cbmemc_reinit.str1.1
                0x00000000020042ee       0x3f build/postcar/lib/cbmem_console.o
 .rodata.stage_cache_setup.str1.1
                0x000000000200432d       0x63 build/postcar/lib/ext_stage_cache.o
 .rodata.stage_cache_add.str1.1
                0x0000000002004390       0x4d build/postcar/lib/ext_stage_cache.o
 .rodata.stage_cache_load_stage.str1.1
                0x00000000020043dd       0x4f build/postcar/lib/ext_stage_cache.o
 .rodata.find_fmap_directory.str1.1
                0x000000000200442c       0xae build/postcar/lib/fmap.o
 .rodata.fmap_locate_area.str1.1
                0x00000000020044da       0x25 build/postcar/lib/fmap.o
 .rodata.imdr_create_empty.str1.1
                0x00000000020044ff       0x2a build/postcar/lib/imd.o
                                         0x4f (size before relaxing)
 .rodata.ulzman.str1.1
                0x0000000002004529       0x7c build/postcar/lib/lzma.o
 .rodata.run_ramstage.str1.1
                0x00000000020045a5       0x58 build/postcar/lib/prog_loaders.o
 *fill*         0x00000000020045fd        0x3 
 .rodata.addrspace_32bit
                0x0000000002004600       0x14 build/postcar/lib/prog_loaders.o
                0x0000000002004600                addrspace_32bit
 .rodata.board_reset.str1.1
                0x0000000002004614        0xe build/postcar/lib/reset.o
 .rodata.__func__.1230
                0x0000000002004614        0xc build/postcar/lib/reset.o
 .rodata.rmodule_load.str1.1
                0x0000000002004620       0x94 build/postcar/lib/rmodule.o
 .rodata.rmodule_calc_region.str1.1
                0x00000000020046b4       0x40 build/postcar/lib/rmodule.o
 .rodata.rmodule_stage_load.str1.1
                0x00000000020046f4       0x28 build/postcar/lib/rmodule.o
 .rodata.timestamp_reinit.str1.1
                0x000000000200471c       0x25 build/postcar/lib/timestamp.o
 .rodata.timestamp_add.str1.1
                0x0000000002004741       0x3e build/postcar/lib/timestamp.o
 *fill*         0x000000000200477f        0x1 
 .rodata.coreboot_build
                0x0000000002004780       0x1d build/postcar/lib/version.o
                0x0000000002004780                coreboot_build
 .rodata.coreboot_extra_version
                0x000000000200479d        0x1 build/postcar/lib/version.o
                0x000000000200479d                coreboot_extra_version
 *fill*         0x000000000200479e        0x2 
 .rodata.coreboot_version
                0x00000000020047a0       0x2e build/postcar/lib/version.o
                0x00000000020047a0                coreboot_version
 .rodata.decode_igd_memory_size.str1.1
                0x00000000020047ce       0x29 build/postcar/northbridge/intel/gm45/memmap.o
 .rodata.decode_igd_gtt_size.str1.1
                0x00000000020047f7       0x2b build/postcar/northbridge/intel/gm45/memmap.o
 *fill*         0x0000000002004822        0x2 
 .rodata.decode_igd_gtt_size
                0x0000000002004824       0x30 build/postcar/northbridge/intel/gm45/memmap.o
 .rodata.decode_tseg_size.str1.1
                0x0000000002004854       0x13 build/postcar/northbridge/intel/gm45/memmap.o
 *fill*         0x0000000002004867        0x1 
 .rodata.CSWTCH.1
                0x0000000002004868        0x6 build/postcar/northbridge/intel/gm45/memmap.o
 *fill*         0x000000000200486e        0x2 
 .rodata.ggc2uma.3816
                0x0000000002004870       0x1c build/postcar/northbridge/intel/gm45/memmap.o
                0x0000000002004890                . = ALIGN (0x8)
 *fill*         0x000000000200488c        0x4 
                0x0000000002004890                _etext = .

.iplt           0x0000000002004890        0x0
 .iplt          0x0000000002004890        0x0 build/postcar/mainboard/lenovo/x200/static.o

.rel.dyn        0x0000000002004890        0x0
 .rel.got       0x0000000002004890        0x0 build/postcar/mainboard/lenovo/x200/static.o
 .rel.iplt      0x0000000002004890        0x0 build/postcar/mainboard/lenovo/x200/static.o
 .rel.text.startup.main
                0x0000000002004890        0x0 build/postcar/mainboard/lenovo/x200/static.o
 .rel.text.die  0x0000000002004890        0x0 build/postcar/mainboard/lenovo/x200/static.o
 .rel.text.post_code
                0x0000000002004890        0x0 build/postcar/mainboard/lenovo/x200/static.o
 .rel.text.boot_device_ro_subregion
                0x0000000002004890        0x0 build/postcar/mainboard/lenovo/x200/static.o
 .rel.text.cbfs_boot_region_device
                0x0000000002004890        0x0 build/postcar/mainboard/lenovo/x200/static.o
 .rel.text.cbmem_run_init_hooks
                0x0000000002004890        0x0 build/postcar/mainboard/lenovo/x200/static.o
 .rel.text.find_fmap_directory
                0x0000000002004890        0x0 build/postcar/mainboard/lenovo/x200/static.o
 .rel.text.prog_locate
                0x0000000002004890        0x0 build/postcar/mainboard/lenovo/x200/static.o
 .rel.text.prog_segment_loaded
                0x0000000002004890        0x0 build/postcar/mainboard/lenovo/x200/static.o
 .rel.text.prog_run
                0x0000000002004890        0x0 build/postcar/mainboard/lenovo/x200/static.o

.data           0x0000000002004890       0x40
                0x00000000020048c0                . = ALIGN (0x40)
 *fill*         0x0000000002004890       0x30 
                0x00000000020048c0                _data = .
                0x00000000020048c0                _rmodule_params = .
 *(.module_parameters)
 .module_parameters
                0x00000000020048c0        0x8 build/postcar/arch/x86/exit_car.o
                0x00000000020048c0                post_car_stack_top
                0x00000000020048c8                _ermodule_params = .
 *(.data)
 *(.data.*)
 .data.console_loglevel
                0x00000000020048c8        0x4 build/postcar/console/init.o
 .data.console_lock
                0x00000000020048cc        0x4 build/postcar/console/printk.o
 *(.sdata)
 *(.sdata.*)
                0x00000000020048d0                . = ALIGN (0x8)
                0x00000000020048d0                _edata = .

.got            0x00000000020048d0        0x0
 .got           0x00000000020048d0        0x0 build/postcar/mainboard/lenovo/x200/static.o

.got.plt        0x00000000020048d0        0x0
 .got.plt       0x00000000020048d0        0x0 build/postcar/mainboard/lenovo/x200/static.o

.igot.plt       0x00000000020048d0        0x0
 .igot.plt      0x00000000020048d0        0x0 build/postcar/mainboard/lenovo/x200/static.o

.bss            0x00000000020048d0     0x4300
                0x00000000020048d0                . = ALIGN (0x8)
                0x00000000020048d0                _bss = .
 *(.bss)
 *(.bss.*)
 .bss.console_inited
                0x00000000020048d0        0x4 build/postcar/console/init.o
 .bss.console_usecs
                0x00000000020048d4        0x4 build/postcar/console/printk.o
 .bss.mt_stop   0x00000000020048d8        0x4 build/postcar/console/printk.o
 .bss.mt_start  0x00000000020048dc        0x4 build/postcar/console/printk.o
 .bss.timer_tsc
                0x00000000020048e0        0x4 build/postcar/cpu/intel/common/fsb.o
 .bss.timer_fsb
                0x00000000020048e4        0x4 build/postcar/cpu/intel/common/fsb.o
 .bss.mono_counter
                0x00000000020048e8       0x10 build/postcar/cpu/x86/tsc/delay_tsc.o
 *fill*         0x00000000020048f8        0x8 
 .bss.fh.3084   0x0000000002004900       0x20 build/postcar/drivers/pc80/rtc/option.o
 .bss.static_console
                0x0000000002004920      0x400 build/postcar/lib/cbmem_console.o
 .bss.current_console
                0x0000000002004d20        0x4 build/postcar/lib/cbmem_console.o
 .bss.imd_stage_cache
                0x0000000002004d24       0x10 build/postcar/lib/ext_stage_cache.o
 .bss.fmap_cache
                0x0000000002004d34       0x14 build/postcar/lib/fmap.o
 .bss.fmap_print_once
                0x0000000002004d48        0x4 build/postcar/lib/fmap.o
 .bss.imd       0x0000000002004d4c       0x10 build/postcar/lib/imd_cbmem.o
 .bss._cbmem_top_ptr
                0x0000000002004d5c        0x4 build/postcar/lib/imd_cbmem.o
                0x0000000002004d5c                _cbmem_top_ptr
 .bss.scratchpad.1314
                0x0000000002004d60     0x3e6c build/postcar/lib/lzma.o
 .bss.glob_ts_table
                0x0000000002008bcc        0x4 build/postcar/lib/timestamp.o
 *(.sbss)
 *(.sbss.*)
                0x0000000002008bd0                . = ALIGN (0x8)
                0x0000000002008bd0                _ebss = .
                0x0000000002008bd0                _eprogram = .
                0x0000000000000000                zeroptr = 0x0

/DISCARD/
 *(.comment)
 *(.comment.*)
 *(.note)
 *(.note.*)
 *(.eh_frame)
OUTPUT(build/cbfs/fallback/postcar.debug elf32-i386)

.debug_info     0x0000000000000000    0x1b379
 .debug_info    0x0000000000000000      0x709 build/postcar/arch/x86/boot.o
 .debug_info    0x0000000000000709      0x32c build/postcar/arch/x86/cf9_reset.o
 .debug_info    0x0000000000000a35       0x26 build/postcar/arch/x86/exit_car.o
 .debug_info    0x0000000000000a5b       0x26 build/postcar/arch/x86/gdt_init.o
 .debug_info    0x0000000000000a81       0xdc build/postcar/arch/x86/memcpy.o
 .debug_info    0x0000000000000b5d      0x117 build/postcar/arch/x86/memmove.o
 .debug_info    0x0000000000000c74      0x126 build/postcar/arch/x86/memset.o
 .debug_info    0x0000000000000d9a      0x2ab build/postcar/arch/x86/mmap_boot.o
 .debug_info    0x0000000000001045      0xa12 build/postcar/arch/x86/post.o
 .debug_info    0x0000000000001a57      0x64f build/postcar/arch/x86/postcar.o
 .debug_info    0x00000000000020a6      0x186 build/postcar/arch/x86/timestamp.o
 .debug_info    0x000000000000222c      0xc32 build/postcar/commonlib/bsd/lz4_wrapper.o
 .debug_info    0x0000000000002e5e     0x1f09 build/postcar/commonlib/cbfs.o
 .debug_info    0x0000000000004d67     0x1946 build/postcar/commonlib/region.o
 .debug_info    0x00000000000066ad      0x345 build/postcar/console/console.o
 .debug_info    0x00000000000069f2      0x132 build/postcar/console/die.o
 .debug_info    0x0000000000006b24      0xead build/postcar/console/init.o
 .debug_info    0x00000000000079d1      0x115 build/postcar/console/post.o
 .debug_info    0x0000000000007ae6      0x5d1 build/postcar/console/printk.o
 .debug_info    0x00000000000080b7      0x459 build/postcar/console/vtxprintf.o
 .debug_info    0x0000000000008510       0x26 build/postcar/cpu/intel/car/p4-netburst/exit_car.o
 .debug_info    0x0000000000008536      0x6d8 build/postcar/cpu/intel/common/fsb.o
 .debug_info    0x0000000000008c0e      0x166 build/postcar/cpu/x86/lapic/boot_cpu.o
 .debug_info    0x0000000000008d74      0x144 build/postcar/cpu/x86/mtrr/debug.o
 .debug_info    0x0000000000008eb8      0x461 build/postcar/cpu/x86/smm/tseg_region.o
 .debug_info    0x0000000000009319      0x3e6 build/postcar/cpu/x86/tsc/delay_tsc.o
 .debug_info    0x00000000000096ff      0xf9b build/postcar/device/pci_ops.o
 .debug_info    0x000000000000a69a     0x196f build/postcar/drivers/pc80/rtc/mc146818rtc.o
 .debug_info    0x000000000000c009     0x13fa build/postcar/drivers/pc80/rtc/option.o
 .debug_info    0x000000000000d403      0x483 build/postcar/lib/boot_device.o
 .debug_info    0x000000000000d886     0x1492 build/postcar/lib/cbfs.o
 .debug_info    0x000000000000ed18      0x3cd build/postcar/lib/cbmem_common.o
 .debug_info    0x000000000000f0e5      0x7a9 build/postcar/lib/cbmem_console.o
 .debug_info    0x000000000000f88e      0xd01 build/postcar/lib/ext_stage_cache.o
 .debug_info    0x000000000001058f      0xeea build/postcar/lib/fmap.o
 .debug_info    0x0000000000011479      0x20d build/postcar/lib/gcc.o
 .debug_info    0x0000000000011686       0x5b build/postcar/lib/halt.o
 .debug_info    0x00000000000116e1     0x212b build/postcar/lib/imd.o
 .debug_info    0x000000000001380c      0xb40 build/postcar/lib/imd_cbmem.o
 .debug_info    0x000000000001434c      0x2c8 build/postcar/lib/lzma.o
 .debug_info    0x0000000000014614      0x662 build/postcar/lib/lzmadecode.o
 .debug_info    0x0000000000014c76      0x10c build/postcar/lib/memcmp.o
 .debug_info    0x0000000000014d82      0xf75 build/postcar/lib/prog_loaders.o
 .debug_info    0x0000000000015cf7      0x4d1 build/postcar/lib/prog_ops.o
 .debug_info    0x00000000000161c8      0x168 build/postcar/lib/reset.o
 .debug_info    0x0000000000016330      0xf1b build/postcar/lib/rmodule.o
 .debug_info    0x000000000001724b      0x20d build/postcar/lib/romstage_handoff.o
 .debug_info    0x0000000000017458      0x5db build/postcar/lib/string.o
 .debug_info    0x0000000000017a33      0xcd4 build/postcar/lib/timestamp.o
 .debug_info    0x0000000000018707      0x1e0 build/postcar/lib/version.o
 .debug_info    0x00000000000188e7     0x1375 build/postcar/northbridge/intel/gm45/memmap.o
 .debug_info    0x0000000000019c5c       0x52 build/postcar/southbridge/intel/common/reset.o
 .debug_info    0x0000000000019cae      0xbc3 /home/jason/x200_stable/coreboot-4.12/util/crossgcc/xgcc/bin/../lib/gcc/i386-elf/8.3.0/libgcc.a(_udivdi3.o)
 .debug_info    0x000000000001a871      0xb08 /home/jason/x200_stable/coreboot-4.12/util/crossgcc/xgcc/bin/../lib/gcc/i386-elf/8.3.0/libgcc.a(_udivmoddi4.o)

.debug_abbrev   0x0000000000000000     0x67ab
 .debug_abbrev  0x0000000000000000      0x1a3 build/postcar/arch/x86/boot.o
 .debug_abbrev  0x00000000000001a3      0x17d build/postcar/arch/x86/cf9_reset.o
 .debug_abbrev  0x0000000000000320       0x14 build/postcar/arch/x86/exit_car.o
 .debug_abbrev  0x0000000000000334       0x14 build/postcar/arch/x86/gdt_init.o
 .debug_abbrev  0x0000000000000348       0xbe build/postcar/arch/x86/memcpy.o
 .debug_abbrev  0x0000000000000406       0xd2 build/postcar/arch/x86/memmove.o
 .debug_abbrev  0x00000000000004d8       0xe9 build/postcar/arch/x86/memset.o
 .debug_abbrev  0x00000000000005c1       0xe8 build/postcar/arch/x86/mmap_boot.o
 .debug_abbrev  0x00000000000006a9      0x20f build/postcar/arch/x86/post.o
 .debug_abbrev  0x00000000000008b8      0x14e build/postcar/arch/x86/postcar.o
 .debug_abbrev  0x0000000000000a06      0x13e build/postcar/arch/x86/timestamp.o
 .debug_abbrev  0x0000000000000b44      0x381 build/postcar/commonlib/bsd/lz4_wrapper.o
 .debug_abbrev  0x0000000000000ec5      0x4c6 build/postcar/commonlib/cbfs.o
 .debug_abbrev  0x000000000000138b      0x42b build/postcar/commonlib/region.o
 .debug_abbrev  0x00000000000017b6      0x181 build/postcar/console/console.o
 .debug_abbrev  0x0000000000001937       0xf6 build/postcar/console/die.o
 .debug_abbrev  0x0000000000001a2d      0x334 build/postcar/console/init.o
 .debug_abbrev  0x0000000000001d61       0xd4 build/postcar/console/post.o
 .debug_abbrev  0x0000000000001e35      0x2ad build/postcar/console/printk.o
 .debug_abbrev  0x00000000000020e2      0x1f7 build/postcar/console/vtxprintf.o
 .debug_abbrev  0x00000000000022d9       0x14 build/postcar/cpu/intel/car/p4-netburst/exit_car.o
 .debug_abbrev  0x00000000000022ed      0x25e build/postcar/cpu/intel/common/fsb.o
 .debug_abbrev  0x000000000000254b      0x116 build/postcar/cpu/x86/lapic/boot_cpu.o
 .debug_abbrev  0x0000000000002661       0xb1 build/postcar/cpu/x86/mtrr/debug.o
 .debug_abbrev  0x0000000000002712      0x198 build/postcar/cpu/x86/smm/tseg_region.o
 .debug_abbrev  0x00000000000028aa      0x23e build/postcar/cpu/x86/tsc/delay_tsc.o
 .debug_abbrev  0x0000000000002ae8      0x2e2 build/postcar/device/pci_ops.o
 .debug_abbrev  0x0000000000002dca      0x45c build/postcar/drivers/pc80/rtc/mc146818rtc.o
 .debug_abbrev  0x0000000000003226      0x3aa build/postcar/drivers/pc80/rtc/option.o
 .debug_abbrev  0x00000000000035d0      0x1a6 build/postcar/lib/boot_device.o
 .debug_abbrev  0x0000000000003776      0x322 build/postcar/lib/cbfs.o
 .debug_abbrev  0x0000000000003a98       0xd9 build/postcar/lib/cbmem_common.o
 .debug_abbrev  0x0000000000003b71      0x25b build/postcar/lib/cbmem_console.o
 .debug_abbrev  0x0000000000003dcc      0x2cf build/postcar/lib/ext_stage_cache.o
 .debug_abbrev  0x000000000000409b      0x30a build/postcar/lib/fmap.o
 .debug_abbrev  0x00000000000043a5       0xa7 build/postcar/lib/gcc.o
 .debug_abbrev  0x000000000000444c       0x5a build/postcar/lib/halt.o
 .debug_abbrev  0x00000000000044a6      0x489 build/postcar/lib/imd.o
 .debug_abbrev  0x000000000000492f      0x38b build/postcar/lib/imd_cbmem.o
 .debug_abbrev  0x0000000000004cba      0x163 build/postcar/lib/lzma.o
 .debug_abbrev  0x0000000000004e1d      0x19d build/postcar/lib/lzmadecode.o
 .debug_abbrev  0x0000000000004fba       0xda build/postcar/lib/memcmp.o
 .debug_abbrev  0x0000000000005094      0x28e build/postcar/lib/prog_loaders.o
 .debug_abbrev  0x0000000000005322      0x1a1 build/postcar/lib/prog_ops.o
 .debug_abbrev  0x00000000000054c3       0xf6 build/postcar/lib/reset.o
 .debug_abbrev  0x00000000000055b9      0x2d3 build/postcar/lib/rmodule.o
 .debug_abbrev  0x000000000000588c      0x13a build/postcar/lib/romstage_handoff.o
 .debug_abbrev  0x00000000000059c6      0x19d build/postcar/lib/string.o
 .debug_abbrev  0x0000000000005b63      0x3c6 build/postcar/lib/timestamp.o
 .debug_abbrev  0x0000000000005f29       0x85 build/postcar/lib/version.o
 .debug_abbrev  0x0000000000005fae      0x38e build/postcar/northbridge/intel/gm45/memmap.o
 .debug_abbrev  0x000000000000633c       0x4e build/postcar/southbridge/intel/common/reset.o
 .debug_abbrev  0x000000000000638a      0x23a /home/jason/x200_stable/coreboot-4.12/util/crossgcc/xgcc/bin/../lib/gcc/i386-elf/8.3.0/libgcc.a(_udivdi3.o)
 .debug_abbrev  0x00000000000065c4      0x1e7 /home/jason/x200_stable/coreboot-4.12/util/crossgcc/xgcc/bin/../lib/gcc/i386-elf/8.3.0/libgcc.a(_udivmoddi4.o)

.debug_loc      0x0000000000000000     0xb33b
 .debug_loc     0x0000000000000000       0x3c build/postcar/arch/x86/boot.o
 .debug_loc     0x000000000000003c       0xb8 build/postcar/arch/x86/cf9_reset.o
 .debug_loc     0x00000000000000f4       0x16 build/postcar/arch/x86/memmove.o
 .debug_loc     0x000000000000010a       0x46 build/postcar/arch/x86/memset.o
 .debug_loc     0x0000000000000150       0x2d build/postcar/arch/x86/post.o
 .debug_loc     0x000000000000017d       0x1a build/postcar/arch/x86/timestamp.o
 .debug_loc     0x0000000000000197      0xb38 build/postcar/commonlib/bsd/lz4_wrapper.o
 .debug_loc     0x0000000000000ccf      0x8af build/postcar/commonlib/cbfs.o
 .debug_loc     0x000000000000157e      0xaaf build/postcar/commonlib/region.o
 .debug_loc     0x000000000000202d       0xca build/postcar/console/console.o
 .debug_loc     0x00000000000020f7       0x24 build/postcar/console/die.o
 .debug_loc     0x000000000000211b       0x78 build/postcar/console/init.o
 .debug_loc     0x0000000000002193       0x16 build/postcar/console/post.o
 .debug_loc     0x00000000000021a9      0x173 build/postcar/console/printk.o
 .debug_loc     0x000000000000231c      0xbb7 build/postcar/console/vtxprintf.o
 .debug_loc     0x0000000000002ed3      0x57f build/postcar/cpu/intel/common/fsb.o
 .debug_loc     0x0000000000003452       0x68 build/postcar/cpu/x86/lapic/boot_cpu.o
 .debug_loc     0x00000000000034ba       0x23 build/postcar/cpu/x86/smm/tseg_region.o
 .debug_loc     0x00000000000034dd      0x165 build/postcar/cpu/x86/tsc/delay_tsc.o
 .debug_loc     0x0000000000003642      0x280 build/postcar/device/pci_ops.o
 .debug_loc     0x00000000000038c2      0x630 build/postcar/drivers/pc80/rtc/mc146818rtc.o
 .debug_loc     0x0000000000003ef2      0xd9a build/postcar/drivers/pc80/rtc/option.o
 .debug_loc     0x0000000000004c8c       0xb6 build/postcar/lib/boot_device.o
 .debug_loc     0x0000000000004d42      0x3c7 build/postcar/lib/cbfs.o
 .debug_loc     0x0000000000005109       0x15 build/postcar/lib/cbmem_common.o
 .debug_loc     0x000000000000511e      0x222 build/postcar/lib/cbmem_console.o
 .debug_loc     0x0000000000005340      0x452 build/postcar/lib/ext_stage_cache.o
 .debug_loc     0x0000000000005792      0x2df build/postcar/lib/fmap.o
 .debug_loc     0x0000000000005a71     0x1b78 build/postcar/lib/imd.o
 .debug_loc     0x00000000000075e9      0x1fa build/postcar/lib/imd_cbmem.o
 .debug_loc     0x00000000000077e3       0xb8 build/postcar/lib/lzma.o
 .debug_loc     0x000000000000789b     0x1923 build/postcar/lib/lzmadecode.o
 .debug_loc     0x00000000000091be      0x123 build/postcar/lib/memcmp.o
 .debug_loc     0x00000000000092e1       0xec build/postcar/lib/prog_loaders.o
 .debug_loc     0x00000000000093cd       0x58 build/postcar/lib/prog_ops.o
 .debug_loc     0x0000000000009425      0x47f build/postcar/lib/rmodule.o
 .debug_loc     0x00000000000098a4       0x81 build/postcar/lib/romstage_handoff.o
 .debug_loc     0x0000000000009925      0x65c build/postcar/lib/string.o
 .debug_loc     0x0000000000009f81      0x2cb build/postcar/lib/timestamp.o
 .debug_loc     0x000000000000a24c      0x34a build/postcar/northbridge/intel/gm45/memmap.o
 .debug_loc     0x000000000000a596      0x79c /home/jason/x200_stable/coreboot-4.12/util/crossgcc/xgcc/bin/../lib/gcc/i386-elf/8.3.0/libgcc.a(_udivdi3.o)
 .debug_loc     0x000000000000ad32      0x609 /home/jason/x200_stable/coreboot-4.12/util/crossgcc/xgcc/bin/../lib/gcc/i386-elf/8.3.0/libgcc.a(_udivmoddi4.o)

.debug_aranges  0x0000000000000000      0xd18
 .debug_aranges
                0x0000000000000000       0x28 build/postcar/arch/x86/boot.o
 .debug_aranges
                0x0000000000000028       0x38 build/postcar/arch/x86/cf9_reset.o
 .debug_aranges
                0x0000000000000060       0x20 build/postcar/arch/x86/exit_car.o
 .debug_aranges
                0x0000000000000080       0x20 build/postcar/arch/x86/gdt_init.o
 .debug_aranges
                0x00000000000000a0       0x20 build/postcar/arch/x86/memcpy.o
 .debug_aranges
                0x00000000000000c0       0x20 build/postcar/arch/x86/memmove.o
 .debug_aranges
                0x00000000000000e0       0x20 build/postcar/arch/x86/memset.o
 .debug_aranges
                0x0000000000000100       0x20 build/postcar/arch/x86/mmap_boot.o
 .debug_aranges
                0x0000000000000120       0x20 build/postcar/arch/x86/post.o
 .debug_aranges
                0x0000000000000140       0x28 build/postcar/arch/x86/postcar.o
 .debug_aranges
                0x0000000000000168       0x28 build/postcar/arch/x86/timestamp.o
 .debug_aranges
                0x0000000000000190       0x38 build/postcar/commonlib/bsd/lz4_wrapper.o
 .debug_aranges
                0x00000000000001c8       0x60 build/postcar/commonlib/cbfs.o
 .debug_aranges
                0x0000000000000228      0x120 build/postcar/commonlib/region.o
 .debug_aranges
                0x0000000000000348       0x38 build/postcar/console/console.o
 .debug_aranges
                0x0000000000000380       0x28 build/postcar/console/die.o
 .debug_aranges
                0x00000000000003a8       0x28 build/postcar/console/init.o
 .debug_aranges
                0x00000000000003d0       0x28 build/postcar/console/post.o
 .debug_aranges
                0x00000000000003f8       0x60 build/postcar/console/printk.o
 .debug_aranges
                0x0000000000000458       0x28 build/postcar/console/vtxprintf.o
 .debug_aranges
                0x0000000000000480       0x20 build/postcar/cpu/intel/car/p4-netburst/exit_car.o
 .debug_aranges
                0x00000000000004a0       0x38 build/postcar/cpu/intel/common/fsb.o
 .debug_aranges
                0x00000000000004d8       0x20 build/postcar/cpu/x86/lapic/boot_cpu.o
 .debug_aranges
                0x00000000000004f8       0x20 build/postcar/cpu/x86/mtrr/debug.o
 .debug_aranges
                0x0000000000000518       0x30 build/postcar/cpu/x86/smm/tseg_region.o
 .debug_aranges
                0x0000000000000548       0x30 build/postcar/cpu/x86/tsc/delay_tsc.o
 .debug_aranges
                0x0000000000000578       0x30 build/postcar/device/pci_ops.o
 .debug_aranges
                0x00000000000005a8       0x88 build/postcar/drivers/pc80/rtc/mc146818rtc.o
 .debug_aranges
                0x0000000000000630       0x60 build/postcar/drivers/pc80/rtc/option.o
 .debug_aranges
                0x0000000000000690       0x38 build/postcar/lib/boot_device.o
 .debug_aranges
                0x00000000000006c8       0x68 build/postcar/lib/cbfs.o
 .debug_aranges
                0x0000000000000730       0x20 build/postcar/lib/cbmem_common.o
 .debug_aranges
                0x0000000000000750       0x30 build/postcar/lib/cbmem_console.o
 .debug_aranges
                0x0000000000000780       0x40 build/postcar/lib/ext_stage_cache.o
 .debug_aranges
                0x00000000000007c0       0x60 build/postcar/lib/fmap.o
 .debug_aranges
                0x0000000000000820       0x38 build/postcar/lib/gcc.o
 .debug_aranges
                0x0000000000000858       0x20 build/postcar/lib/halt.o
 .debug_aranges
                0x0000000000000878       0xd8 build/postcar/lib/imd.o
 .debug_aranges
                0x0000000000000950       0x98 build/postcar/lib/imd_cbmem.o
 .debug_aranges
                0x00000000000009e8       0x20 build/postcar/lib/lzma.o
 .debug_aranges
                0x0000000000000a08       0x28 build/postcar/lib/lzmadecode.o
 .debug_aranges
                0x0000000000000a30       0x20 build/postcar/lib/memcmp.o
 .debug_aranges
                0x0000000000000a50       0x38 build/postcar/lib/prog_loaders.o
 .debug_aranges
                0x0000000000000a88       0x38 build/postcar/lib/prog_ops.o
 .debug_aranges
                0x0000000000000ac0       0x20 build/postcar/lib/reset.o
 .debug_aranges
                0x0000000000000ae0       0x60 build/postcar/lib/rmodule.o
 .debug_aranges
                0x0000000000000b40       0x28 build/postcar/lib/romstage_handoff.o
 .debug_aranges
                0x0000000000000b68       0x88 build/postcar/lib/string.o
 .debug_aranges
                0x0000000000000bf0       0x60 build/postcar/lib/timestamp.o
 .debug_aranges
                0x0000000000000c50       0x18 build/postcar/lib/version.o
 .debug_aranges
                0x0000000000000c68       0x50 build/postcar/northbridge/intel/gm45/memmap.o
 .debug_aranges
                0x0000000000000cb8       0x20 build/postcar/southbridge/intel/common/reset.o
 .debug_aranges
                0x0000000000000cd8       0x20 /home/jason/x200_stable/coreboot-4.12/util/crossgcc/xgcc/bin/../lib/gcc/i386-elf/8.3.0/libgcc.a(_udivdi3.o)
 .debug_aranges
                0x0000000000000cf8       0x20 /home/jason/x200_stable/coreboot-4.12/util/crossgcc/xgcc/bin/../lib/gcc/i386-elf/8.3.0/libgcc.a(_udivmoddi4.o)

.debug_ranges   0x0000000000000000     0x1cf0
 .debug_ranges  0x0000000000000000       0x18 build/postcar/arch/x86/boot.o
 .debug_ranges  0x0000000000000018       0x68 build/postcar/arch/x86/cf9_reset.o
 .debug_ranges  0x0000000000000080       0x10 build/postcar/arch/x86/memcpy.o
 .debug_ranges  0x0000000000000090       0x10 build/postcar/arch/x86/memmove.o
 .debug_ranges  0x00000000000000a0       0x10 build/postcar/arch/x86/memset.o
 .debug_ranges  0x00000000000000b0       0x10 build/postcar/arch/x86/mmap_boot.o
 .debug_ranges  0x00000000000000c0       0x10 build/postcar/arch/x86/post.o
 .debug_ranges  0x00000000000000d0       0x18 build/postcar/arch/x86/postcar.o
 .debug_ranges  0x00000000000000e8       0x18 build/postcar/arch/x86/timestamp.o
 .debug_ranges  0x0000000000000100      0x180 build/postcar/commonlib/bsd/lz4_wrapper.o
 .debug_ranges  0x0000000000000280      0x1b0 build/postcar/commonlib/cbfs.o
 .debug_ranges  0x0000000000000430      0x1c8 build/postcar/commonlib/region.o
 .debug_ranges  0x00000000000005f8       0x68 build/postcar/console/console.o
 .debug_ranges  0x0000000000000660       0x18 build/postcar/console/die.o
 .debug_ranges  0x0000000000000678       0x48 build/postcar/console/init.o
 .debug_ranges  0x00000000000006c0       0x18 build/postcar/console/post.o
 .debug_ranges  0x00000000000006d8       0x98 build/postcar/console/printk.o
 .debug_ranges  0x0000000000000770       0x30 build/postcar/console/vtxprintf.o
 .debug_ranges  0x00000000000007a0       0xa0 build/postcar/cpu/intel/common/fsb.o
 .debug_ranges  0x0000000000000840       0x10 build/postcar/cpu/x86/lapic/boot_cpu.o
 .debug_ranges  0x0000000000000850       0x10 build/postcar/cpu/x86/mtrr/debug.o
 .debug_ranges  0x0000000000000860       0x20 build/postcar/cpu/x86/smm/tseg_region.o
 .debug_ranges  0x0000000000000880       0x50 build/postcar/cpu/x86/tsc/delay_tsc.o
 .debug_ranges  0x00000000000008d0      0x108 build/postcar/device/pci_ops.o
 .debug_ranges  0x00000000000009d8      0x168 build/postcar/drivers/pc80/rtc/mc146818rtc.o
 .debug_ranges  0x0000000000000b40      0x1b8 build/postcar/drivers/pc80/rtc/option.o
 .debug_ranges  0x0000000000000cf8       0x58 build/postcar/lib/boot_device.o
 .debug_ranges  0x0000000000000d50       0xd0 build/postcar/lib/cbfs.o
 .debug_ranges  0x0000000000000e20       0x10 build/postcar/lib/cbmem_common.o
 .debug_ranges  0x0000000000000e30       0x38 build/postcar/lib/cbmem_console.o
 .debug_ranges  0x0000000000000e68      0x140 build/postcar/lib/ext_stage_cache.o
 .debug_ranges  0x0000000000000fa8      0x118 build/postcar/lib/fmap.o
 .debug_ranges  0x00000000000010c0       0x28 build/postcar/lib/gcc.o
 .debug_ranges  0x00000000000010e8       0x10 build/postcar/lib/halt.o
 .debug_ranges  0x00000000000010f8      0x490 build/postcar/lib/imd.o
 .debug_ranges  0x0000000000001588       0xa0 build/postcar/lib/imd_cbmem.o
 .debug_ranges  0x0000000000001628       0x10 build/postcar/lib/lzma.o
 .debug_ranges  0x0000000000001638      0x128 build/postcar/lib/lzmadecode.o
 .debug_ranges  0x0000000000001760       0x10 build/postcar/lib/memcmp.o
 .debug_ranges  0x0000000000001770       0x90 build/postcar/lib/prog_loaders.o
 .debug_ranges  0x0000000000001800       0x28 build/postcar/lib/prog_ops.o
 .debug_ranges  0x0000000000001828       0x30 build/postcar/lib/reset.o
 .debug_ranges  0x0000000000001858      0x148 build/postcar/lib/rmodule.o
 .debug_ranges  0x00000000000019a0       0x38 build/postcar/lib/romstage_handoff.o
 .debug_ranges  0x00000000000019d8       0x78 build/postcar/lib/string.o
 .debug_ranges  0x0000000000001a50       0xf0 build/postcar/lib/timestamp.o
 .debug_ranges  0x0000000000001b40      0x158 build/postcar/northbridge/intel/gm45/memmap.o
 .debug_ranges  0x0000000000001c98       0x10 build/postcar/southbridge/intel/common/reset.o
 .debug_ranges  0x0000000000001ca8       0x28 /home/jason/x200_stable/coreboot-4.12/util/crossgcc/xgcc/bin/../lib/gcc/i386-elf/8.3.0/libgcc.a(_udivdi3.o)
 .debug_ranges  0x0000000000001cd0       0x20 /home/jason/x200_stable/coreboot-4.12/util/crossgcc/xgcc/bin/../lib/gcc/i386-elf/8.3.0/libgcc.a(_udivmoddi4.o)

.debug_line     0x0000000000000000     0xa469
 .debug_line    0x0000000000000000      0x150 build/postcar/arch/x86/boot.o
 .debug_line    0x0000000000000150      0x200 build/postcar/arch/x86/cf9_reset.o
 .debug_line    0x0000000000000350       0x73 build/postcar/arch/x86/exit_car.o
 .debug_line    0x00000000000003c3       0x46 build/postcar/arch/x86/gdt_init.o
 .debug_line    0x0000000000000409       0x81 build/postcar/arch/x86/memcpy.o
 .debug_line    0x000000000000048a       0x76 build/postcar/arch/x86/memmove.o
 .debug_line    0x0000000000000500       0xc5 build/postcar/arch/x86/memset.o
 .debug_line    0x00000000000005c5       0xa1 build/postcar/arch/x86/mmap_boot.o
 .debug_line    0x0000000000000666       0xe4 build/postcar/arch/x86/post.o
 .debug_line    0x000000000000074a      0x14c build/postcar/arch/x86/postcar.o
 .debug_line    0x0000000000000896       0xf3 build/postcar/arch/x86/timestamp.o
 .debug_line    0x0000000000000989      0x558 build/postcar/commonlib/bsd/lz4_wrapper.o
 .debug_line    0x0000000000000ee1      0x765 build/postcar/commonlib/cbfs.o
 .debug_line    0x0000000000001646      0xa02 build/postcar/commonlib/region.o
 .debug_line    0x0000000000002048      0x225 build/postcar/console/console.o
 .debug_line    0x000000000000226d       0xb4 build/postcar/console/die.o
 .debug_line    0x0000000000002321      0x224 build/postcar/console/init.o
 .debug_line    0x0000000000002545       0x97 build/postcar/console/post.o
 .debug_line    0x00000000000025dc      0x302 build/postcar/console/printk.o
 .debug_line    0x00000000000028de      0x655 build/postcar/console/vtxprintf.o
 .debug_line    0x0000000000002f33       0x63 build/postcar/cpu/intel/car/p4-netburst/exit_car.o
 .debug_line    0x0000000000002f96      0x3fa build/postcar/cpu/intel/common/fsb.o
 .debug_line    0x0000000000003390       0xa5 build/postcar/cpu/x86/lapic/boot_cpu.o
 .debug_line    0x0000000000003435       0xa6 build/postcar/cpu/x86/mtrr/debug.o
 .debug_line    0x00000000000034db      0x229 build/postcar/cpu/x86/smm/tseg_region.o
 .debug_line    0x0000000000003704      0x21f build/postcar/cpu/x86/tsc/delay_tsc.o
 .debug_line    0x0000000000003923      0x287 build/postcar/device/pci_ops.o
 .debug_line    0x0000000000003baa      0x7b5 build/postcar/drivers/pc80/rtc/mc146818rtc.o
 .debug_line    0x000000000000435f      0x90d build/postcar/drivers/pc80/rtc/option.o
 .debug_line    0x0000000000004c6c      0x14f build/postcar/lib/boot_device.o
 .debug_line    0x0000000000004dbb      0x6a1 build/postcar/lib/cbfs.o
 .debug_line    0x000000000000545c       0xb0 build/postcar/lib/cbmem_common.o
 .debug_line    0x000000000000550c      0x23c build/postcar/lib/cbmem_console.o
 .debug_line    0x0000000000005748      0x459 build/postcar/lib/ext_stage_cache.o
 .debug_line    0x0000000000005ba1      0x4e0 build/postcar/lib/fmap.o
 .debug_line    0x0000000000006081       0x8e build/postcar/lib/gcc.o
 .debug_line    0x000000000000610f       0x7f build/postcar/lib/halt.o
 .debug_line    0x000000000000618e      0xf47 build/postcar/lib/imd.o
 .debug_line    0x00000000000070d5      0x46a build/postcar/lib/imd_cbmem.o
 .debug_line    0x000000000000753f      0x124 build/postcar/lib/lzma.o
 .debug_line    0x0000000000007663      0xe54 build/postcar/lib/lzmadecode.o
 .debug_line    0x00000000000084b7       0x92 build/postcar/lib/memcmp.o
 .debug_line    0x0000000000008549      0x3b8 build/postcar/lib/prog_loaders.o
 .debug_line    0x0000000000008901      0x106 build/postcar/lib/prog_ops.o
 .debug_line    0x0000000000008a07       0xfd build/postcar/lib/reset.o
 .debug_line    0x0000000000008b04      0x62b build/postcar/lib/rmodule.o
 .debug_line    0x000000000000912f      0x13d build/postcar/lib/romstage_handoff.o
 .debug_line    0x000000000000926c      0x41a build/postcar/lib/string.o
 .debug_line    0x0000000000009686      0x44a build/postcar/lib/timestamp.o
 .debug_line    0x0000000000009ad0       0x4b build/postcar/lib/version.o
 .debug_line    0x0000000000009b1b      0x434 build/postcar/northbridge/intel/gm45/memmap.o
 .debug_line    0x0000000000009f4f       0x82 build/postcar/southbridge/intel/common/reset.o
 .debug_line    0x0000000000009fd1      0x214 /home/jason/x200_stable/coreboot-4.12/util/crossgcc/xgcc/bin/../lib/gcc/i386-elf/8.3.0/libgcc.a(_udivdi3.o)
 .debug_line    0x000000000000a1e5      0x284 /home/jason/x200_stable/coreboot-4.12/util/crossgcc/xgcc/bin/../lib/gcc/i386-elf/8.3.0/libgcc.a(_udivmoddi4.o)

.debug_str      0x0000000000000000     0x7954
 .debug_str     0x0000000000000000      0x585 build/postcar/arch/x86/boot.o
                                        0x662 (size before relaxing)
 .debug_str     0x0000000000000585       0x99 build/postcar/arch/x86/cf9_reset.o
                                        0x279 (size before relaxing)
 .debug_str     0x000000000000061e       0x26 build/postcar/arch/x86/exit_car.o
                                         0x4c (size before relaxing)
 .debug_str     0x0000000000000644       0x18 build/postcar/arch/x86/gdt_init.o
                                         0x4c (size before relaxing)
 .debug_str     0x000000000000065c       0x22 build/postcar/arch/x86/memcpy.o
                                        0x172 (size before relaxing)
 .debug_str     0x000000000000067e       0x1f build/postcar/arch/x86/memmove.o
                                        0x174 (size before relaxing)
 .debug_str     0x000000000000069d       0x2d build/postcar/arch/x86/memset.o
                                        0x1e2 (size before relaxing)
 .debug_str     0x00000000000006ca       0x3b build/postcar/arch/x86/mmap_boot.o
                                        0x2b0 (size before relaxing)
 .debug_str     0x0000000000000705      0x564 build/postcar/arch/x86/post.o
                                        0x7d5 (size before relaxing)
 .debug_str     0x0000000000000c69      0x88e build/postcar/arch/x86/postcar.o
                                        0xb3d (size before relaxing)
 .debug_str     0x00000000000014f7       0x66 build/postcar/arch/x86/timestamp.o
                                        0x23d (size before relaxing)
 .debug_str     0x000000000000155d      0x300 build/postcar/commonlib/bsd/lz4_wrapper.o
                                        0x520 (size before relaxing)
 .debug_str     0x000000000000185d     0x27e4 build/postcar/commonlib/cbfs.o
                                       0x2aec (size before relaxing)
 .debug_str     0x0000000000004041      0x376 build/postcar/commonlib/region.o
                                        0x6ad (size before relaxing)
 .debug_str     0x00000000000043b7      0x1a5 build/postcar/console/console.o
                                        0x3ac (size before relaxing)
 .debug_str     0x000000000000455c       0x3f build/postcar/console/die.o
                                        0x1f7 (size before relaxing)
 .debug_str     0x000000000000459b      0x3bd build/postcar/console/init.o
                                        0xbdf (size before relaxing)
 .debug_str     0x0000000000004958       0x22 build/postcar/console/post.o
                                        0x1f4 (size before relaxing)
 .debug_str     0x000000000000497a      0x150 build/postcar/console/printk.o
                                        0x3ea (size before relaxing)
 .debug_str     0x0000000000004aca       0x6a build/postcar/console/vtxprintf.o
                                        0x273 (size before relaxing)
 .debug_str     0x0000000000004b34       0x29 build/postcar/cpu/intel/car/p4-netburst/exit_car.o
                                         0x5d (size before relaxing)
 .debug_str     0x0000000000004b5d       0xe7 build/postcar/cpu/intel/common/fsb.o
                                        0x2ea (size before relaxing)
 .debug_str     0x0000000000004c44       0x1d build/postcar/cpu/x86/lapic/boot_cpu.o
                                        0x1f5 (size before relaxing)
 .debug_str     0x0000000000004c61       0x6a build/postcar/cpu/x86/mtrr/debug.o
                                        0x243 (size before relaxing)
 .debug_str     0x0000000000004ccb       0xea build/postcar/cpu/x86/smm/tseg_region.o
                                        0x39d (size before relaxing)
 .debug_str     0x0000000000004db5       0xe1 build/postcar/cpu/x86/tsc/delay_tsc.o
                                        0x2ec (size before relaxing)
 .debug_str     0x0000000000004e96       0xec build/postcar/device/pci_ops.o
                                        0x977 (size before relaxing)
 .debug_str     0x0000000000004f82      0x19a build/postcar/drivers/pc80/rtc/mc146818rtc.o
                                        0xbcd (size before relaxing)
 .debug_str     0x000000000000511c      0x4ca build/postcar/drivers/pc80/rtc/option.o
                                        0xa30 (size before relaxing)
 .debug_str     0x00000000000055e6       0xd1 build/postcar/lib/boot_device.o
                                        0x368 (size before relaxing)
 .debug_str     0x00000000000056b7      0x1b2 build/postcar/lib/cbfs.o
                                       0x1157 (size before relaxing)
 .debug_str     0x0000000000005869       0x59 build/postcar/lib/cbmem_common.o
                                        0x4d0 (size before relaxing)
 .debug_str     0x00000000000058c2      0x11e build/postcar/lib/cbmem_console.o
                                        0x5f5 (size before relaxing)
 .debug_str     0x00000000000059e0      0x1b8 build/postcar/lib/ext_stage_cache.o
                                        0x633 (size before relaxing)
 .debug_str     0x0000000000005b98      0x1dc build/postcar/lib/fmap.o
                                        0x8d6 (size before relaxing)
 .debug_str     0x0000000000005d74       0x92 build/postcar/lib/gcc.o
                                        0x23d (size before relaxing)
 .debug_str     0x0000000000005e06        0xf build/postcar/lib/halt.o
                                        0x128 (size before relaxing)
 .debug_str     0x0000000000005e15      0x395 build/postcar/lib/imd.o
                                        0x6bf (size before relaxing)
 .debug_str     0x00000000000061aa      0x28f build/postcar/lib/imd_cbmem.o
                                        0x985 (size before relaxing)
 .debug_str     0x0000000000006439       0xb6 build/postcar/lib/lzma.o
                                        0x2c3 (size before relaxing)
 .debug_str     0x00000000000064ef      0x14e build/postcar/lib/lzmadecode.o
                                        0x3ad (size before relaxing)
 .debug_str     0x000000000000663d       0x1b build/postcar/lib/memcmp.o
                                        0x18d (size before relaxing)
 .debug_str     0x0000000000006658      0x116 build/postcar/lib/prog_loaders.o
                                       0x10c4 (size before relaxing)
 .debug_str     0x000000000000676e       0x51 build/postcar/lib/prog_ops.o
                                        0x3d7 (size before relaxing)
 .debug_str     0x00000000000067bf       0x1f build/postcar/lib/reset.o
                                        0x222 (size before relaxing)
 .debug_str     0x00000000000067de      0x2ae build/postcar/lib/rmodule.o
                                        0x799 (size before relaxing)
 .debug_str     0x0000000000006a8c       0x7c build/postcar/lib/romstage_handoff.o
                                        0x2a4 (size before relaxing)
 .debug_str     0x0000000000006b08       0x8e build/postcar/lib/string.o
                                        0x278 (size before relaxing)
 .debug_str     0x0000000000006b96      0x1ad build/postcar/lib/timestamp.o
                                        0xf4e (size before relaxing)
 .debug_str     0x0000000000006d43       0x12 build/postcar/lib/version.o
                                        0x26e (size before relaxing)
 .debug_str     0x0000000000006d55      0x1a2 build/postcar/northbridge/intel/gm45/memmap.o
                                        0xb35 (size before relaxing)
 .debug_str     0x0000000000006ef7       0x25 build/postcar/southbridge/intel/common/reset.o
                                        0x155 (size before relaxing)
 .debug_str     0x0000000000006f1c      0xa38 /home/jason/x200_stable/coreboot-4.12/util/crossgcc/xgcc/bin/../lib/gcc/i386-elf/8.3.0/libgcc.a(_udivdi3.o)
                                        0xb4e (size before relaxing)
 .debug_str     0x0000000000007954      0xb44 /home/jason/x200_stable/coreboot-4.12/util/crossgcc/xgcc/bin/../lib/gcc/i386-elf/8.3.0/libgcc.a(_udivmoddi4.o)
