defined kernel grub_acpi_find_fadt
defined kernel grub_buffile_open
defined kernel grub_bufio_open
defined kernel grub_byte_checksum
defined kernel grub_calloc
defined kernel grub_command_list
defined kernel grub_current_context
defined kernel grub_debug_enabled
defined kernel grub_device_close
defined kernel grub_device_iterate
defined kernel grub_device_open
defined kernel grub_disk_cache_table
defined kernel grub_disk_close
defined kernel grub_disk_dev_list
defined kernel grub_disk_dev_register
defined kernel grub_disk_dev_unregister
defined kernel grub_disk_firmware_fini
defined kernel grub_disk_firmware_is_tainted
defined kernel grub_disk_get_size
defined kernel grub_disk_open
defined kernel grub_disk_read
defined kernel grub_disk_write_weak
defined kernel grub_divmod64
defined kernel grub_dl_head
defined kernel grub_dl_load
defined kernel grub_dl_load_core_noinit
defined kernel grub_dl_ref
defined kernel grub_dl_unload
defined kernel grub_dl_unref
defined kernel grub_env_export
defined kernel grub_env_get
defined kernel grub_env_set
defined kernel grub_env_unset
defined kernel grub_env_update_get_sorted
defined kernel grub_err_printed_errors
defined kernel grub_errmsg
defined kernel grub_errno
defined kernel grub_error
defined kernel grub_error_pop
defined kernel grub_error_push
defined kernel grub_exit
defined kernel grub_fatal
defined kernel grub_file_close
defined kernel grub_file_filters
defined kernel grub_file_get_device_name
defined kernel grub_file_open
defined kernel grub_file_progress_hook
defined kernel grub_file_read
defined kernel grub_file_seek
defined kernel grub_font_construct_glyph
defined kernel grub_font_draw_glyph
defined kernel grub_font_get
defined kernel grub_font_get_constructed_device_width
defined kernel grub_font_get_descent
defined kernel grub_font_get_glyph
defined kernel grub_font_get_glyph_with_fallback
defined kernel grub_font_get_height
defined kernel grub_font_get_leading
defined kernel grub_font_get_max_char_width
defined kernel grub_font_get_name
defined kernel grub_font_get_xheight
defined kernel grub_font_load
defined kernel grub_free
defined kernel grub_fs_autoload_hook
defined kernel grub_fs_list
defined kernel grub_fs_probe
defined kernel grub_get_time_ms
defined kernel grub_getkey
defined kernel grub_getkey_noblock
defined kernel grub_getkeystatus
defined kernel grub_gettext
defined kernel grub_gfxterm_background
defined kernel grub_gfxterm_decorator_hook
defined kernel grub_gfxterm_get_dimensions
defined kernel grub_gfxterm_schedule_repaint
defined kernel grub_gfxterm_set_window
defined kernel grub_gfxterm_video_update_color
defined kernel grub_isspace
defined kernel grub_key_is_interrupt
defined kernel grub_linuxbios_table_iterate
defined kernel grub_list_push
defined kernel grub_list_remove
defined kernel grub_machine_acpi_get_rsdpv1
defined kernel grub_machine_acpi_get_rsdpv2
defined kernel grub_machine_fini
defined kernel grub_machine_mmap_iterate
defined kernel grub_malloc
defined kernel grub_memalign
defined kernel grub_memcmp
defined kernel grub_memmove
defined kernel grub_memset
defined kernel grub_millisleep
defined kernel grub_mm_base
defined kernel grub_modbase
defined kernel grub_named_list_find
defined kernel grub_net_open
defined kernel grub_net_poll_cards_idle
defined kernel grub_parser_cmdline_state
defined kernel grub_parser_split_cmdline
defined kernel grub_partition_get_name
defined kernel grub_partition_iterate
defined kernel grub_partition_map_list
defined kernel grub_partition_probe
defined kernel grub_print_error
defined kernel grub_printf
defined kernel grub_printf_
defined kernel grub_puts_
defined kernel grub_real_dprintf
defined kernel grub_realloc
defined kernel grub_refresh
defined kernel grub_register_command_prio
defined kernel grub_register_variable_hook
defined kernel grub_snprintf
defined kernel grub_strchr
defined kernel grub_strcmp
defined kernel grub_strcpy
defined kernel grub_strdup
defined kernel grub_strlen
defined kernel grub_strncmp
defined kernel grub_strndup
defined kernel grub_strrchr
defined kernel grub_strtoul
defined kernel grub_strtoull
defined kernel grub_strword
defined kernel grub_term_highlight_color
defined kernel grub_term_inputs
defined kernel grub_term_inputs_disabled
defined kernel grub_term_normal_color
defined kernel grub_term_outputs
defined kernel grub_term_outputs_disabled
defined kernel grub_term_poll_usb
defined kernel grub_tsc_rate
defined kernel grub_unregister_command
defined kernel grub_video_adapter_active
defined kernel grub_video_adapter_list
defined kernel grub_video_blit_bitmap
defined kernel grub_video_blit_render_target
defined kernel grub_video_create_render_target
defined kernel grub_video_delete_render_target
defined kernel grub_video_edid_checksum
defined kernel grub_video_edid_preferred_mode
defined kernel grub_video_fb_blit_bitmap
defined kernel grub_video_fb_blit_render_target
defined kernel grub_video_fb_create_render_target
defined kernel grub_video_fb_create_render_target_from_pointer
defined kernel grub_video_fb_delete_render_target
defined kernel grub_video_fb_fill_rect
defined kernel grub_video_fb_fini
defined kernel grub_video_fb_get_active_render_target
defined kernel grub_video_fb_get_area_status
defined kernel grub_video_fb_get_info
defined kernel grub_video_fb_get_info_and_fini
defined kernel grub_video_fb_get_palette
defined kernel grub_video_fb_get_region
defined kernel grub_video_fb_get_viewport
defined kernel grub_video_fb_init
defined kernel grub_video_fb_map_color
defined kernel grub_video_fb_map_rgb
defined kernel grub_video_fb_map_rgba
defined kernel grub_video_fb_scroll
defined kernel grub_video_fb_set_active_render_target
defined kernel grub_video_fb_set_area_status
defined kernel grub_video_fb_set_palette
defined kernel grub_video_fb_set_region
defined kernel grub_video_fb_set_viewport
defined kernel grub_video_fb_setup
defined kernel grub_video_fb_swap_buffers
defined kernel grub_video_fb_unmap_color
defined kernel grub_video_fbstd_colors
defined kernel grub_video_fill_rect
defined kernel grub_video_get_area_status
defined kernel grub_video_get_blit_format
defined kernel grub_video_get_driver_id
defined kernel grub_video_get_info
defined kernel grub_video_get_info_and_fini
defined kernel grub_video_get_palette
defined kernel grub_video_get_region
defined kernel grub_video_get_viewport
defined kernel grub_video_map_color
defined kernel grub_video_map_rgb
defined kernel grub_video_map_rgba
defined kernel grub_video_restore
defined kernel grub_video_set_active_render_target
defined kernel grub_video_set_area_status
defined kernel grub_video_set_mode
defined kernel grub_video_set_region
defined kernel grub_video_set_viewport
defined kernel grub_video_swap_buffers
defined kernel grub_video_unmap_color
defined kernel grub_vprintf
defined kernel grub_vsnprintf
defined kernel grub_xasprintf
defined kernel grub_xputs
defined kernel grub_xvasprintf
defined kernel grub_zalloc
defined kernel memcmp
defined kernel memcpy
defined kernel memmove
defined kernel memset
