Archive member included to satisfy reference by file (symbol)

/home/jason/libreboot/libreboot_x200/coreboot-4.14/util/crossgcc/xgcc/lib/gcc/i386-elf/8.3.0/libgcc.a(_divdi3.o)
                              build/postcar/lib/gcc.o (__divdi3)
/home/jason/libreboot/libreboot_x200/coreboot-4.14/util/crossgcc/xgcc/lib/gcc/i386-elf/8.3.0/libgcc.a(_moddi3.o)
                              build/postcar/lib/gcc.o (__moddi3)
/home/jason/libreboot/libreboot_x200/coreboot-4.14/util/crossgcc/xgcc/lib/gcc/i386-elf/8.3.0/libgcc.a(_udivdi3.o)
                              build/postcar/lib/gcc.o (__udivdi3)
/home/jason/libreboot/libreboot_x200/coreboot-4.14/util/crossgcc/xgcc/lib/gcc/i386-elf/8.3.0/libgcc.a(_umoddi3.o)
                              build/postcar/lib/gcc.o (__umoddi3)
/home/jason/libreboot/libreboot_x200/coreboot-4.14/util/crossgcc/xgcc/lib/gcc/i386-elf/8.3.0/libgcc.a(_udivmoddi4.o)
                              build/postcar/console/vtxprintf.o (__udivmoddi4)

Discarded input sections

 .text          0x0000000000000000        0x0 build/postcar/mainboard/lenovo/x200/static.o
 .data          0x0000000000000000        0x0 build/postcar/mainboard/lenovo/x200/static.o
 .bss           0x0000000000000000        0x0 build/postcar/mainboard/lenovo/x200/static.o
 .rodata.__pnp_164e_19
                0x0000000000000000        0x4 build/postcar/mainboard/lenovo/x200/static.o
 .rodata.__pnp_164e_07
                0x0000000000000000        0x4 build/postcar/mainboard/lenovo/x200/static.o
 .rodata.__pnp_164e_02
                0x0000000000000000        0x4 build/postcar/mainboard/lenovo/x200/static.o
 .rodata.__pnp_164e_03
                0x0000000000000000        0x4 build/postcar/mainboard/lenovo/x200/static.o
 .rodata.__pnp_00ff_02
                0x0000000000000000        0x4 build/postcar/mainboard/lenovo/x200/static.o
 .rodata.__pnp_00ff_01
                0x0000000000000000        0x4 build/postcar/mainboard/lenovo/x200/static.o
 .rodata.__pci_0_1f_6_config
                0x0000000000000000        0x4 build/postcar/mainboard/lenovo/x200/static.o
 .rodata.__pci_0_1f_6
                0x0000000000000000        0x4 build/postcar/mainboard/lenovo/x200/static.o
 .rodata.__pci_0_1f_5_config
                0x0000000000000000        0x4 build/postcar/mainboard/lenovo/x200/static.o
 .rodata.__pci_0_1f_5
                0x0000000000000000        0x4 build/postcar/mainboard/lenovo/x200/static.o
 .rodata.__pci_0_1f_3_config
                0x0000000000000000        0x4 build/postcar/mainboard/lenovo/x200/static.o
 .rodata.__pci_0_1f_3
                0x0000000000000000        0x4 build/postcar/mainboard/lenovo/x200/static.o
 .rodata.__pci_0_1f_2_config
                0x0000000000000000        0x4 build/postcar/mainboard/lenovo/x200/static.o
 .rodata.__pci_0_1f_2
                0x0000000000000000        0x4 build/postcar/mainboard/lenovo/x200/static.o
 .rodata.__pci_0_1f_0_config
                0x0000000000000000        0x4 build/postcar/mainboard/lenovo/x200/static.o
 .rodata.__pci_0_1f_0
                0x0000000000000000        0x4 build/postcar/mainboard/lenovo/x200/static.o
 .rodata.__pci_0_1e_0_config
                0x0000000000000000        0x4 build/postcar/mainboard/lenovo/x200/static.o
 .rodata.__pci_0_1e_0
                0x0000000000000000        0x4 build/postcar/mainboard/lenovo/x200/static.o
 .rodata.__pci_0_1d_7_config
                0x0000000000000000        0x4 build/postcar/mainboard/lenovo/x200/static.o
 .rodata.__pci_0_1d_7
                0x0000000000000000        0x4 build/postcar/mainboard/lenovo/x200/static.o
 .rodata.__pci_0_1d_2_config
                0x0000000000000000        0x4 build/postcar/mainboard/lenovo/x200/static.o
 .rodata.__pci_0_1d_2
                0x0000000000000000        0x4 build/postcar/mainboard/lenovo/x200/static.o
 .rodata.__pci_0_1d_1_config
                0x0000000000000000        0x4 build/postcar/mainboard/lenovo/x200/static.o
 .rodata.__pci_0_1d_1
                0x0000000000000000        0x4 build/postcar/mainboard/lenovo/x200/static.o
 .rodata.__pci_0_1d_0_config
                0x0000000000000000        0x4 build/postcar/mainboard/lenovo/x200/static.o
 .rodata.__pci_0_1d_0
                0x0000000000000000        0x4 build/postcar/mainboard/lenovo/x200/static.o
 .rodata.__pci_0_1c_5_config
                0x0000000000000000        0x4 build/postcar/mainboard/lenovo/x200/static.o
 .rodata.__pci_0_1c_5
                0x0000000000000000        0x4 build/postcar/mainboard/lenovo/x200/static.o
 .rodata.__pci_0_1c_4_config
                0x0000000000000000        0x4 build/postcar/mainboard/lenovo/x200/static.o
 .rodata.__pci_0_1c_4
                0x0000000000000000        0x4 build/postcar/mainboard/lenovo/x200/static.o
 .rodata.__pci_0_1c_3_config
                0x0000000000000000        0x4 build/postcar/mainboard/lenovo/x200/static.o
 .rodata.__pci_0_1c_3
                0x0000000000000000        0x4 build/postcar/mainboard/lenovo/x200/static.o
[...]
Memory Configuration

Name             Origin             Length             Attributes
*default*        0x0000000000000000 0xffffffffffffffff

Linker script and memory map

START GROUP
LOAD build/postcar/mainboard/lenovo/x200/static.o
LOAD build/postcar/acpi/acpi_pm.o
LOAD build/postcar/arch/x86/boot.o
LOAD build/postcar/arch/x86/cf9_reset.o
LOAD build/postcar/arch/x86/cpu_common.o
LOAD build/postcar/arch/x86/exit_car.o
LOAD build/postcar/arch/x86/gdt_init.o
LOAD build/postcar/arch/x86/memcpy.o
LOAD build/postcar/arch/x86/memmove.o
LOAD build/postcar/arch/x86/memset.o
LOAD build/postcar/arch/x86/mmap_boot.o
LOAD build/postcar/arch/x86/post.o
LOAD build/postcar/arch/x86/postcar.o
LOAD build/postcar/arch/x86/timestamp.o
LOAD build/postcar/commonlib/bsd/cbfs_mcache.o
LOAD build/postcar/commonlib/bsd/cbfs_private.o
LOAD build/postcar/commonlib/bsd/lz4_wrapper.o
LOAD build/postcar/commonlib/cbfs.o
LOAD build/postcar/commonlib/iobuf.o
LOAD build/postcar/commonlib/mem_pool.o
LOAD build/postcar/commonlib/region.o
LOAD build/postcar/console/console.o
LOAD build/postcar/console/die.o
LOAD build/postcar/console/init.o
LOAD build/postcar/console/post.o
LOAD build/postcar/console/printk.o
LOAD build/postcar/console/vsprintf.o
LOAD build/postcar/console/vtxprintf.o
LOAD build/postcar/cpu/intel/car/p4-netburst/exit_car.o
LOAD build/postcar/cpu/intel/common/fsb.o
LOAD build/postcar/cpu/x86/lapic/boot_cpu.o
LOAD build/postcar/cpu/x86/mtrr/debug.o
LOAD build/postcar/cpu/x86/pae/pgtbl.o
LOAD build/postcar/cpu/x86/smm/tseg_region.o
LOAD build/postcar/cpu/x86/tsc/delay_tsc.o
LOAD build/postcar/device/device_const.o
LOAD build/postcar/device/pci_early.o
LOAD build/postcar/device/pci_ops.o
LOAD build/postcar/drivers/pc80/pc/i8254.o
LOAD build/postcar/drivers/pc80/rtc/mc146818rtc.o
LOAD build/postcar/drivers/pc80/rtc/mc146818rtc_boot.o
LOAD build/postcar/drivers/pc80/rtc/option.o
LOAD build/postcar/drivers/spi/adesto.o
LOAD build/postcar/drivers/spi/amic.o
LOAD build/postcar/drivers/spi/atmel.o
LOAD build/postcar/drivers/spi/bitbang.o
LOAD build/postcar/drivers/spi/boot_device_rw_nommap.o
LOAD build/postcar/drivers/spi/eon.o
LOAD build/postcar/drivers/spi/gigadevice.o
LOAD build/postcar/drivers/spi/macronix.o
LOAD build/postcar/drivers/spi/spansion.o
LOAD build/postcar/drivers/spi/spi-generic.o
LOAD build/postcar/drivers/spi/spi_flash.o
LOAD build/postcar/drivers/spi/sst.o
LOAD build/postcar/drivers/spi/stmicro.o
LOAD build/postcar/drivers/spi/winbond.o
LOAD build/postcar/ec/lenovo/h8/sense.o
LOAD build/postcar/lib/boot_device.o
LOAD build/postcar/lib/bootmode.o
LOAD build/postcar/lib/cbfs.o
LOAD build/postcar/lib/cbmem_common.o
LOAD build/postcar/lib/cbmem_console.o
LOAD build/postcar/lib/crc_byte.o
LOAD build/postcar/lib/delay.o
LOAD build/postcar/lib/ext_stage_cache.o
LOAD build/postcar/lib/fmap.o
LOAD build/postcar/lib/gcc.o
LOAD build/postcar/lib/halt.o
LOAD build/postcar/lib/hexdump.o
LOAD build/postcar/lib/imd.o
LOAD build/postcar/lib/imd_cbmem.o
LOAD build/postcar/lib/libgcc.o
LOAD build/postcar/lib/lzma.o
LOAD build/postcar/lib/lzmadecode.o
LOAD build/postcar/lib/memchr.o
LOAD build/postcar/lib/memcmp.o
LOAD build/postcar/lib/prog_loaders.o
LOAD build/postcar/lib/prog_ops.o
LOAD build/postcar/lib/reset.o
LOAD build/postcar/lib/rmodule.o
LOAD build/postcar/lib/romstage_handoff.o
LOAD build/postcar/lib/string.o
LOAD build/postcar/lib/timestamp.o
LOAD build/postcar/lib/version.o
LOAD build/postcar/northbridge/intel/gm45/memmap.o
LOAD build/postcar/security/memory/memory.o
LOAD build/postcar/southbridge/intel/common/pmbase.o
LOAD build/postcar/southbridge/intel/common/reset.o
LOAD build/postcar/southbridge/intel/common/rtc.o
LOAD build/postcar/southbridge/intel/common/spi.o
LOAD /home/jason/libreboot/libreboot_x200/coreboot-4.14/util/crossgcc/xgcc/lib/gcc/i386-elf/8.3.0/libgcc.a
END GROUP
                0x0000000000000001                _ = ASSERT ((. <= 0x2000000), postcar overlaps the previous region!)
                0x0000000002000000                . = 0x2000000
                0x0000000002000000                _postcar = ABSOLUTE (.)
                0x0000000002100000                _epostcar = ABSOLUTE ((_postcar + 0x100000))
                0x0000000000100000                _postcar_size = ABSOLUTE ((_epostcar - _postcar))
                0x0000000000000001                _ = ASSERT (((_eprogram - _program) <= 0x100000), Aftercar exceeded its allotted size! (1M))

.text           0x0000000002000000     0x4eb0
                0x0000000002000000                _program = .
                0x0000000002000000                _text = .
 *(.init._start)
 *(.init)
 .init          0x0000000002000000       0x28 build/postcar/arch/x86/gdt_init.o
                0x0000000002000000                gdtptr
 *(.init.*)
 .init._gdt_    0x0000000002000028        0x9 build/postcar/arch/x86/gdt_init.o
                0x0000000002000028                gdt_init
 *(.text._start)
 *(.text.stage_entry)
 *(.metadata_hash_anchor)
 *(.text)
 .text          0x0000000002000031       0x85 build/postcar/arch/x86/exit_car.o
                0x0000000002000031                _start
 .text          0x00000000020000b6       0x28 build/postcar/cpu/intel/car/p4-netburst/exit_car.o
                0x00000000020000b6                chipset_teardown_car
 *fill*         0x00000000020000de        0x2 
 .text          0x00000000020000e0       0xff /home/jason/libreboot/libreboot_x200/coreboot-4.14/util/crossgcc/xgcc/lib/gcc/i386-elf/8.3.0/libgcc.a(_udivdi3.o)
                0x00000000020000e0                __udivdi3
 *fill*         0x00000000020001df        0x1 
 .text          0x00000000020001e0      0x1d9 /home/jason/libreboot/libreboot_x200/coreboot-4.14/util/crossgcc/xgcc/lib/gcc/i386-elf/8.3.0/libgcc.a(_udivmoddi4.o)
                0x00000000020001e0                __udivmoddi4
 *(.text.*)
 .text.arch_prog_run
                0x00000000020003b9        0xe build/postcar/arch/x86/boot.o
                0x00000000020003b9                arch_prog_run
 .text.do_system_reset
                0x00000000020003c7        0xe build/postcar/arch/x86/cf9_reset.o
                0x00000000020003c7                do_system_reset
 .text.system_reset
                0x00000000020003d5       0x1e build/postcar/arch/x86/cf9_reset.o
                0x00000000020003d5                system_reset
 .text.memcpy   0x00000000020003f3       0x21 build/postcar/arch/x86/memcpy.o
                0x00000000020003f3                memcpy
 *fill*         0x0000000002000414        0xc 
 .text.memmove  0x0000000002000420      0x185 build/postcar/arch/x86/memmove.o
                0x0000000002000420                memmove
 .text.memset   0x00000000020005a5       0x43 build/postcar/arch/x86/memset.o
                0x00000000020005a5                memset
 .text.boot_device_ro
                0x00000000020005e8        0x6 build/postcar/arch/x86/mmap_boot.o
                0x00000000020005e8                boot_device_ro
 .text.arch_post_code
                0x00000000020005ee        0x7 build/postcar/arch/x86/post.o
                0x00000000020005ee                arch_post_code
 .text.late_car_teardown
                0x00000000020005f5        0x1 build/postcar/arch/x86/postcar.o
                0x00000000020005f5                late_car_teardown
 .text.startup.main
                0x00000000020005f6       0x46 build/postcar/arch/x86/postcar.o
                0x00000000020005f6                main
 .text.timestamp_get
                0x000000000200063c       0x18 build/postcar/arch/x86/timestamp.o
                0x000000000200063c                timestamp_get
 .text.cbfs_mcache_lookup
                0x0000000002000654      0x106 build/postcar/commonlib/bsd/cbfs_mcache.o
                0x0000000002000654                cbfs_mcache_lookup
 .text.cbfs_walk
                0x000000000200075a      0x19e build/postcar/commonlib/bsd/cbfs_private.o
                0x000000000200075a                cbfs_walk
 .text.cbfs_copy_fill_metadata
                0x00000000020008f8       0x71 build/postcar/commonlib/bsd/cbfs_private.o
                0x00000000020008f8                cbfs_copy_fill_metadata
 .text.lookup_walker
                0x0000000002000969       0x89 build/postcar/commonlib/bsd/cbfs_private.o
 .text.cbfs_lookup
                0x00000000020009f2       0x48 build/postcar/commonlib/bsd/cbfs_private.o
                0x00000000020009f2                cbfs_lookup
 .text.cbfs_find_attr
                0x0000000002000a3a       0x7f build/postcar/commonlib/bsd/cbfs_private.o
                0x0000000002000a3a                cbfs_find_attr
 .text.LZ4_wildCopy
                0x0000000002000ab9       0x1a build/postcar/commonlib/bsd/lz4_wrapper.o
 .text.ulz4fn.part.0
                0x0000000002000ad3      0x374 build/postcar/commonlib/bsd/lz4_wrapper.o
 .text.ulz4fn   0x0000000002000e47       0x24 build/postcar/commonlib/bsd/lz4_wrapper.o
                0x0000000002000e47                ulz4fn
 .text.mdev_mmap
                0x0000000002000e6b        0xc build/postcar/commonlib/region.o
 .text.mdev_munmap
                0x0000000002000e77        0x3 build/postcar/commonlib/region.o
 .text.mdev_readat
                0x0000000002000e7a       0x25 build/postcar/commonlib/region.o
 .text.region_is_subregion
                0x0000000002000e9f       0x39 build/postcar/commonlib/region.o
                0x0000000002000e9f                region_is_subregion
 .text.normalize_and_ok
                0x0000000002000ed8        0xe build/postcar/commonlib/region.o
 .text.rdev_mmap
                0x0000000002000ee6       0x52 build/postcar/commonlib/region.o
                0x0000000002000ee6                rdev_mmap
 .text.rdev_munmap
                0x0000000002000f38       0x1f build/postcar/commonlib/region.o
                0x0000000002000f38                rdev_munmap
 .text.rdev_readat
                0x0000000002000f57       0x4f build/postcar/commonlib/region.o
                0x0000000002000f57                rdev_readat
 .text.rdev_chain
                0x0000000002000fa6       0x58 build/postcar/commonlib/region.o
                0x0000000002000fa6                rdev_chain
 .text.rdev_chain_mem
                0x0000000002000ffe       0x1a build/postcar/commonlib/region.o
                0x0000000002000ffe                rdev_chain_mem
 .text.console_hw_init
                0x0000000002001018        0x5 build/postcar/console/console.o
                0x0000000002001018                console_hw_init
 .text.console_tx_byte
                0x000000000200101d        0xe build/postcar/console/console.o
                0x000000000200101d                console_tx_byte
 .text.console_tx_flush
                0x000000000200102b        0x1 build/postcar/console/console.o
                0x000000000200102b                console_tx_flush
 .text.die_notify
                0x000000000200102c        0x1 build/postcar/console/die.o
                0x000000000200102c                die_notify
 .text.die      0x000000000200102d       0x1e build/postcar/console/die.o
                0x000000000200102d                die
 .text.console_log_level
                0x000000000200104b       0x2b build/postcar/console/init.o
                0x000000000200104b                console_log_level
 .text.console_init
                0x0000000002001076       0x70 build/postcar/console/init.o
                0x0000000002001076                console_init
 .text.mainboard_post
                0x00000000020010e6        0x1 build/postcar/console/post.o
                0x00000000020010e6                mainboard_post
 .text.post_code
                0x00000000020010e7       0x1c build/postcar/console/post.o
                0x00000000020010e7                post_code
 .text.wrap_putchar
                0x0000000002001103        0xe build/postcar/console/printk.o
 .text.console_time_run
                0x0000000002001111       0x20 build/postcar/console/printk.o
 .text.wrap_putchar_cbmemc
                0x0000000002001131        0xe build/postcar/console/printk.o
 .text.console_time_stop.part.1
                0x000000000200113f       0x22 build/postcar/console/printk.o
 .text.vprintk  0x0000000002001161       0x81 build/postcar/console/printk.o
                0x0000000002001161                vprintk
 .text.lock     0x00000000020011e2       0x10 build/postcar/console/printk.o
 .text.printk   0x00000000020011f2       0x1a build/postcar/console/printk.o
                0x00000000020011f2                printk
 .text.console_time_report
                0x000000000200120c       0x32 build/postcar/console/printk.o
                0x000000000200120c                console_time_report
 .text.number   0x000000000200123e      0x2e8 build/postcar/console/vtxprintf.o
 .text.vtxprintf
                0x0000000002001526      0x46d build/postcar/console/vtxprintf.o
                0x0000000002001526                vtxprintf
 .text.resolve_timebase
                0x0000000002001993      0x1cc build/postcar/cpu/intel/common/fsb.o
 .text.tsc_freq_mhz
                0x0000000002001b5f       0x1b build/postcar/cpu/intel/common/fsb.o
                0x0000000002001b5f                tsc_freq_mhz
 .text.boot_cpu
                0x0000000002001b7a        0xe build/postcar/cpu/x86/lapic/boot_cpu.o
                0x0000000002001b7a                boot_cpu
 .text.display_mtrrs
                0x0000000002001b88        0x1 build/postcar/cpu/x86/mtrr/debug.o
                0x0000000002001b88                display_mtrrs
 .text.smm_subregion
                0x0000000002001b89       0xd0 build/postcar/cpu/x86/smm/tseg_region.o
                0x0000000002001b89                smm_subregion
 .text.stage_cache_external_region
                0x0000000002001c59       0x3e build/postcar/cpu/x86/smm/tseg_region.o
                0x0000000002001c59                stage_cache_external_region
 .text.timer_monotonic_get
                0x0000000002001c97       0xab build/postcar/cpu/x86/tsc/delay_tsc.o
                0x0000000002001c97                timer_monotonic_get
 .text.cmos_read
                0x0000000002001d42       0x19 build/postcar/drivers/pc80/rtc/mc146818rtc.o
 .text.cmos_checksum_valid
                0x0000000002001d5b       0x57 build/postcar/drivers/pc80/rtc/mc146818rtc.o
                0x0000000002001d5b                cmos_checksum_valid
 .text.cmos_read
                0x0000000002001db2       0x19 build/postcar/drivers/pc80/rtc/option.o
 .text.find_cmos_entry
                0x0000000002001dcb       0x41 build/postcar/drivers/pc80/rtc/option.o
 .text.get_cmos_layout
                0x0000000002001e0c       0x4c build/postcar/drivers/pc80/rtc/option.o
 .text.cmos_get_uint_option
                0x0000000002001e58       0xea build/postcar/drivers/pc80/rtc/option.o
                0x0000000002001e58                cmos_get_uint_option
 .text.boot_device_init
                0x0000000002001f42        0x1 build/postcar/lib/boot_device.o
                0x0000000002001f42                boot_device_init
 .text.boot_device_ro_subregion
                0x0000000002001f43       0x32 build/postcar/lib/boot_device.o
                0x0000000002001f43                boot_device_ro_subregion
 .text.cbfs_load_and_decompress.isra.5
                0x0000000002001f75       0xbe build/postcar/lib/cbfs.o
 .text.cbfs_boot_device_find_mcache
                0x0000000002002033       0x40 build/postcar/lib/cbfs.o
                0x0000000002002033                cbfs_boot_device_find_mcache
 .text.cbfs_get_boot_device
                0x0000000002002073       0x4c build/postcar/lib/cbfs.o
                0x0000000002002073                cbfs_get_boot_device
 .text.cbfs_boot_lookup
                0x00000000020020bf       0xce build/postcar/lib/cbfs.o
                0x00000000020020bf                cbfs_boot_lookup
 .text._cbfs_alloc
                0x000000000200218d      0x13a build/postcar/lib/cbfs.o
                0x000000000200218d                _cbfs_alloc
 .text.cbmem_run_init_hooks
                0x00000000020022c7       0x31 build/postcar/lib/cbmem_common.o
                0x00000000020022c7                cbmem_run_init_hooks
 .text.cbmemc_init
                0x00000000020022f8       0x3b build/postcar/lib/cbmem_console.o
                0x00000000020022f8                cbmemc_init
 .text.cbmemc_tx_byte
                0x0000000002002333       0x43 build/postcar/lib/cbmem_console.o
                0x0000000002002333                cbmemc_tx_byte
 .text.cbmemc_reinit
                0x0000000002002376       0xdc build/postcar/lib/cbmem_console.o
 .text.stage_cache_setup
                0x0000000002002452       0xc5 build/postcar/lib/ext_stage_cache.o
 .text.stage_cache_add
                0x0000000002002517       0xb3 build/postcar/lib/ext_stage_cache.o
                0x0000000002002517                stage_cache_add
 .text.stage_cache_load_stage
                0x00000000020025ca       0xb5 build/postcar/lib/ext_stage_cache.o
                0x00000000020025ca                stage_cache_load_stage
 .text.fmap_register_cbmem_cache
                0x000000000200267f       0x41 build/postcar/lib/fmap.o
 .text.find_fmap_directory
                0x00000000020026c0      0x121 build/postcar/lib/fmap.o
 .text.fmap_locate_area
                0x00000000020027e1       0xab build/postcar/lib/fmap.o
                0x00000000020027e1                fmap_locate_area
 .text.fmap_locate_area_as_rdev
                0x000000000200288c       0x32 build/postcar/lib/fmap.o
                0x000000000200288c                fmap_locate_area_as_rdev
 .text.__wrap___udivdi3
                0x00000000020028be        0x5 build/postcar/lib/gcc.o
                0x00000000020028be                __wrap___udivdi3
 .text.halt     0x00000000020028c3        0x3 build/postcar/lib/halt.o
                0x00000000020028c3                halt
 .text.imdr_recover
                0x00000000020028c6       0xb0 build/postcar/lib/imd.o
 .text.imdr_entry_find
                0x0000000002002976       0x30 build/postcar/lib/imd.o
 .text.imdr_create_empty
                0x00000000020029a6       0xda build/postcar/lib/imd.o
 .text.imd_entry_to_imdr
                0x0000000002002a80       0x3e build/postcar/lib/imd.o
 .text.imdr_entry_add
                0x0000000002002abe       0x74 build/postcar/lib/imd.o
 .text.imd_handle_init
                0x0000000002002b32       0x26 build/postcar/lib/imd.o
                0x0000000002002b32                imd_handle_init
 .text.imd_create_tiered_empty
                0x0000000002002b58       0xb0 build/postcar/lib/imd.o
                0x0000000002002b58                imd_create_tiered_empty
 .text.imd_recover
                0x0000000002002c08       0x5e build/postcar/lib/imd.o
                0x0000000002002c08                imd_recover
 .text.imd_limit_size
                0x0000000002002c66       0x28 build/postcar/lib/imd.o
                0x0000000002002c66                imd_limit_size
 .text.imd_entry_add
                0x0000000002002c8e       0x5a build/postcar/lib/imd.o
                0x0000000002002c8e                imd_entry_add
 .text.imd_entry_find
                0x0000000002002ce8       0x24 build/postcar/lib/imd.o
                0x0000000002002ce8                imd_entry_find
 .text.imd_entry_find_or_add
                0x0000000002002d0c       0x19 build/postcar/lib/imd.o
                0x0000000002002d0c                imd_entry_find_or_add
 .text.imd_entry_size
                0x0000000002002d25        0x8 build/postcar/lib/imd.o
                0x0000000002002d25                imd_entry_size
 .text.imd_entry_at
                0x0000000002002d2d       0x1e build/postcar/lib/imd.o
                0x0000000002002d2d                imd_entry_at
 .text.cbmem_top
                0x0000000002002d4b        0x6 build/postcar/lib/imd_cbmem.o
                0x0000000002002d4b                cbmem_top
 .text.cbmem_add
                0x0000000002002d51       0x36 build/postcar/lib/imd_cbmem.o
                0x0000000002002d51                cbmem_add
 .text.cbmem_initialize_id_size
                0x0000000002002d87       0x69 build/postcar/lib/imd_cbmem.o
                0x0000000002002d87                cbmem_initialize_id_size
 .text.cbmem_initialize
                0x0000000002002df0       0x12 build/postcar/lib/imd_cbmem.o
                0x0000000002002df0                cbmem_initialize
 .text.cbmem_entry_find
                0x0000000002002e02       0x15 build/postcar/lib/imd_cbmem.o
                0x0000000002002e02                cbmem_entry_find
 .text.cbmem_find
                0x0000000002002e17       0x2c build/postcar/lib/imd_cbmem.o
                0x0000000002002e17                cbmem_find
 .text.cbmem_entry_size
                0x0000000002002e43       0x12 build/postcar/lib/imd_cbmem.o
                0x0000000002002e43                cbmem_entry_size
 .text.cbmem_entry_start
                0x0000000002002e55       0x15 build/postcar/lib/imd_cbmem.o
                0x0000000002002e55                cbmem_entry_start
 .text.ulzman   0x0000000002002e6a       0xce build/postcar/lib/lzma.o
                0x0000000002002e6a                ulzman
 .text.LzmaDecodeProperties
                0x0000000002002f38       0x50 build/postcar/lib/lzmadecode.o
                0x0000000002002f38                LzmaDecodeProperties
 .text.LzmaDecode
                0x0000000002002f88      0xcf2 build/postcar/lib/lzmadecode.o
                0x0000000002002f88                LzmaDecode
 .text.memcmp   0x0000000002003c7a       0x26 build/postcar/lib/memcmp.o
                0x0000000002003c7a                memcmp
 .text.prog_locate_hook
                0x0000000002003ca0        0x3 build/postcar/lib/prog_loaders.o
                0x0000000002003ca0                prog_locate_hook
 .text.run_ramstage
                0x0000000002003ca3      0x105 build/postcar/lib/prog_loaders.o
                0x0000000002003ca3                run_ramstage
 .text.platform_segment_loaded
                0x0000000002003da8        0x1 build/postcar/lib/prog_ops.o
                0x0000000002003da8                platform_segment_loaded
 .text.arch_segment_loaded
                0x0000000002003da9        0x1 build/postcar/lib/prog_ops.o
                0x0000000002003da9                arch_segment_loaded
 .text.prog_segment_loaded
                0x0000000002003daa       0x2f build/postcar/lib/prog_ops.o
                0x0000000002003daa                prog_segment_loaded
 .text.platform_prog_run
                0x0000000002003dd9        0x1 build/postcar/lib/prog_ops.o
                0x0000000002003dd9                platform_prog_run
 .text.prog_run
                0x0000000002003dda       0x1b build/postcar/lib/prog_ops.o
                0x0000000002003dda                prog_run
 .text.board_reset
                0x0000000002003df5       0x20 build/postcar/lib/reset.o
                0x0000000002003df5                board_reset
 .text.rmodule_cbfs_allocator
                0x0000000002003e15       0x6a build/postcar/lib/rmodule.o
 .text.rmodule_parse
                0x0000000002003e7f       0x41 build/postcar/lib/rmodule.o
                0x0000000002003e7f                rmodule_parse
 .text.rmodule_parameters
                0x0000000002003ec0       0x1e build/postcar/lib/rmodule.o
                0x0000000002003ec0                rmodule_parameters
 .text.rmodule_entry
                0x0000000002003ede       0x14 build/postcar/lib/rmodule.o
                0x0000000002003ede                rmodule_entry
 .text.rmodule_load
                0x0000000002003ef2       0xde build/postcar/lib/rmodule.o
                0x0000000002003ef2                rmodule_load
 .text.rmodule_stage_load
                0x0000000002003fd0       0xb8 build/postcar/lib/rmodule.o
                0x0000000002003fd0                rmodule_stage_load
 .text.romstage_handoff_is_resume
                0x0000000002004088       0x5f build/postcar/lib/romstage_handoff.o
                0x0000000002004088                romstage_handoff_is_resume
 .text.strnlen  0x00000000020040e7       0x16 build/postcar/lib/string.o
                0x00000000020040e7                strnlen
 .text.strlen   0x00000000020040fd       0x10 build/postcar/lib/string.o
                0x00000000020040fd                strlen
 .text.strcmp   0x000000000200410d       0x20 build/postcar/lib/string.o
                0x000000000200410d                strcmp
 .text.skip_atoi
                0x000000000200412d       0x27 build/postcar/lib/string.o
                0x000000000200412d                skip_atoi
 .text.timestamp_reinit
                0x0000000002004154       0x46 build/postcar/lib/timestamp.o
 .text.timestamp_add
                0x000000000200419a       0x95 build/postcar/lib/timestamp.o
                0x000000000200419a                timestamp_add
 .text.timestamp_add_now
                0x000000000200422f       0x18 build/postcar/lib/timestamp.o
                0x000000000200422f                timestamp_add_now
 .text.decode_igd_memory_size
                0x0000000002004247       0x28 build/postcar/northbridge/intel/gm45/memmap.o
                0x0000000002004247                decode_igd_memory_size
 .text.decode_igd_gtt_size
                0x000000000200426f       0x3e build/postcar/northbridge/intel/gm45/memmap.o
                0x000000000200426f                decode_igd_gtt_size
 .text.decode_tseg_size
                0x00000000020042ad       0x33 build/postcar/northbridge/intel/gm45/memmap.o
                0x00000000020042ad                decode_tseg_size
 .text.northbridge_get_tseg_base
                0x00000000020042e0       0x73 build/postcar/northbridge/intel/gm45/memmap.o
 .text.smm_region
                0x0000000002004353       0x30 build/postcar/northbridge/intel/gm45/memmap.o
                0x0000000002004353                smm_region
 .text.do_board_reset
                0x0000000002004383        0x8 build/postcar/southbridge/intel/common/reset.o
                0x0000000002004383                do_board_reset
                0x0000000002004390                . = ALIGN (0x8)
 *fill*         0x000000000200438b        0x5 
                0x0000000002004390                _cbmem_init_hooks = .
 *(.rodata.cbmem_init_hooks)
 .rodata.cbmem_init_hooks
                0x0000000002004390        0x4 build/postcar/lib/cbmem_console.o
 .rodata.cbmem_init_hooks
                0x0000000002004394        0x4 build/postcar/lib/ext_stage_cache.o
 .rodata.cbmem_init_hooks
                0x0000000002004398        0x4 build/postcar/lib/fmap.o
 .rodata.cbmem_init_hooks
                0x000000000200439c        0x4 build/postcar/lib/timestamp.o
                0x00000000020043a0                _ecbmem_init_hooks = .
                0x0000000000000010                _cbmem_init_hooks_size = ABSOLUTE ((_ecbmem_init_hooks - _cbmem_init_hooks))
                0x00000000020043a0                . = ALIGN (0x8)
                0x00000000020043a0                _rsbe_init_begin = .
 *(.rsbe_init)
                0x00000000020043a0                _ersbe_init_begin = .
                0x0000000000000000                _rsbe_init_begin_size = ABSOLUTE ((_ersbe_init_begin - _rsbe_init_begin))
                0x00000000020043a0                . = ALIGN (0x8)
 *(.rodata)
 .rodata        0x00000000020043a0       0x40 build/postcar/commonlib/bsd/lz4_wrapper.o
 *(.rodata.*)
 .rodata.system_reset.str1.1
                0x00000000020043e0        0xe build/postcar/arch/x86/cf9_reset.o
 *fill*         0x00000000020043ee        0x2 
 .rodata.__func__.1302
                0x00000000020043f0        0xd build/postcar/arch/x86/cf9_reset.o
 *fill*         0x00000000020043fd        0x3 
 .rodata.boot_dev
                0x0000000002004400       0x14 build/postcar/arch/x86/mmap_boot.o
 .rodata.cbfs_mcache_build.str1.1
                0x0000000002004414       0xc3 build/postcar/commonlib/bsd/cbfs_mcache.o
 .rodata.cbfs_mcache_lookup.str1.1
                0x00000000020044d7       0x5a build/postcar/commonlib/bsd/cbfs_mcache.o
 .rodata.cbfs_walk.str1.1
                0x0000000002004531       0x7c build/postcar/commonlib/bsd/cbfs_private.o
                                         0xa1 (size before relaxing)
 .rodata.lookup_walker.str1.1
                0x00000000020045ad       0x21 build/postcar/commonlib/bsd/cbfs_private.o
 .rodata.cbfs_find_attr.str1.1
                0x00000000020045ce       0x6f build/postcar/commonlib/bsd/cbfs_private.o
 *fill*         0x000000000200463d        0x3 
 .rodata.mem_rdev
                0x0000000002004640       0x14 build/postcar/commonlib/region.o
 .rodata.mem_rdev_ro_ops
                0x0000000002004654       0x14 build/postcar/commonlib/region.o
                0x0000000002004654                mem_rdev_ro_ops
 .rodata.console_init.str1.1
                0x0000000002004668       0x44 build/postcar/console/init.o
 .rodata.console_time_report.str1.1
                0x00000000020046ac       0x3e build/postcar/console/printk.o
 .rodata.number.str1.1
                0x00000000020046ea       0x22 build/postcar/console/vtxprintf.o
 .rodata.vtxprintf.str1.1
                0x000000000200470c        0x7 build/postcar/console/vtxprintf.o
 .rodata.resolve_timebase.str1.1
                0x0000000002004713       0x22 build/postcar/cpu/intel/common/fsb.o
 *fill*         0x0000000002004735        0x3 
 .rodata.f2x_fsb.1332
                0x0000000002004738       0x10 build/postcar/cpu/intel/common/fsb.o
 .rodata.rangeley_fsb.1333
                0x0000000002004748        0x8 build/postcar/cpu/intel/common/fsb.o
 .rodata.core2_fsb.1331
                0x0000000002004750       0x10 build/postcar/cpu/intel/common/fsb.o
 .rodata.core_fsb.1330
                0x0000000002004760       0x10 build/postcar/cpu/intel/common/fsb.o
 .rodata.smm_subregion.str1.1
                0x0000000002004770       0x1e build/postcar/cpu/x86/smm/tseg_region.o
                                         0x43 (size before relaxing)
 .rodata.stage_cache_external_region.str1.1
                0x000000000200478e       0x20 build/postcar/cpu/x86/smm/tseg_region.o
 *fill*         0x00000000020047ae        0x2 
 .rodata.pci_mmconf
                0x00000000020047b0        0x4 build/postcar/device/pci_ops.o
                0x00000000020047b0                pci_mmconf
 .rodata.get_cmos_layout.str1.1
                0x00000000020047b4       0x4f build/postcar/drivers/pc80/rtc/option.o
 .rodata.cmos_get_uint_option.str1.1
                0x0000000002004803       0x47 build/postcar/drivers/pc80/rtc/option.o
 .rodata.cbfs_get_boot_device.str1.1
                0x000000000200484a       0x24 build/postcar/lib/cbfs.o
 .rodata.cbfs_boot_lookup.str1.1
                0x000000000200486e       0x67 build/postcar/lib/cbfs.o
 .rodata._cbfs_alloc.str1.1
                0x00000000020048d5       0x8c build/postcar/lib/cbfs.o
 .rodata.cbmemc_reinit.str1.1
                0x0000000002004961       0x3f build/postcar/lib/cbmem_console.o
 .rodata.stage_cache_setup.str1.1
                0x00000000020049a0       0x63 build/postcar/lib/ext_stage_cache.o
 .rodata.stage_cache_add.str1.1
                0x0000000002004a03       0x4d build/postcar/lib/ext_stage_cache.o
 .rodata.stage_cache_load_stage.str1.1
                0x0000000002004a50       0x4f build/postcar/lib/ext_stage_cache.o
 .rodata.find_fmap_directory.str1.1
                0x0000000002004a9f       0xbc build/postcar/lib/fmap.o
 .rodata.fmap_locate_area.str1.1
                0x0000000002004b5b       0x25 build/postcar/lib/fmap.o
 .rodata.imdr_create_empty.str1.1
                0x0000000002004b80       0x2a build/postcar/lib/imd.o
                                         0x4f (size before relaxing)
 .rodata.ulzman.str1.1
                0x0000000002004baa       0x7c build/postcar/lib/lzma.o
 .rodata.run_ramstage.str1.1
                0x0000000002004c26       0x58 build/postcar/lib/prog_loaders.o
 .rodata.board_reset.str1.1
                0x0000000002004c7e        0xe build/postcar/lib/reset.o
 *fill*         0x0000000002004c7e        0x2 
 .rodata.__func__.1235
                0x0000000002004c80        0xc build/postcar/lib/reset.o
 .rodata.rmodule_cbfs_allocator.str1.1
                0x0000000002004c8c       0x23 build/postcar/lib/rmodule.o
 .rodata.rmodule_load.str1.1
                0x0000000002004caf       0x94 build/postcar/lib/rmodule.o
 .rodata.romstage_handoff_is_resume.str1.1
                0x0000000002004d43       0x18 build/postcar/lib/romstage_handoff.o
 .rodata.timestamp_reinit.str1.1
                0x0000000002004d5b       0x25 build/postcar/lib/timestamp.o
 .rodata.timestamp_add.str1.1
                0x0000000002004d80       0x3e build/postcar/lib/timestamp.o
 *fill*         0x0000000002004dbe        0x2 
 .rodata.coreboot_build
                0x0000000002004dc0       0x1d build/postcar/lib/version.o
                0x0000000002004dc0                coreboot_build
 .rodata.coreboot_extra_version
                0x0000000002004ddd        0x1 build/postcar/lib/version.o
                0x0000000002004ddd                coreboot_extra_version
 *fill*         0x0000000002004dde        0x2 
 .rodata.coreboot_version
                0x0000000002004de0        0xf build/postcar/lib/version.o
                0x0000000002004de0                coreboot_version
 .rodata.decode_igd_memory_size.str1.1
                0x0000000002004def       0x29 build/postcar/northbridge/intel/gm45/memmap.o
 .rodata.decode_igd_gtt_size.str1.1
                0x0000000002004e18       0x2b build/postcar/northbridge/intel/gm45/memmap.o
 *fill*         0x0000000002004e43        0x1 
 .rodata.decode_igd_gtt_size
                0x0000000002004e44       0x30 build/postcar/northbridge/intel/gm45/memmap.o
 .rodata.decode_tseg_size.str1.1
                0x0000000002004e74       0x13 build/postcar/northbridge/intel/gm45/memmap.o
 *fill*         0x0000000002004e87        0x1 
 .rodata.CSWTCH.1
                0x0000000002004e88        0x6 build/postcar/northbridge/intel/gm45/memmap.o
 *fill*         0x0000000002004e8e        0x2 
 .rodata.ggc2uma.5007
                0x0000000002004e90       0x1c build/postcar/northbridge/intel/gm45/memmap.o
                0x0000000002004eb0                . = ALIGN (0x8)
 *fill*         0x0000000002004eac        0x4 
                0x0000000002004eb0                _etext = .
                0x0000000000004eb0                _text_size = ABSOLUTE ((_etext - _text))

.iplt           0x0000000002004eb0        0x0
 .iplt          0x0000000002004eb0        0x0 build/postcar/mainboard/lenovo/x200/static.o

.rel.dyn        0x0000000002004eb0        0x0
 .rel.got       0x0000000002004eb0        0x0 build/postcar/mainboard/lenovo/x200/static.o
 .rel.iplt      0x0000000002004eb0        0x0 build/postcar/mainboard/lenovo/x200/static.o
 .rel.text.startup.main
                0x0000000002004eb0        0x0 build/postcar/mainboard/lenovo/x200/static.o
 .rel.text.die  0x0000000002004eb0        0x0 build/postcar/mainboard/lenovo/x200/static.o
 .rel.text.post_code
                0x0000000002004eb0        0x0 build/postcar/mainboard/lenovo/x200/static.o
 .rel.text.boot_device_ro_subregion
                0x0000000002004eb0        0x0 build/postcar/mainboard/lenovo/x200/static.o
 .rel.text.cbmem_run_init_hooks
                0x0000000002004eb0        0x0 build/postcar/mainboard/lenovo/x200/static.o
 .rel.text.find_fmap_directory
                0x0000000002004eb0        0x0 build/postcar/mainboard/lenovo/x200/static.o
 .rel.text.prog_segment_loaded
                0x0000000002004eb0        0x0 build/postcar/mainboard/lenovo/x200/static.o
 .rel.text.prog_run
                0x0000000002004eb0        0x0 build/postcar/mainboard/lenovo/x200/static.o
 .rel.text.rmodule_stage_load
                0x0000000002004eb0        0x0 build/postcar/mainboard/lenovo/x200/static.o

.data           0x0000000002004eb0       0x20
                0x0000000002004ec0                . = ALIGN (0x40)
 *fill*         0x0000000002004eb0       0x10 
                0x0000000002004ec0                _data = .
                0x0000000002004ec0                _rmodule_params = .
 *(.module_parameters)
 .module_parameters
                0x0000000002004ec0        0x8 build/postcar/arch/x86/exit_car.o
                0x0000000002004ec0                post_car_stack_top
                0x0000000002004ec8                _ermodule_params = .
                0x0000000000000008                _rmodule_params_size = ABSOLUTE ((_ermodule_params - _rmodule_params))
 *(.data)
 *(.data.*)
 .data.console_lock
                0x0000000002004ec8        0x4 build/postcar/console/printk.o
 *(.sdata)
 *(.sdata.*)
                0x0000000002004ed0                . = ALIGN (0x8)
 *fill*         0x0000000002004ecc        0x4 
                0x0000000002004ed0                _edata = .
                0x0000000000000010                _data_size = ABSOLUTE ((_edata - _data))

.got            0x0000000002004ed0        0x0
 .got           0x0000000002004ed0        0x0 build/postcar/mainboard/lenovo/x200/static.o

.got.plt        0x0000000002004ed0        0x0
 .got.plt       0x0000000002004ed0        0x0 build/postcar/mainboard/lenovo/x200/static.o

.igot.plt       0x0000000002004ed0        0x0
 .igot.plt      0x0000000002004ed0        0x0 build/postcar/mainboard/lenovo/x200/static.o

.bss            0x0000000002004ed0     0x4308
                0x0000000002004ed0                . = ALIGN (0x8)
                0x0000000002004ed0                _bss = .
 *(.bss)
 *(.bss.*)
 .bss.console_loglevel
                0x0000000002004ed0        0x4 build/postcar/console/init.o
 .bss.console_inited
                0x0000000002004ed4        0x4 build/postcar/console/init.o
 .bss.console_usecs
                0x0000000002004ed8        0x4 build/postcar/console/printk.o
 .bss.mt_stop   0x0000000002004edc        0x4 build/postcar/console/printk.o
 .bss.mt_start  0x0000000002004ee0        0x4 build/postcar/console/printk.o
 .bss.timer_tsc
                0x0000000002004ee4        0x4 build/postcar/cpu/intel/common/fsb.o
 .bss.timer_fsb
                0x0000000002004ee8        0x4 build/postcar/cpu/intel/common/fsb.o
 .bss.mono_counter
                0x0000000002004eec       0x10 build/postcar/cpu/x86/tsc/delay_tsc.o
 .bss.ct.3708   0x0000000002004efc        0x4 build/postcar/drivers/pc80/rtc/option.o
 .bss.ro.4416   0x0000000002004f00       0x18 build/postcar/lib/cbfs.o
 *fill*         0x0000000002004f18        0x8 
 .bss.static_console
                0x0000000002004f20      0x400 build/postcar/lib/cbmem_console.o
 .bss.current_console
                0x0000000002005320        0x4 build/postcar/lib/cbmem_console.o
 .bss.imd_stage_cache
                0x0000000002005324       0x10 build/postcar/lib/ext_stage_cache.o
 .bss.fmap_cache
                0x0000000002005334       0x10 build/postcar/lib/fmap.o
 .bss.fmap_print_once
                0x0000000002005344        0x4 build/postcar/lib/fmap.o
 .bss.cbmem_initialized
                0x0000000002005348        0x4 build/postcar/lib/imd_cbmem.o
                0x0000000002005348                cbmem_initialized
 .bss.imd       0x000000000200534c       0x10 build/postcar/lib/imd_cbmem.o
 .bss._cbmem_top_ptr
                0x000000000200535c        0x4 build/postcar/lib/imd_cbmem.o
                0x000000000200535c                _cbmem_top_ptr
 .bss.scratchpad.1341
                0x0000000002005360     0x3e6c build/postcar/lib/lzma.o
 .bss.s3_resume.1619
                0x00000000020091cc        0x4 build/postcar/lib/romstage_handoff.o
 .bss.once.1618
                0x00000000020091d0        0x4 build/postcar/lib/romstage_handoff.o
 .bss.glob_ts_table
                0x00000000020091d4        0x4 build/postcar/lib/timestamp.o
 *(.sbss)
 *(.sbss.*)
                0x00000000020091d8                . = ALIGN (0x8)
                0x00000000020091d8                _ebss = .
                0x0000000000004308                _bss_size = ABSOLUTE ((_ebss - _bss))
                0x00000000020091d8                _eprogram = .
                0x00000000000091d8                _program_size = ABSOLUTE ((_eprogram - _program))
                0x0000000000000000                zeroptr = 0x0

/DISCARD/
 *(.comment)
 *(.comment.*)
 *(.note)
 *(.note.*)
 *(.eh_frame)
OUTPUT(build/cbfs/fallback/postcar.debug elf32-i386)

.debug_info     0x0000000000000000    0x201f4
 .debug_info    0x0000000000000000      0x936 build/postcar/arch/x86/boot.o
 .debug_info    0x0000000000000936      0x32c build/postcar/arch/x86/cf9_reset.o
 .debug_info    0x0000000000000c62       0x26 build/postcar/arch/x86/exit_car.o
 .debug_info    0x0000000000000c88       0x26 build/postcar/arch/x86/gdt_init.o
 .debug_info    0x0000000000000cae      0x10d build/postcar/arch/x86/memcpy.o
 .debug_info    0x0000000000000dbb      0x148 build/postcar/arch/x86/memmove.o
 .debug_info    0x0000000000000f03      0x12d build/postcar/arch/x86/memset.o
 .debug_info    0x0000000000001030      0x892 build/postcar/arch/x86/mmap_boot.o
 .debug_info    0x00000000000018c2      0xdd7 build/postcar/arch/x86/post.o
 .debug_info    0x0000000000002699      0x6ae build/postcar/arch/x86/postcar.o
 .debug_info    0x0000000000002d47      0x20c build/postcar/arch/x86/timestamp.o
 .debug_info    0x0000000000002f53      0x970 build/postcar/commonlib/bsd/cbfs_mcache.o
 .debug_info    0x00000000000038c3     0x123c build/postcar/commonlib/bsd/cbfs_private.o
 .debug_info    0x0000000000004aff      0xc32 build/postcar/commonlib/bsd/lz4_wrapper.o
 .debug_info    0x0000000000005731     0x1a9b build/postcar/commonlib/region.o
 .debug_info    0x00000000000071cc      0x371 build/postcar/console/console.o
 .debug_info    0x000000000000753d      0x132 build/postcar/console/die.o
 .debug_info    0x000000000000766f     0x124e build/postcar/console/init.o
 .debug_info    0x00000000000088bd      0x115 build/postcar/console/post.o
 .debug_info    0x00000000000089d2      0x5d1 build/postcar/console/printk.o
 .debug_info    0x0000000000008fa3      0x460 build/postcar/console/vtxprintf.o
 .debug_info    0x0000000000009403       0x26 build/postcar/cpu/intel/car/p4-netburst/exit_car.o
 .debug_info    0x0000000000009429      0x6d7 build/postcar/cpu/intel/common/fsb.o
 .debug_info    0x0000000000009b00      0x166 build/postcar/cpu/x86/lapic/boot_cpu.o
 .debug_info    0x0000000000009c66      0x12c build/postcar/cpu/x86/mtrr/debug.o
 .debug_info    0x0000000000009d92      0x465 build/postcar/cpu/x86/smm/tseg_region.o
 .debug_info    0x000000000000a1f7      0x50f build/postcar/cpu/x86/tsc/delay_tsc.o
 .debug_info    0x000000000000a706     0x1448 build/postcar/device/pci_ops.o
 .debug_info    0x000000000000bb4e     0x1b4e build/postcar/drivers/pc80/rtc/mc146818rtc.o
 .debug_info    0x000000000000d69c     0x159a build/postcar/drivers/pc80/rtc/option.o
 .debug_info    0x000000000000ec36      0x483 build/postcar/lib/boot_device.o
 .debug_info    0x000000000000f0b9     0x301a build/postcar/lib/cbfs.o
 .debug_info    0x00000000000120d3      0x565 build/postcar/lib/cbmem_common.o
 .debug_info    0x0000000000012638      0x935 build/postcar/lib/cbmem_console.o
 .debug_info    0x0000000000012f6d      0xbf3 build/postcar/lib/ext_stage_cache.o
 .debug_info    0x0000000000013b60     0x1c06 build/postcar/lib/fmap.o
 .debug_info    0x0000000000015766      0x20d build/postcar/lib/gcc.o
 .debug_info    0x0000000000015973       0x5b build/postcar/lib/halt.o
 .debug_info    0x00000000000159ce     0x2096 build/postcar/lib/imd.o
 .debug_info    0x0000000000017a64      0xb7c build/postcar/lib/imd_cbmem.o
 .debug_info    0x00000000000185e0      0x2c8 build/postcar/lib/lzma.o
 .debug_info    0x00000000000188a8      0x662 build/postcar/lib/lzmadecode.o
 .debug_info    0x0000000000018f0a      0x10c build/postcar/lib/memcmp.o
 .debug_info    0x0000000000019016      0xfc1 build/postcar/lib/prog_loaders.o
 .debug_info    0x0000000000019fd7      0x572 build/postcar/lib/prog_ops.o
 .debug_info    0x000000000001a549      0x168 build/postcar/lib/reset.o
 .debug_info    0x000000000001a6b1     0x1323 build/postcar/lib/rmodule.o
 .debug_info    0x000000000001b9d4      0x23a build/postcar/lib/romstage_handoff.o
 .debug_info    0x000000000001bc0e      0x71a build/postcar/lib/string.o
 .debug_info    0x000000000001c328      0xe74 build/postcar/lib/timestamp.o
 .debug_info    0x000000000001d19c      0x1e0 build/postcar/lib/version.o
 .debug_info    0x000000000001d37c     0x175b build/postcar/northbridge/intel/gm45/memmap.o
 .debug_info    0x000000000001ead7       0x52 build/postcar/southbridge/intel/common/reset.o
 .debug_info    0x000000000001eb29      0xbc3 /home/jason/libreboot/libreboot_x200/coreboot-4.14/util/crossgcc/xgcc/lib/gcc/i386-elf/8.3.0/libgcc.a(_udivdi3.o)
 .debug_info    0x000000000001f6ec      0xb08 /home/jason/libreboot/libreboot_x200/coreboot-4.14/util/crossgcc/xgcc/lib/gcc/i386-elf/8.3.0/libgcc.a(_udivmoddi4.o)

.debug_abbrev   0x0000000000000000     0x6e35
 .debug_abbrev  0x0000000000000000      0x1be build/postcar/arch/x86/boot.o
 .debug_abbrev  0x00000000000001be      0x17d build/postcar/arch/x86/cf9_reset.o
 .debug_abbrev  0x000000000000033b       0x14 build/postcar/arch/x86/exit_car.o
 .debug_abbrev  0x000000000000034f       0x14 build/postcar/arch/x86/gdt_init.o
 .debug_abbrev  0x0000000000000363       0xbe build/postcar/arch/x86/memcpy.o
 .debug_abbrev  0x0000000000000421       0xd2 build/postcar/arch/x86/memmove.o
 .debug_abbrev  0x00000000000004f3       0xe9 build/postcar/arch/x86/memset.o
 .debug_abbrev  0x00000000000005dc      0x1cc build/postcar/arch/x86/mmap_boot.o
 .debug_abbrev  0x00000000000007a8      0x20f build/postcar/arch/x86/post.o
 .debug_abbrev  0x00000000000009b7      0x19c build/postcar/arch/x86/postcar.o
 .debug_abbrev  0x0000000000000b53      0x17c build/postcar/arch/x86/timestamp.o
 .debug_abbrev  0x0000000000000ccf      0x281 build/postcar/commonlib/bsd/cbfs_mcache.o
 .debug_abbrev  0x0000000000000f50      0x328 build/postcar/commonlib/bsd/cbfs_private.o
 .debug_abbrev  0x0000000000001278      0x381 build/postcar/commonlib/bsd/lz4_wrapper.o
 .debug_abbrev  0x00000000000015f9      0x466 build/postcar/commonlib/region.o
 .debug_abbrev  0x0000000000001a5f      0x181 build/postcar/console/console.o
 .debug_abbrev  0x0000000000001be0       0xf6 build/postcar/console/die.o
 .debug_abbrev  0x0000000000001cd6      0x318 build/postcar/console/init.o
 .debug_abbrev  0x0000000000001fee       0xd4 build/postcar/console/post.o
 .debug_abbrev  0x00000000000020c2      0x2ad build/postcar/console/printk.o
 .debug_abbrev  0x000000000000236f      0x1f7 build/postcar/console/vtxprintf.o
 .debug_abbrev  0x0000000000002566       0x14 build/postcar/cpu/intel/car/p4-netburst/exit_car.o
 .debug_abbrev  0x000000000000257a      0x25e build/postcar/cpu/intel/common/fsb.o
 .debug_abbrev  0x00000000000027d8      0x116 build/postcar/cpu/x86/lapic/boot_cpu.o
 .debug_abbrev  0x00000000000028ee       0xb1 build/postcar/cpu/x86/mtrr/debug.o
 .debug_abbrev  0x000000000000299f      0x1a1 build/postcar/cpu/x86/smm/tseg_region.o
 .debug_abbrev  0x0000000000002b40      0x27d build/postcar/cpu/x86/tsc/delay_tsc.o
 .debug_abbrev  0x0000000000002dbd      0x2e2 build/postcar/device/pci_ops.o
 .debug_abbrev  0x000000000000309f      0x423 build/postcar/drivers/pc80/rtc/mc146818rtc.o
 .debug_abbrev  0x00000000000034c2      0x3b0 build/postcar/drivers/pc80/rtc/option.o
 .debug_abbrev  0x0000000000003872      0x1a6 build/postcar/lib/boot_device.o
 .debug_abbrev  0x0000000000003a18      0x5b3 build/postcar/lib/cbfs.o
 .debug_abbrev  0x0000000000003fcb       0xd9 build/postcar/lib/cbmem_common.o
 .debug_abbrev  0x00000000000040a4      0x25b build/postcar/lib/cbmem_console.o
 .debug_abbrev  0x00000000000042ff      0x2e7 build/postcar/lib/ext_stage_cache.o
 .debug_abbrev  0x00000000000045e6      0x3a9 build/postcar/lib/fmap.o
 .debug_abbrev  0x000000000000498f       0xa7 build/postcar/lib/gcc.o
 .debug_abbrev  0x0000000000004a36       0x5a build/postcar/lib/halt.o
 .debug_abbrev  0x0000000000004a90      0x46f build/postcar/lib/imd.o
 .debug_abbrev  0x0000000000004eff      0x3af build/postcar/lib/imd_cbmem.o
 .debug_abbrev  0x00000000000052ae      0x163 build/postcar/lib/lzma.o
 .debug_abbrev  0x0000000000005411      0x19d build/postcar/lib/lzmadecode.o
 .debug_abbrev  0x00000000000055ae       0xda build/postcar/lib/memcmp.o
 .debug_abbrev  0x0000000000005688      0x280 build/postcar/lib/prog_loaders.o
 .debug_abbrev  0x0000000000005908      0x1bc build/postcar/lib/prog_ops.o
 .debug_abbrev  0x0000000000005ac4       0xf6 build/postcar/lib/reset.o
 .debug_abbrev  0x0000000000005bba      0x345 build/postcar/lib/rmodule.o
 .debug_abbrev  0x0000000000005eff      0x14b build/postcar/lib/romstage_handoff.o
 .debug_abbrev  0x000000000000604a      0x1ae build/postcar/lib/string.o
 .debug_abbrev  0x00000000000061f8      0x3bb build/postcar/lib/timestamp.o
 .debug_abbrev  0x00000000000065b3       0x85 build/postcar/lib/version.o
 .debug_abbrev  0x0000000000006638      0x38e build/postcar/northbridge/intel/gm45/memmap.o
 .debug_abbrev  0x00000000000069c6       0x4e build/postcar/southbridge/intel/common/reset.o
 .debug_abbrev  0x0000000000006a14      0x23a /home/jason/libreboot/libreboot_x200/coreboot-4.14/util/crossgcc/xgcc/lib/gcc/i386-elf/8.3.0/libgcc.a(_udivdi3.o)
 .debug_abbrev  0x0000000000006c4e      0x1e7 /home/jason/libreboot/libreboot_x200/coreboot-4.14/util/crossgcc/xgcc/lib/gcc/i386-elf/8.3.0/libgcc.a(_udivmoddi4.o)

.debug_loc      0x0000000000000000     0xbb6d
 .debug_loc     0x0000000000000000       0x3c build/postcar/arch/x86/boot.o
 .debug_loc     0x000000000000003c       0xb8 build/postcar/arch/x86/cf9_reset.o
 .debug_loc     0x00000000000000f4       0x16 build/postcar/arch/x86/memmove.o
 .debug_loc     0x000000000000010a       0x46 build/postcar/arch/x86/memset.o
 .debug_loc     0x0000000000000150       0x2d build/postcar/arch/x86/post.o
 .debug_loc     0x000000000000017d       0x1a build/postcar/arch/x86/timestamp.o
 .debug_loc     0x0000000000000197      0x24a build/postcar/commonlib/bsd/cbfs_mcache.o
 .debug_loc     0x00000000000003e1      0x754 build/postcar/commonlib/bsd/cbfs_private.o
 .debug_loc     0x0000000000000b35      0xb38 build/postcar/commonlib/bsd/lz4_wrapper.o
 .debug_loc     0x000000000000166d      0xbdb build/postcar/commonlib/region.o
 .debug_loc     0x0000000000002248       0xca build/postcar/console/console.o
 .debug_loc     0x0000000000002312       0x24 build/postcar/console/die.o
 .debug_loc     0x0000000000002336       0x45 build/postcar/console/init.o
 .debug_loc     0x000000000000237b       0x16 build/postcar/console/post.o
 .debug_loc     0x0000000000002391      0x173 build/postcar/console/printk.o
 .debug_loc     0x0000000000002504      0xbb7 build/postcar/console/vtxprintf.o
 .debug_loc     0x00000000000030bb      0x57f build/postcar/cpu/intel/common/fsb.o
 .debug_loc     0x000000000000363a       0x68 build/postcar/cpu/x86/lapic/boot_cpu.o
 .debug_loc     0x00000000000036a2       0x23 build/postcar/cpu/x86/smm/tseg_region.o
 .debug_loc     0x00000000000036c5      0x19f build/postcar/cpu/x86/tsc/delay_tsc.o
 .debug_loc     0x0000000000003864      0x360 build/postcar/device/pci_ops.o
 .debug_loc     0x0000000000003bc4      0x6f9 build/postcar/drivers/pc80/rtc/mc146818rtc.o
 .debug_loc     0x00000000000042bd      0xc61 build/postcar/drivers/pc80/rtc/option.o
 .debug_loc     0x0000000000004f1e       0xb6 build/postcar/lib/boot_device.o
 .debug_loc     0x0000000000004fd4      0xa08 build/postcar/lib/cbfs.o
 .debug_loc     0x00000000000059dc       0x15 build/postcar/lib/cbmem_common.o
 .debug_loc     0x00000000000059f1      0x222 build/postcar/lib/cbmem_console.o
 .debug_loc     0x0000000000005c13      0x331 build/postcar/lib/ext_stage_cache.o
 .debug_loc     0x0000000000005f44      0x2bf build/postcar/lib/fmap.o
 .debug_loc     0x0000000000006203     0x1b27 build/postcar/lib/imd.o
 .debug_loc     0x0000000000007d2a      0x1fa build/postcar/lib/imd_cbmem.o
 .debug_loc     0x0000000000007f24       0xb8 build/postcar/lib/lzma.o
 .debug_loc     0x0000000000007fdc     0x1923 build/postcar/lib/lzmadecode.o
 .debug_loc     0x00000000000098ff      0x123 build/postcar/lib/memcmp.o
 .debug_loc     0x0000000000009a22       0x7e build/postcar/lib/prog_loaders.o
 .debug_loc     0x0000000000009aa0       0x58 build/postcar/lib/prog_ops.o
 .debug_loc     0x0000000000009af8      0x586 build/postcar/lib/rmodule.o
 .debug_loc     0x000000000000a07e       0x81 build/postcar/lib/romstage_handoff.o
 .debug_loc     0x000000000000a0ff      0x6ee build/postcar/lib/string.o
 .debug_loc     0x000000000000a7ed      0x291 build/postcar/lib/timestamp.o
 .debug_loc     0x000000000000aa7e      0x34a build/postcar/northbridge/intel/gm45/memmap.o
 .debug_loc     0x000000000000adc8      0x79c /home/jason/libreboot/libreboot_x200/coreboot-4.14/util/crossgcc/xgcc/lib/gcc/i386-elf/8.3.0/libgcc.a(_udivdi3.o)
 .debug_loc     0x000000000000b564      0x609 /home/jason/libreboot/libreboot_x200/coreboot-4.14/util/crossgcc/xgcc/lib/gcc/i386-elf/8.3.0/libgcc.a(_udivmoddi4.o)

.debug_aranges  0x0000000000000000      0xd88
 .debug_aranges
                0x0000000000000000       0x28 build/postcar/arch/x86/boot.o
 .debug_aranges
                0x0000000000000028       0x38 build/postcar/arch/x86/cf9_reset.o
 .debug_aranges
                0x0000000000000060       0x20 build/postcar/arch/x86/exit_car.o
 .debug_aranges
                0x0000000000000080       0x20 build/postcar/arch/x86/gdt_init.o
 .debug_aranges
                0x00000000000000a0       0x20 build/postcar/arch/x86/memcpy.o
 .debug_aranges
                0x00000000000000c0       0x20 build/postcar/arch/x86/memmove.o
 .debug_aranges
                0x00000000000000e0       0x20 build/postcar/arch/x86/memset.o
 .debug_aranges
                0x0000000000000100       0x28 build/postcar/arch/x86/mmap_boot.o
 .debug_aranges
                0x0000000000000128       0x20 build/postcar/arch/x86/post.o
 .debug_aranges
                0x0000000000000148       0x28 build/postcar/arch/x86/postcar.o
 .debug_aranges
                0x0000000000000170       0x28 build/postcar/arch/x86/timestamp.o
 .debug_aranges
                0x0000000000000198       0x38 build/postcar/commonlib/bsd/cbfs_mcache.o
 .debug_aranges
                0x00000000000001d0       0x48 build/postcar/commonlib/bsd/cbfs_private.o
 .debug_aranges
                0x0000000000000218       0x38 build/postcar/commonlib/bsd/lz4_wrapper.o
 .debug_aranges
                0x0000000000000250      0x130 build/postcar/commonlib/region.o
 .debug_aranges
                0x0000000000000380       0x38 build/postcar/console/console.o
 .debug_aranges
                0x00000000000003b8       0x28 build/postcar/console/die.o
 .debug_aranges
                0x00000000000003e0       0x28 build/postcar/console/init.o
 .debug_aranges
                0x0000000000000408       0x28 build/postcar/console/post.o
 .debug_aranges
                0x0000000000000430       0x60 build/postcar/console/printk.o
 .debug_aranges
                0x0000000000000490       0x28 build/postcar/console/vtxprintf.o
 .debug_aranges
                0x00000000000004b8       0x20 build/postcar/cpu/intel/car/p4-netburst/exit_car.o
 .debug_aranges
                0x00000000000004d8       0x38 build/postcar/cpu/intel/common/fsb.o
 .debug_aranges
                0x0000000000000510       0x20 build/postcar/cpu/x86/lapic/boot_cpu.o
 .debug_aranges
                0x0000000000000530       0x20 build/postcar/cpu/x86/mtrr/debug.o
 .debug_aranges
                0x0000000000000550       0x30 build/postcar/cpu/x86/smm/tseg_region.o
 .debug_aranges
                0x0000000000000580       0x30 build/postcar/cpu/x86/tsc/delay_tsc.o
 .debug_aranges
                0x00000000000005b0       0x38 build/postcar/device/pci_ops.o
 .debug_aranges
                0x00000000000005e8       0x88 build/postcar/drivers/pc80/rtc/mc146818rtc.o
 .debug_aranges
                0x0000000000000670       0x60 build/postcar/drivers/pc80/rtc/option.o
 .debug_aranges
                0x00000000000006d0       0x38 build/postcar/lib/boot_device.o
 .debug_aranges
                0x0000000000000708       0x90 build/postcar/lib/cbfs.o
 .debug_aranges
                0x0000000000000798       0x20 build/postcar/lib/cbmem_common.o
 .debug_aranges
                0x00000000000007b8       0x30 build/postcar/lib/cbmem_console.o
 .debug_aranges
                0x00000000000007e8       0x40 build/postcar/lib/ext_stage_cache.o
 .debug_aranges
                0x0000000000000828       0x60 build/postcar/lib/fmap.o
 .debug_aranges
                0x0000000000000888       0x38 build/postcar/lib/gcc.o
 .debug_aranges
                0x00000000000008c0       0x20 build/postcar/lib/halt.o
 .debug_aranges
                0x00000000000008e0       0xd8 build/postcar/lib/imd.o
 .debug_aranges
                0x00000000000009b8       0x98 build/postcar/lib/imd_cbmem.o
 .debug_aranges
                0x0000000000000a50       0x20 build/postcar/lib/lzma.o
 .debug_aranges
                0x0000000000000a70       0x28 build/postcar/lib/lzmadecode.o
 .debug_aranges
                0x0000000000000a98       0x20 build/postcar/lib/memcmp.o
 .debug_aranges
                0x0000000000000ab8       0x30 build/postcar/lib/prog_loaders.o
 .debug_aranges
                0x0000000000000ae8       0x38 build/postcar/lib/prog_ops.o
 .debug_aranges
                0x0000000000000b20       0x20 build/postcar/lib/reset.o
 .debug_aranges
                0x0000000000000b40       0x60 build/postcar/lib/rmodule.o
 .debug_aranges
                0x0000000000000ba0       0x28 build/postcar/lib/romstage_handoff.o
 .debug_aranges
                0x0000000000000bc8       0xa0 build/postcar/lib/string.o
 .debug_aranges
                0x0000000000000c68       0x58 build/postcar/lib/timestamp.o
 .debug_aranges
                0x0000000000000cc0       0x18 build/postcar/lib/version.o
 .debug_aranges
                0x0000000000000cd8       0x50 build/postcar/northbridge/intel/gm45/memmap.o
 .debug_aranges
                0x0000000000000d28       0x20 build/postcar/southbridge/intel/common/reset.o
 .debug_aranges
                0x0000000000000d48       0x20 /home/jason/libreboot/libreboot_x200/coreboot-4.14/util/crossgcc/xgcc/lib/gcc/i386-elf/8.3.0/libgcc.a(_udivdi3.o)
 .debug_aranges
                0x0000000000000d68       0x20 /home/jason/libreboot/libreboot_x200/coreboot-4.14/util/crossgcc/xgcc/lib/gcc/i386-elf/8.3.0/libgcc.a(_udivmoddi4.o)

.debug_ranges   0x0000000000000000     0x2100
 .debug_ranges  0x0000000000000000       0x18 build/postcar/arch/x86/boot.o
 .debug_ranges  0x0000000000000018       0x68 build/postcar/arch/x86/cf9_reset.o
 .debug_ranges  0x0000000000000080       0x10 build/postcar/arch/x86/memcpy.o
 .debug_ranges  0x0000000000000090       0x10 build/postcar/arch/x86/memmove.o
 .debug_ranges  0x00000000000000a0       0x10 build/postcar/arch/x86/memset.o
 .debug_ranges  0x00000000000000b0       0x18 build/postcar/arch/x86/mmap_boot.o
 .debug_ranges  0x00000000000000c8       0x10 build/postcar/arch/x86/post.o
 .debug_ranges  0x00000000000000d8       0x30 build/postcar/arch/x86/postcar.o
 .debug_ranges  0x0000000000000108       0x50 build/postcar/arch/x86/timestamp.o
 .debug_ranges  0x0000000000000158       0x78 build/postcar/commonlib/bsd/cbfs_mcache.o
 .debug_ranges  0x00000000000001d0      0x208 build/postcar/commonlib/bsd/cbfs_private.o
 .debug_ranges  0x00000000000003d8      0x180 build/postcar/commonlib/bsd/lz4_wrapper.o
 .debug_ranges  0x0000000000000558      0x238 build/postcar/commonlib/region.o
 .debug_ranges  0x0000000000000790       0x68 build/postcar/console/console.o
 .debug_ranges  0x00000000000007f8       0x18 build/postcar/console/die.o
 .debug_ranges  0x0000000000000810       0x78 build/postcar/console/init.o
 .debug_ranges  0x0000000000000888       0x18 build/postcar/console/post.o
 .debug_ranges  0x00000000000008a0       0x98 build/postcar/console/printk.o
 .debug_ranges  0x0000000000000938       0x30 build/postcar/console/vtxprintf.o
 .debug_ranges  0x0000000000000968       0xa0 build/postcar/cpu/intel/common/fsb.o
 .debug_ranges  0x0000000000000a08       0x10 build/postcar/cpu/x86/lapic/boot_cpu.o
 .debug_ranges  0x0000000000000a18       0x10 build/postcar/cpu/x86/mtrr/debug.o
 .debug_ranges  0x0000000000000a28       0x20 build/postcar/cpu/x86/smm/tseg_region.o
 .debug_ranges  0x0000000000000a48       0xf0 build/postcar/cpu/x86/tsc/delay_tsc.o
 .debug_ranges  0x0000000000000b38      0x150 build/postcar/device/pci_ops.o
 .debug_ranges  0x0000000000000c88      0x160 build/postcar/drivers/pc80/rtc/mc146818rtc.o
 .debug_ranges  0x0000000000000de8      0x1d0 build/postcar/drivers/pc80/rtc/option.o
 .debug_ranges  0x0000000000000fb8       0x58 build/postcar/lib/boot_device.o
 .debug_ranges  0x0000000000001010      0x2d8 build/postcar/lib/cbfs.o
 .debug_ranges  0x00000000000012e8       0x10 build/postcar/lib/cbmem_common.o
 .debug_ranges  0x00000000000012f8       0x38 build/postcar/lib/cbmem_console.o
 .debug_ranges  0x0000000000001330       0x68 build/postcar/lib/ext_stage_cache.o
 .debug_ranges  0x0000000000001398      0x130 build/postcar/lib/fmap.o
 .debug_ranges  0x00000000000014c8       0x28 build/postcar/lib/gcc.o
 .debug_ranges  0x00000000000014f0       0x10 build/postcar/lib/halt.o
 .debug_ranges  0x0000000000001500      0x488 build/postcar/lib/imd.o
 .debug_ranges  0x0000000000001988       0xa0 build/postcar/lib/imd_cbmem.o
 .debug_ranges  0x0000000000001a28       0x10 build/postcar/lib/lzma.o
 .debug_ranges  0x0000000000001a38      0x128 build/postcar/lib/lzmadecode.o
 .debug_ranges  0x0000000000001b60       0x10 build/postcar/lib/memcmp.o
 .debug_ranges  0x0000000000001b70       0x50 build/postcar/lib/prog_loaders.o
 .debug_ranges  0x0000000000001bc0       0x28 build/postcar/lib/prog_ops.o
 .debug_ranges  0x0000000000001be8       0x30 build/postcar/lib/reset.o
 .debug_ranges  0x0000000000001c18      0x140 build/postcar/lib/rmodule.o
 .debug_ranges  0x0000000000001d58       0x38 build/postcar/lib/romstage_handoff.o
 .debug_ranges  0x0000000000001d90       0x90 build/postcar/lib/string.o
 .debug_ranges  0x0000000000001e20      0x130 build/postcar/lib/timestamp.o
 .debug_ranges  0x0000000000001f50      0x158 build/postcar/northbridge/intel/gm45/memmap.o
 .debug_ranges  0x00000000000020a8       0x10 build/postcar/southbridge/intel/common/reset.o
 .debug_ranges  0x00000000000020b8       0x28 /home/jason/libreboot/libreboot_x200/coreboot-4.14/util/crossgcc/xgcc/lib/gcc/i386-elf/8.3.0/libgcc.a(_udivdi3.o)
 .debug_ranges  0x00000000000020e0       0x20 /home/jason/libreboot/libreboot_x200/coreboot-4.14/util/crossgcc/xgcc/lib/gcc/i386-elf/8.3.0/libgcc.a(_udivmoddi4.o)

.debug_line     0x0000000000000000     0xb346
 .debug_line    0x0000000000000000      0x1c8 build/postcar/arch/x86/boot.o
 .debug_line    0x00000000000001c8      0x200 build/postcar/arch/x86/cf9_reset.o
 .debug_line    0x00000000000003c8       0x75 build/postcar/arch/x86/exit_car.o
 .debug_line    0x000000000000043d       0x48 build/postcar/arch/x86/gdt_init.o
 .debug_line    0x0000000000000485       0x85 build/postcar/arch/x86/memcpy.o
 .debug_line    0x000000000000050a       0x7a build/postcar/arch/x86/memmove.o
 .debug_line    0x0000000000000584       0xc9 build/postcar/arch/x86/memset.o
 .debug_line    0x000000000000064d      0x109 build/postcar/arch/x86/mmap_boot.o
 .debug_line    0x0000000000000756       0xfe build/postcar/arch/x86/post.o
 .debug_line    0x0000000000000854      0x1ae build/postcar/arch/x86/postcar.o
 .debug_line    0x0000000000000a02      0x11e build/postcar/arch/x86/timestamp.o
 .debug_line    0x0000000000000b20      0x4d1 build/postcar/commonlib/bsd/cbfs_mcache.o
 .debug_line    0x0000000000000ff1      0x6e2 build/postcar/commonlib/bsd/cbfs_private.o
 .debug_line    0x00000000000016d3      0x558 build/postcar/commonlib/bsd/lz4_wrapper.o
 .debug_line    0x0000000000001c2b      0xa8a build/postcar/commonlib/region.o
 .debug_line    0x00000000000026b5      0x254 build/postcar/console/console.o
 .debug_line    0x0000000000002909       0xb4 build/postcar/console/die.o
 .debug_line    0x00000000000029bd      0x243 build/postcar/console/init.o
 .debug_line    0x0000000000002c00       0x97 build/postcar/console/post.o
 .debug_line    0x0000000000002c97      0x301 build/postcar/console/printk.o
 .debug_line    0x0000000000002f98      0x655 build/postcar/console/vtxprintf.o
 .debug_line    0x00000000000035ed       0x63 build/postcar/cpu/intel/car/p4-netburst/exit_car.o
 .debug_line    0x0000000000003650      0x3ff build/postcar/cpu/intel/common/fsb.o
 .debug_line    0x0000000000003a4f       0xa5 build/postcar/cpu/x86/lapic/boot_cpu.o
 .debug_line    0x0000000000003af4       0xa6 build/postcar/cpu/x86/mtrr/debug.o
 .debug_line    0x0000000000003b9a      0x25b build/postcar/cpu/x86/smm/tseg_region.o
 .debug_line    0x0000000000003df5      0x296 build/postcar/cpu/x86/tsc/delay_tsc.o
 .debug_line    0x000000000000408b      0x32d build/postcar/device/pci_ops.o
 .debug_line    0x00000000000043b8      0x7cc build/postcar/drivers/pc80/rtc/mc146818rtc.o
 .debug_line    0x0000000000004b84      0x845 build/postcar/drivers/pc80/rtc/option.o
 .debug_line    0x00000000000053c9      0x14f build/postcar/lib/boot_device.o
 .debug_line    0x0000000000005518      0xc3a build/postcar/lib/cbfs.o
 .debug_line    0x0000000000006152       0xaa build/postcar/lib/cbmem_common.o
 .debug_line    0x00000000000061fc      0x23c build/postcar/lib/cbmem_console.o
 .debug_line    0x0000000000006438      0x450 build/postcar/lib/ext_stage_cache.o
 .debug_line    0x0000000000006888      0x564 build/postcar/lib/fmap.o
 .debug_line    0x0000000000006dec       0x8e build/postcar/lib/gcc.o
 .debug_line    0x0000000000006e7a       0x7f build/postcar/lib/halt.o
 .debug_line    0x0000000000006ef9      0xf5f build/postcar/lib/imd.o
 .debug_line    0x0000000000007e58      0x47a build/postcar/lib/imd_cbmem.o
 .debug_line    0x00000000000082d2      0x124 build/postcar/lib/lzma.o
 .debug_line    0x00000000000083f6      0xe54 build/postcar/lib/lzmadecode.o
 .debug_line    0x000000000000924a       0x92 build/postcar/lib/memcmp.o
 .debug_line    0x00000000000092dc      0x346 build/postcar/lib/prog_loaders.o
 .debug_line    0x0000000000009622      0x180 build/postcar/lib/prog_ops.o
 .debug_line    0x00000000000097a2       0xfd build/postcar/lib/reset.o
 .debug_line    0x000000000000989f      0x64b build/postcar/lib/rmodule.o
 .debug_line    0x0000000000009eea      0x168 build/postcar/lib/romstage_handoff.o
 .debug_line    0x000000000000a052      0x4e1 build/postcar/lib/string.o
 .debug_line    0x000000000000a533      0x42e build/postcar/lib/timestamp.o
 .debug_line    0x000000000000a961       0x4b build/postcar/lib/version.o
 .debug_line    0x000000000000a9ac      0x480 build/postcar/northbridge/intel/gm45/memmap.o
 .debug_line    0x000000000000ae2c       0x82 build/postcar/southbridge/intel/common/reset.o
 .debug_line    0x000000000000aeae      0x214 /home/jason/libreboot/libreboot_x200/coreboot-4.14/util/crossgcc/xgcc/lib/gcc/i386-elf/8.3.0/libgcc.a(_udivdi3.o)
 .debug_line    0x000000000000b0c2      0x284 /home/jason/libreboot/libreboot_x200/coreboot-4.14/util/crossgcc/xgcc/lib/gcc/i386-elf/8.3.0/libgcc.a(_udivmoddi4.o)

.debug_str      0x0000000000000000     0x8b12
 .debug_str     0x0000000000000000      0x935 build/postcar/arch/x86/boot.o
                                        0xa2e (size before relaxing)
 .debug_str     0x0000000000000935       0x99 build/postcar/arch/x86/cf9_reset.o
                                        0x295 (size before relaxing)
 .debug_str     0x00000000000009ce       0x26 build/postcar/arch/x86/exit_car.o
                                         0x59 (size before relaxing)
 .debug_str     0x00000000000009f4       0x18 build/postcar/arch/x86/gdt_init.o
                                         0x59 (size before relaxing)
 .debug_str     0x0000000000000a0c       0x22 build/postcar/arch/x86/memcpy.o
                                        0x1f3 (size before relaxing)
 .debug_str     0x0000000000000a2e       0x1f build/postcar/arch/x86/memmove.o
                                        0x1f5 (size before relaxing)
 .debug_str     0x0000000000000a4d       0x36 build/postcar/arch/x86/memset.o
                                        0x207 (size before relaxing)
 .debug_str     0x0000000000000a83      0x338 build/postcar/arch/x86/mmap_boot.o
                                        0x619 (size before relaxing)
 .debug_str     0x0000000000000dbb      0x9d2 build/postcar/arch/x86/post.o
                                        0xc90 (size before relaxing)
 .debug_str     0x000000000000178d      0x91f build/postcar/arch/x86/postcar.o
                                        0xbde (size before relaxing)
 .debug_str     0x00000000000020ac       0x92 build/postcar/arch/x86/timestamp.o
                                        0x288 (size before relaxing)
 .debug_str     0x000000000000213e      0x2f6 build/postcar/commonlib/bsd/cbfs_mcache.o
                                        0x5fe (size before relaxing)
 .debug_str     0x0000000000002434      0x3d7 build/postcar/commonlib/bsd/cbfs_private.o
                                        0xb16 (size before relaxing)
 .debug_str     0x000000000000280b      0x2fa build/postcar/commonlib/bsd/lz4_wrapper.o
                                        0x53f (size before relaxing)
 .debug_str     0x0000000000002b05      0x3f3 build/postcar/commonlib/region.o
                                        0x742 (size before relaxing)
 .debug_str     0x0000000000002ef8      0x1e5 build/postcar/console/console.o
                                        0x40b (size before relaxing)
 .debug_str     0x00000000000030dd       0x37 build/postcar/console/die.o
                                        0x213 (size before relaxing)
 .debug_str     0x0000000000003114      0x29b build/postcar/console/init.o
                                       0x10d1 (size before relaxing)
 .debug_str     0x00000000000033af       0x22 build/postcar/console/post.o
                                        0x213 (size before relaxing)
 .debug_str     0x00000000000033d1      0x150 build/postcar/console/printk.o
                                        0x403 (size before relaxing)
 .debug_str     0x0000000000003521       0x6a build/postcar/console/vtxprintf.o
                                        0x298 (size before relaxing)
 .debug_str     0x000000000000358b       0x29 build/postcar/cpu/intel/car/p4-netburst/exit_car.o
                                         0x6a (size before relaxing)
 .debug_str     0x00000000000035b4       0xe7 build/postcar/cpu/intel/common/fsb.o
                                        0x306 (size before relaxing)
 .debug_str     0x000000000000369b       0x1d build/postcar/cpu/x86/lapic/boot_cpu.o
                                        0x214 (size before relaxing)
 .debug_str     0x00000000000036b8       0x56 build/postcar/cpu/x86/mtrr/debug.o
                                        0x24e (size before relaxing)
 .debug_str     0x000000000000370e       0xf3 build/postcar/cpu/x86/smm/tseg_region.o
                                        0x3af (size before relaxing)
 .debug_str     0x0000000000003801       0xd9 build/postcar/cpu/x86/tsc/delay_tsc.o
                                        0x337 (size before relaxing)
 .debug_str     0x00000000000038da      0x108 build/postcar/device/pci_ops.o
                                        0xe5e (size before relaxing)
 .debug_str     0x00000000000039e2      0x19a build/postcar/drivers/pc80/rtc/mc146818rtc.o
                                        0xf9f (size before relaxing)
 .debug_str     0x0000000000003b7c      0x54d build/postcar/drivers/pc80/rtc/option.o
                                        0xc9d (size before relaxing)
 .debug_str     0x00000000000040c9       0xd1 build/postcar/lib/boot_device.o
                                        0x387 (size before relaxing)
 .debug_str     0x000000000000419a     0x2846 build/postcar/lib/cbfs.o
                                       0x3ff8 (size before relaxing)
 .debug_str     0x00000000000069e0       0x47 build/postcar/lib/cbmem_common.o
                                        0x721 (size before relaxing)
 .debug_str     0x0000000000006a27      0x114 build/postcar/lib/cbmem_console.o
                                        0x83f (size before relaxing)
 .debug_str     0x0000000000006b3b      0x260 build/postcar/lib/ext_stage_cache.o
                                        0x8cc (size before relaxing)
 .debug_str     0x0000000000006d9b      0x1b3 build/postcar/lib/fmap.o
                                       0x3099 (size before relaxing)
 .debug_str     0x0000000000006f4e       0x92 build/postcar/lib/gcc.o
                                        0x25c (size before relaxing)
 .debug_str     0x0000000000006fe0        0xf build/postcar/lib/halt.o
                                        0x147 (size before relaxing)
 .debug_str     0x0000000000006fef      0x363 build/postcar/lib/imd.o
                                        0x6a8 (size before relaxing)
 .debug_str     0x0000000000007352      0x29e build/postcar/lib/imd_cbmem.o
                                        0xa28 (size before relaxing)
 .debug_str     0x00000000000075f0       0xaa build/postcar/lib/lzma.o
                                        0x2df (size before relaxing)
 .debug_str     0x000000000000769a      0x14e build/postcar/lib/lzmadecode.o
                                        0x3cc (size before relaxing)
 .debug_str     0x00000000000077e8       0x1b build/postcar/lib/memcmp.o
                                        0x1ac (size before relaxing)
 .debug_str     0x0000000000007803      0x107 build/postcar/lib/prog_loaders.o
                                       0x1475 (size before relaxing)
 .debug_str     0x000000000000790a       0x51 build/postcar/lib/prog_ops.o
                                        0x57b (size before relaxing)
 .debug_str     0x000000000000795b       0x1f build/postcar/lib/reset.o
                                        0x23e (size before relaxing)
 .debug_str     0x000000000000797a      0x284 build/postcar/lib/rmodule.o
                                        0xc36 (size before relaxing)
 .debug_str     0x0000000000007bfe       0x7c build/postcar/lib/romstage_handoff.o
                                        0x2c5 (size before relaxing)
 .debug_str     0x0000000000007c7a       0xd1 build/postcar/lib/string.o
                                        0x2e0 (size before relaxing)
 .debug_str     0x0000000000007d4b      0x198 build/postcar/lib/timestamp.o
                                       0x11ff (size before relaxing)
 .debug_str     0x0000000000007ee3       0x12 build/postcar/lib/version.o
                                        0x28d (size before relaxing)
 .debug_str     0x0000000000007ef5      0x1b4 build/postcar/northbridge/intel/gm45/memmap.o
                                        0xff8 (size before relaxing)
 .debug_str     0x00000000000080a9       0x25 build/postcar/southbridge/intel/common/reset.o
                                        0x174 (size before relaxing)
 .debug_str     0x00000000000080ce      0xa44 /home/jason/libreboot/libreboot_x200/coreboot-4.14/util/crossgcc/xgcc/lib/gcc/i386-elf/8.3.0/libgcc.a(_udivdi3.o)
                                        0xb5a (size before relaxing)
 .debug_str     0x0000000000008b12      0xb50 /home/jason/libreboot/libreboot_x200/coreboot-4.14/util/crossgcc/xgcc/lib/gcc/i386-elf/8.3.0/libgcc.a(_udivmoddi4.o)
